
> @saas/admin-api@0.1.0 build D:\zygProject\GitHub\saas-project\saas-api\apps\admin-api
> nest build

Found 674 error(s).

 ELIFECYCLE  Command failed with exit code 1.
[96msrc/modules/application/application.service.ts[0m:[93m284[0m:[93m17[0m - [91merror[0m[90m TS2339: [0mProperty 'mapApplicationDetail' does not exist on type 'ApplicationService'.

[7m284[0m     return this.mapApplicationDetail(application)
[7m   [0m [91m                ~~~~~~~~~~~~~~~~~~~~[0m
[96msrc/modules/application/application.service.ts[0m:[93m321[0m:[93m61[0m - [91merror[0m[90m TS2339: [0mProperty 'mapFlowApplication' does not exist on type 'ApplicationService'.

[7m321[0m       records.map((record: Record<string, unknown>) => this.mapFlowApplication(record)),
[7m   [0m [91m                                                            ~~~~~~~~~~~~~~~~~~[0m
[96msrc/modules/application/application.service.ts[0m:[93m332[0m:[93m24[0m - [91merror[0m[90m TS2339: [0mProperty 'buildOrderListWhere' does not exist on type 'ApplicationService'.

[7m332[0m     const where = this.buildOrderListWhere(query)
[7m   [0m [91m                       ~~~~~~~~~~~~~~~~~~~[0m
[96msrc/modules/application/application.service.ts[0m:[93m373[0m:[93m61[0m - [91merror[0m[90m TS2339: [0mProperty 'mapOrderListItem' does not exist on type 'ApplicationService'.

[7m373[0m       records.map((record: Record<string, unknown>) => this.mapOrderListItem(record)),
[7m   [0m [91m                                                            ~~~~~~~~~~~~~~~~[0m
[96msrc/modules/application/application.service.ts[0m:[93m380[0m:[93m17[0m - [91merror[0m[90m TS2339: [0mProperty 'atomicTransition' does not exist on type 'ApplicationService'.

[7m380[0m     return this.atomicTransition(
[7m   [0m [91m                ~~~~~~~~~~~~~~~~[0m
[96msrc/modules/application/application.service.ts[0m:[93m397[0m:[93m17[0m - [91merror[0m[90m TS2339: [0mProperty 'atomicTransition' does not exist on type 'ApplicationService'.

[7m397[0m     return this.atomicTransition(
[7m   [0m [91m                ~~~~~~~~~~~~~~~~[0m
[96msrc/modules/application/application.service.ts[0m:[93m410[0m:[93m36[0m - [91merror[0m[90m TS2339: [0mProperty 'findAndAssertStatus' does not exist on type 'ApplicationService'.

[7m410[0m     const application = await this.findAndAssertStatus(
[7m   [0m [91m                                   ~~~~~~~~~~~~~~~~~~~[0m
[96msrc/modules/application/application.service.ts[0m:[93m427[0m:[93m36[0m - [91merror[0m[90m TS2339: [0mProperty 'findAndAssertStatus' does not exist on type 'ApplicationService'.

[7m427[0m     const application = await this.findAndAssertStatus(
[7m   [0m [91m                                   ~~~~~~~~~~~~~~~~~~~[0m
[96msrc/modules/application/application.service.ts[0m:[93m455[0m:[93m36[0m - [91merror[0m[90m TS2339: [0mProperty 'findAndAssertStatus' does not exist on type 'ApplicationService'.

[7m455[0m     const application = await this.findAndAssertStatus(
[7m   [0m [91m                                   ~~~~~~~~~~~~~~~~~~~[0m
[96msrc/modules/application/application.service.ts[0m:[93m473[0m:[93m36[0m - [91merror[0m[90m TS2339: [0mProperty 'findAndAssertStatus' does not exist on type 'ApplicationService'.

[7m473[0m     const application = await this.findAndAssertStatus(
[7m   [0m [91m                                   ~~~~~~~~~~~~~~~~~~~[0m
[96msrc/modules/application/application.service.ts[0m:[93m492[0m:[93m36[0m - [91merror[0m[90m TS2339: [0mProperty 'findAndAssertStatus' does not exist on type 'ApplicationService'.

[7m492[0m     const application = await this.findAndAssertStatus(
[7m   [0m [91m                                   ~~~~~~~~~~~~~~~~~~~[0m
[96msrc/modules/application/application.service.ts[0m:[93m546[0m:[93m36[0m - [91merror[0m[90m TS2339: [0mProperty 'findAndAssertStatus' does not exist on type 'ApplicationService'.

[7m546[0m     const application = await this.findAndAssertStatus(
[7m   [0m [91m                                   ~~~~~~~~~~~~~~~~~~~[0m
[96msrc/modules/application/application.service.ts[0m:[93m563[0m:[93m36[0m - [91merror[0m[90m TS2339: [0mProperty 'findAndAssertStatus' does not exist on type 'ApplicationService'.

[7m563[0m     const application = await this.findAndAssertStatus(
[7m   [0m [91m                                   ~~~~~~~~~~~~~~~~~~~[0m
[96msrc/modules/application/application.service.ts[0m:[93m591[0m:[93m16[0m - [91merror[0m[90m TS2339: [0mProperty 'findAndAssertStatus' does not exist on type 'ApplicationService'.

[7m591[0m     await this.findAndAssertStatus(
[7m   [0m [91m               ~~~~~~~~~~~~~~~~~~~[0m
[96msrc/modules/application/application.service.ts[0m:[93m596[0m:[93m48[0m - [91merror[0m[90m TS2503: [0mCannot find namespace 'Prisma'.

[7m596[0m     return this.prisma.$transaction(async (tx: Prisma.TransactionClient) => {
[7m   [0m [91m                                               ~~~~~~[0m
[96msrc/modules/application/application.service.ts[0m:[93m618[0m:[93m16[0m - [91merror[0m[90m TS2339: [0mProperty 'findAndAssertStatus' does not exist on type 'ApplicationService'.

[7m618[0m     await this.findAndAssertStatus(
[7m   [0m [91m               ~~~~~~~~~~~~~~~~~~~[0m
[96msrc/modules/application/application.service.ts[0m:[93m623[0m:[93m48[0m - [91merror[0m[90m TS2503: [0mCannot find namespace 'Prisma'.

[7m623[0m     return this.prisma.$transaction(async (tx: Prisma.TransactionClient) => {
[7m   [0m [91m                                               ~~~~~~[0m
[96msrc/modules/application/application.service.ts[0m:[93m656[0m:[93m36[0m - [91merror[0m[90m TS2339: [0mProperty 'findAndAssertStatus' does not exist on type 'ApplicationService'.

[7m656[0m     const application = await this.findAndAssertStatus(
[7m   [0m [91m                                   ~~~~~~~~~~~~~~~~~~~[0m
[96msrc/modules/application/application.service.ts[0m:[93m694[0m:[93m16[0m - [91merror[0m[90m TS2339: [0mProperty 'findAndAssertStatus' does not exist on type 'ApplicationService'.

[7m694[0m     await this.findAndAssertStatus(
[7m   [0m [91m               ~~~~~~~~~~~~~~~~~~~[0m
[96msrc/modules/application/application.service.ts[0m:[93m718[0m:[93m16[0m - [91merror[0m[90m TS2339: [0mProperty 'findAndAssertStatus' does not exist on type 'ApplicationService'.

[7m718[0m     await this.findAndAssertStatus(
[7m   [0m [91m               ~~~~~~~~~~~~~~~~~~~[0m
[96msrc/modules/application/application.service.ts[0m:[93m742[0m:[93m16[0m - [91merror[0m[90m TS2339: [0mProperty 'findAndAssertStatus' does not exist on type 'ApplicationService'.

[7m742[0m     await this.findAndAssertStatus(
[7m   [0m [91m               ~~~~~~~~~~~~~~~~~~~[0m
[96msrc/modules/application/application.service.ts[0m:[93m747[0m:[93m48[0m - [91merror[0m[90m TS2503: [0mCannot find namespace 'Prisma'.

[7m747[0m     return this.prisma.$transaction(async (tx: Prisma.TransactionClient) => {
[7m   [0m [91m                                               ~~~~~~[0m
[96msrc/modules/application/application.service.ts[0m:[93m764[0m:[93m36[0m - [91merror[0m[90m TS2339: [0mProperty 'findAndAssertStatus' does not exist on type 'ApplicationService'.

[7m764[0m     const application = await this.findAndAssertStatus(
[7m   [0m [91m                                   ~~~~~~~~~~~~~~~~~~~[0m
[96msrc/modules/application/application.service.ts[0m:[93m769[0m:[93m48[0m - [91merror[0m[90m TS2503: [0mCannot find namespace 'Prisma'.

[7m769[0m     return this.prisma.$transaction(async (tx: Prisma.TransactionClient) => {
[7m   [0m [91m                                               ~~~~~~[0m
[96msrc/modules/application/application.service.ts[0m:[93m796[0m:[93m18[0m - [91merror[0m[90m TS2339: [0mProperty 'createRepaymentPlansIfNeeded' does not exist on type 'ApplicationService'.

[7m796[0m       await this.createRepaymentPlansIfNeeded(tx, application, dto)
[7m   [0m [91m                 ~~~~~~~~~~~~~~~~~~~~~~~~~~~~[0m
[96msrc/modules/application/application.service.ts[0m:[93m812[0m:[93m48[0m - [91merror[0m[90m TS2503: [0mCannot find namespace 'Prisma'.

[7m812[0m     return this.prisma.$transaction(async (tx: Prisma.TransactionClient) => {
[7m   [0m [91m                                               ~~~~~~[0m
[96msrc/modules/application/application.service.ts[0m:[93m814[0m:[93m21[0m - [91merror[0m[90m TS2339: [0mProperty 'addTenantId' does not exist on type 'ApplicationService'.

[7m814[0m         where: this.addTenantId({ id: planId })
[7m   [0m [91m                    ~~~~~~~~~~~[0m
[96msrc/modules/application/application.service.ts[0m:[93m856[0m:[93m36[0m - [91merror[0m[90m TS2339: [0mProperty 'findAndAssertStatus' does not exist on type 'ApplicationService'.

[7m856[0m     const application = await this.findAndAssertStatus(
[7m   [0m [91m                                   ~~~~~~~~~~~~~~~~~~~[0m
[96msrc/modules/application/application.service.ts[0m:[93m861[0m:[93m48[0m - [91merror[0m[90m TS2503: [0mCannot find namespace 'Prisma'.

[7m861[0m     return this.prisma.$transaction(async (tx: Prisma.TransactionClient) => {
[7m   [0m [91m                                               ~~~~~~[0m
[96msrc/modules/application/application.service.ts[0m:[93m886[0m:[93m19[0m - [91merror[0m[90m TS2339: [0mProperty 'addTenantId' does not exist on type 'ApplicationService'.

[7m886[0m       where: this.addTenantId({ id })
[7m   [0m [91m                  ~~~~~~~~~~~[0m
[96msrc/modules/application/application.service.ts[0m:[93m987[0m:[93m24[0m - [91merror[0m[90m TS18046: [0m'model.findFirst' is of type 'unknown'.

[7m987[0m     const item = await model.findFirst({ where })
[7m   [0m [91m                       ~~~~~~~~~~~~~~~[0m
[96msrc/modules/application/application.service.ts[0m:[93m1044[0m:[93m43[0m - [91merror[0m[90m TS2339: [0mProperty 'findAndAssertStatus' does not exist on type 'ApplicationService'.

[7m1044[0m     if (!preLoadedApplication) await this.findAndAssertStatus(id, allowedStatuses, statusMessage)
[7m    [0m [91m                                          ~~~~~~~~~~~~~~~~~~~[0m
[96msrc/modules/application/application.service.ts[0m:[93m1045[0m:[93m48[0m - [91merror[0m[90m TS2503: [0mCannot find namespace 'Prisma'.

[7m1045[0m     return this.prisma.$transaction(async (tx: Prisma.TransactionClient) => {
[7m    [0m [91m                                               ~~~~~~[0m
[96msrc/modules/application/application.service.ts[0m:[93m1069[0m:[93m3[0m - [91merror[0m[90m TS1127: [0mInvalid character.

[7m1069[0m   「读 + 状态校验 + 写」，避免 TOCTOU 竞态。
[7m    [0m [91m  ~[0m
[96msrc/modules/application/application.service.ts[0m:[93m1069[0m:[93m4[0m - [91merror[0m[90m TS1434: [0mUnexpected keyword or identifier.

[7m1069[0m   「读 + 状态校验 + 写」，避免 TOCTOU 竞态。
[7m    [0m [91m   ~[0m
[96msrc/modules/application/application.service.ts[0m:[93m1069[0m:[93m6[0m - [91merror[0m[90m TS1068: [0mUnexpected token. A constructor, method, accessor, or property was expected.

[7m1069[0m   「读 + 状态校验 + 写」，避免 TOCTOU 竞态。
[7m    [0m [91m     ~[0m
[96msrc/modules/application/application.service.ts[0m:[93m1069[0m:[93m8[0m - [91merror[0m[90m TS2304: [0mCannot find name '状态校验'.

[7m1069[0m   「读 + 状态校验 + 写」，避免 TOCTOU 竞态。
[7m    [0m [91m       ~~~~[0m
[96msrc/modules/application/application.service.ts[0m:[93m1069[0m:[93m15[0m - [91merror[0m[90m TS2304: [0mCannot find name '写'.

[7m1069[0m   「读 + 状态校验 + 写」，避免 TOCTOU 竞态。
[7m    [0m [91m              ~[0m
[96msrc/modules/application/application.service.ts[0m:[93m1069[0m:[93m16[0m - [91merror[0m[90m TS1127: [0mInvalid character.

[7m1069[0m   「读 + 状态校验 + 写」，避免 TOCTOU 竞态。
[7m    [0m [91m               ~[0m
[96msrc/modules/application/application.service.ts[0m:[93m1069[0m:[93m17[0m - [91merror[0m[90m TS1127: [0mInvalid character.

[7m1069[0m   「读 + 状态校验 + 写」，避免 TOCTOU 竞态。
[7m    [0m [91m                ~[0m
[96msrc/modules/application/application.service.ts[0m:[93m1069[0m:[93m18[0m - [91merror[0m[90m TS1434: [0mUnexpected keyword or identifier.

[7m1069[0m   「读 + 状态校验 + 写」，避免 TOCTOU 竞态。
[7m    [0m [91m                 ~~[0m
[96msrc/modules/application/application.service.ts[0m:[93m1069[0m:[93m18[0m - [91merror[0m[90m TS2304: [0mCannot find name '避免'.

[7m1069[0m   「读 + 状态校验 + 写」，避免 TOCTOU 竞态。
[7m    [0m [91m                 ~~[0m
[96msrc/modules/application/application.service.ts[0m:[93m1069[0m:[93m21[0m - [91merror[0m[90m TS1434: [0mUnexpected keyword or identifier.

[7m1069[0m   「读 + 状态校验 + 写」，避免 TOCTOU 竞态。
[7m    [0m [91m                    ~~~~~~[0m
[96msrc/modules/application/application.service.ts[0m:[93m1069[0m:[93m21[0m - [91merror[0m[90m TS2304: [0mCannot find name 'TOCTOU'.

[7m1069[0m   「读 + 状态校验 + 写」，避免 TOCTOU 竞态。
[7m    [0m [91m                    ~~~~~~[0m
[96msrc/modules/application/application.service.ts[0m:[93m1069[0m:[93m28[0m - [91merror[0m[90m TS2304: [0mCannot find name '竞态'.

[7m1069[0m   「读 + 状态校验 + 写」，避免 TOCTOU 竞态。
[7m    [0m [91m                           ~~[0m
[96msrc/modules/application/application.service.ts[0m:[93m1069[0m:[93m30[0m - [91merror[0m[90m TS1127: [0mInvalid character.

[7m1069[0m   「读 + 状态校验 + 写」，避免 TOCTOU 竞态。
[7m    [0m [91m                             ~[0m
[96msrc/modules/application/application.service.ts[0m:[93m1070[0m:[93m4[0m - [91merror[0m[90m TS1109: [0mExpression expected.

[7m1070[0m    * 用于不需要读取 application 其他字段的简单状态变更。
[7m    [0m [91m   ~[0m
[96msrc/modules/application/application.service.ts[0m:[93m1070[0m:[93m6[0m - [91merror[0m[90m TS2304: [0mCannot find name '用于不需要读取'.

[7m1070[0m    * 用于不需要读取 application 其他字段的简单状态变更。
[7m    [0m [91m     ~~~~~~~[0m
[96msrc/modules/application/application.service.ts[0m:[93m1070[0m:[93m14[0m - [91merror[0m[90m TS1005: [0m';' expected.

[7m1070[0m    * 用于不需要读取 application 其他字段的简单状态变更。
[7m    [0m [91m             ~~~~~~~~~~~[0m
[96msrc/modules/application/application.service.ts[0m:[93m1070[0m:[93m14[0m - [91merror[0m[90m TS2304: [0mCannot find name 'application'.

[7m1070[0m    * 用于不需要读取 application 其他字段的简单状态变更。
[7m    [0m [91m             ~~~~~~~~~~~[0m
[96msrc/modules/application/application.service.ts[0m:[93m1070[0m:[93m26[0m - [91merror[0m[90m TS2304: [0mCannot find name '其他字段的简单状态变更'.

[7m1070[0m    * 用于不需要读取 application 其他字段的简单状态变更。
[7m    [0m [91m                         ~~~~~~~~~~~[0m
[96msrc/modules/application/application.service.ts[0m:[93m1070[0m:[93m37[0m - [91merror[0m[90m TS1127: [0mInvalid character.

[7m1070[0m    * 用于不需要读取 application 其他字段的简单状态变更。
[7m    [0m [91m                                    ~[0m
[96msrc/modules/application/application.service.ts[0m:[93m1071[0m:[93m4[0m - [91merror[0m[90m TS1109: [0mExpression expected.

[7m1071[0m    */
[7m    [0m [91m   ~[0m
[96msrc/modules/application/application.service.ts[0m:[93m1071[0m:[93m5[0m - [91merror[0m[90m TS1161: [0mUnterminated regular expression literal.

[7m1071[0m    */
[7m    [0m [91m    ~[0m
[96msrc/modules/application/application.service.ts[0m:[93m1071[0m:[93m5[0m - [91merror[0m[90m TS2363: [0mThe right-hand side of an arithmetic operation must be of type 'any', 'number', 'bigint' or an enum type.

[7m1071[0m    */
[7m    [0m [91m    ~[0m
[96msrc/modules/application/application.service.ts[0m:[93m1073[0m:[93m3[0m - [91merror[0m[90m TS1128: [0mDeclaration or statement expected.

[7m1073[0m   private async atomicTransition(
[7m    [0m [91m  ~~~~~~~[0m
[96msrc/modules/application/application.service.ts[0m:[93m1073[0m:[93m11[0m - [91merror[0m[90m TS1434: [0mUnexpected keyword or identifier.

[7m1073[0m   private async atomicTransition(
[7m    [0m [91m          ~~~~~[0m
[96msrc/modules/application/application.service.ts[0m:[93m1073[0m:[93m11[0m - [91merror[0m[90m TS2304: [0mCannot find name 'async'.

[7m1073[0m   private async atomicTransition(
[7m    [0m [91m          ~~~~~[0m
[96msrc/modules/application/application.service.ts[0m:[93m1073[0m:[93m17[0m - [91merror[0m[90m TS2304: [0mCannot find name 'atomicTransition'.

[7m1073[0m   private async atomicTransition(
[7m    [0m [91m                ~~~~~~~~~~~~~~~~[0m
[96msrc/modules/application/application.service.ts[0m:[93m1074[0m:[93m5[0m - [91merror[0m[90m TS2304: [0mCannot find name 'id'.

[7m1074[0m     id: number,
[7m    [0m [91m    ~~[0m
[96msrc/modules/application/application.service.ts[0m:[93m1074[0m:[93m7[0m - [91merror[0m[90m TS1005: [0m',' expected.

[7m1074[0m     id: number,
[7m    [0m [91m      ~[0m
[96msrc/modules/application/application.service.ts[0m:[93m1074[0m:[93m9[0m - [91merror[0m[90m TS2693: [0m'number' only refers to a type, but is being used as a value here.

[7m1074[0m     id: number,
[7m    [0m [91m        ~~~~~~[0m
[96msrc/modules/application/application.service.ts[0m:[93m1075[0m:[93m5[0m - [91merror[0m[90m TS2304: [0mCannot find name 'allowedStatuses'.

[7m1075[0m     allowedStatuses: ApplicationStatus[],
[7m    [0m [91m    ~~~~~~~~~~~~~~~[0m
[96msrc/modules/application/application.service.ts[0m:[93m1075[0m:[93m20[0m - [91merror[0m[90m TS1005: [0m',' expected.

[7m1075[0m     allowedStatuses: ApplicationStatus[],
[7m    [0m [91m                   ~[0m
[96msrc/modules/application/application.service.ts[0m:[93m1075[0m:[93m40[0m - [91merror[0m[90m TS1011: [0mAn element access expression should take an argument.

[7m1075[0m     allowedStatuses: ApplicationStatus[],
[7m    [0m [91m                                       [0m
[96msrc/modules/application/application.service.ts[0m:[93m1076[0m:[93m5[0m - [91merror[0m[90m TS2304: [0mCannot find name 'statusMessage'.

[7m1076[0m     statusMessage: string,
[7m    [0m [91m    ~~~~~~~~~~~~~[0m
[96msrc/modules/application/application.service.ts[0m:[93m1076[0m:[93m18[0m - [91merror[0m[90m TS1005: [0m',' expected.

[7m1076[0m     statusMessage: string,
[7m    [0m [91m                 ~[0m
[96msrc/modules/application/application.service.ts[0m:[93m1076[0m:[93m20[0m - [91merror[0m[90m TS2693: [0m'string' only refers to a type, but is being used as a value here.

[7m1076[0m     statusMessage: string,
[7m    [0m [91m                   ~~~~~~[0m
[96msrc/modules/application/application.service.ts[0m:[93m1077[0m:[93m5[0m - [91merror[0m[90m TS2304: [0mCannot find name 'updateData'.

[7m1077[0m     updateData: Record<string, unknown>
[7m    [0m [91m    ~~~~~~~~~~[0m
[96msrc/modules/application/application.service.ts[0m:[93m1077[0m:[93m15[0m - [91merror[0m[90m TS1005: [0m',' expected.

[7m1077[0m     updateData: Record<string, unknown>
[7m    [0m [91m              ~[0m
[96msrc/modules/application/application.service.ts[0m:[93m1077[0m:[93m17[0m - [91merror[0m[90m TS2693: [0m'Record' only refers to a type, but is being used as a value here.

[7m1077[0m     updateData: Record<string, unknown>
[7m    [0m [91m                ~~~~~~[0m
[96msrc/modules/application/application.service.ts[0m:[93m1078[0m:[93m5[0m - [91merror[0m[90m TS1005: [0m';' expected.

[7m1078[0m   ) {
[7m    [0m [91m    ~[0m
[96msrc/modules/application/application.service.ts[0m:[93m1080[0m:[93m46[0m - [91merror[0m[90m TS18004: [0mNo value exists in scope for the shorthand property 'id'. Either declare one or provide an initializer.

[7m1080[0m     const where: Record<string, unknown> = { id, status: { in: allowedStatuses } }
[7m    [0m [91m                                             ~~[0m
[96msrc/modules/application/application.service.ts[0m:[93m1080[0m:[93m64[0m - [91merror[0m[90m TS2304: [0mCannot find name 'allowedStatuses'.

[7m1080[0m     const where: Record<string, unknown> = { id, status: { in: allowedStatuses } }
[7m    [0m [91m                                                               ~~~~~~~~~~~~~~~[0m
[96msrc/modules/application/application.service.ts[0m:[93m1082[0m:[93m31[0m - [91merror[0m[90m TS2532: [0mObject is possibly 'undefined'.

[7m1082[0m     const application = await this.prisma.application.findFirst({ where })
[7m    [0m [91m                              ~~~~[0m
[96msrc/modules/application/application.service.ts[0m:[93m1084[0m:[93m28[0m - [91merror[0m[90m TS2532: [0mObject is possibly 'undefined'.

[7m1084[0m       const exists = await this.prisma.application.findFirst({
[7m    [0m [91m                           ~~~~[0m
[96msrc/modules/application/application.service.ts[0m:[93m1085[0m:[93m29[0m - [91merror[0m[90m TS18004: [0mNo value exists in scope for the shorthand property 'id'. Either declare one or provide an initializer.

[7m1085[0m         where: tenantId ? { id, tenantId } : { id }
[7m    [0m [91m                            ~~[0m
[96msrc/modules/application/application.service.ts[0m:[93m1085[0m:[93m48[0m - [91merror[0m[90m TS18004: [0mNo value exists in scope for the shorthand property 'id'. Either declare one or provide an initializer.

[7m1085[0m         where: tenantId ? { id, tenantId } : { id }
[7m    [0m [91m                                               ~~[0m
[96msrc/modules/application/application.service.ts[0m:[93m1088[0m:[93m37[0m - [91merror[0m[90m TS2304: [0mCannot find name 'statusMessage'.

[7m1088[0m       throw new BadRequestException(statusMessage)
[7m    [0m [91m                                    ~~~~~~~~~~~~~[0m
[96msrc/modules/application/application.service.ts[0m:[93m1090[0m:[93m12[0m - [91merror[0m[90m TS2532: [0mObject is possibly 'undefined'.

[7m1090[0m     return this.prisma.application.update({ where: { id }, data: updateData })
[7m    [0m [91m           ~~~~[0m
[96msrc/modules/application/application.service.ts[0m:[93m1096[0m:[93m3[0m - [91merror[0m[90m TS1128: [0mDeclaration or statement expected.

[7m1096[0m   private addTenantId(where: Record<string, unknown>): Record<string, unknown> {
[7m    [0m [91m  ~~~~~~~[0m
[96msrc/modules/application/application.service.ts[0m:[93m1096[0m:[93m11[0m - [91merror[0m[90m TS2304: [0mCannot find name 'addTenantId'.

[7m1096[0m   private addTenantId(where: Record<string, unknown>): Record<string, unknown> {
[7m    [0m [91m          ~~~~~~~~~~~[0m
[96msrc/modules/application/application.service.ts[0m:[93m1096[0m:[93m23[0m - [91merror[0m[90m TS2304: [0mCannot find name 'where'.

[7m1096[0m   private addTenantId(where: Record<string, unknown>): Record<string, unknown> {
[7m    [0m [91m                      ~~~~~[0m
[96msrc/modules/application/application.service.ts[0m:[93m1096[0m:[93m28[0m - [91merror[0m[90m TS1005: [0m',' expected.

[7m1096[0m   private addTenantId(where: Record<string, unknown>): Record<string, unknown> {
[7m    [0m [91m                           ~[0m
[96msrc/modules/application/application.service.ts[0m:[93m1096[0m:[93m30[0m - [91merror[0m[90m TS2693: [0m'Record' only refers to a type, but is being used as a value here.

[7m1096[0m   private addTenantId(where: Record<string, unknown>): Record<string, unknown> {
[7m    [0m [91m                             ~~~~~~[0m
[96msrc/modules/application/application.service.ts[0m:[93m1096[0m:[93m54[0m - [91merror[0m[90m TS1005: [0m';' expected.

[7m1096[0m   private addTenantId(where: Record<string, unknown>): Record<string, unknown> {
[7m    [0m [91m                                                     ~[0m
[96msrc/modules/application/application.service.ts[0m:[93m1096[0m:[93m56[0m - [91merror[0m[90m TS2693: [0m'Record' only refers to a type, but is being used as a value here.

[7m1096[0m   private addTenantId(where: Record<string, unknown>): Record<string, unknown> {
[7m    [0m [91m                                                       ~~~~~~[0m
[96msrc/modules/application/application.service.ts[0m:[93m1096[0m:[93m56[0m - [91merror[0m[90m TS2695: [0mLeft side of comma operator is unused and has no side effects.

[7m1096[0m   private addTenantId(where: Record<string, unknown>): Record<string, unknown> {
[7m    [0m [91m                                                       ~~~~~~~~~~~~~[0m
[96msrc/modules/application/application.service.ts[0m:[93m1096[0m:[93m63[0m - [91merror[0m[90m TS2693: [0m'string' only refers to a type, but is being used as a value here.

[7m1096[0m   private addTenantId(where: Record<string, unknown>): Record<string, unknown> {
[7m    [0m [91m                                                              ~~~~~~[0m
[96msrc/modules/application/application.service.ts[0m:[93m1096[0m:[93m71[0m - [91merror[0m[90m TS2693: [0m'unknown' only refers to a type, but is being used as a value here.

[7m1096[0m   private addTenantId(where: Record<string, unknown>): Record<string, unknown> {
[7m    [0m [91m                                                                      ~~~~~~~[0m
[96msrc/modules/application/application.service.ts[0m:[93m1097[0m:[93m11[0m - [91merror[0m[90m TS1005: [0m':' expected.

[7m1097[0m     const tenantId = getCurrentTenantId()
[7m    [0m [91m          ~~~~~~~~[0m
[96msrc/modules/application/application.service.ts[0m:[93m1097[0m:[93m11[0m - [91merror[0m[90m TS2304: [0mCannot find name 'tenantId'.

[7m1097[0m     const tenantId = getCurrentTenantId()
[7m    [0m [91m          ~~~~~~~~[0m
[96msrc/modules/application/application.service.ts[0m:[93m1098[0m:[93m5[0m - [91merror[0m[90m TS1005: [0m',' expected.

[7m1098[0m     if (!tenantId) return where
[7m    [0m [91m    ~~[0m
[96msrc/modules/application/application.service.ts[0m:[93m1098[0m:[93m9[0m - [91merror[0m[90m TS1003: [0mIdentifier expected.

[7m1098[0m     if (!tenantId) return where
[7m    [0m [91m        ~[0m
[96msrc/modules/application/application.service.ts[0m:[93m1098[0m:[93m20[0m - [91merror[0m[90m TS1005: [0m'{' expected.

[7m1098[0m     if (!tenantId) return where
[7m    [0m [91m                   ~~~~~~[0m
[96msrc/modules/application/application.service.ts[0m:[93m1098[0m:[93m27[0m - [91merror[0m[90m TS1005: [0m':' expected.

[7m1098[0m     if (!tenantId) return where
[7m    [0m [91m                          ~~~~~[0m
[96msrc/modules/application/application.service.ts[0m:[93m1098[0m:[93m27[0m - [91merror[0m[90m TS2304: [0mCannot find name 'where'.

[7m1098[0m     if (!tenantId) return where
[7m    [0m [91m                          ~~~~~[0m
[96msrc/modules/application/application.service.ts[0m:[93m1099[0m:[93m5[0m - [91merror[0m[90m TS1005: [0m',' expected.

[7m1099[0m     return { ...where, tenantId }
[7m    [0m [91m    ~~~~~~[0m
[96msrc/modules/application/application.service.ts[0m:[93m1099[0m:[93m12[0m - [91merror[0m[90m TS1005: [0m':' expected.

[7m1099[0m     return { ...where, tenantId }
[7m    [0m [91m           ~[0m
[96msrc/modules/application/application.service.ts[0m:[93m1099[0m:[93m17[0m - [91merror[0m[90m TS2304: [0mCannot find name 'where'.

[7m1099[0m     return { ...where, tenantId }
[7m    [0m [91m                ~~~~~[0m
[96msrc/modules/application/application.service.ts[0m:[93m1099[0m:[93m24[0m - [91merror[0m[90m TS18004: [0mNo value exists in scope for the shorthand property 'tenantId'. Either declare one or provide an initializer.

[7m1099[0m     return { ...where, tenantId }
[7m    [0m [91m                       ~~~~~~~~[0m
[96msrc/modules/application/application.service.ts[0m:[93m1106[0m:[93m3[0m - [91merror[0m[90m TS1128: [0mDeclaration or statement expected.

[7m1106[0m   private async findAndAssertStatus(
[7m    [0m [91m  ~~~~~~~[0m
[96msrc/modules/application/application.service.ts[0m:[93m1106[0m:[93m11[0m - [91merror[0m[90m TS1434: [0mUnexpected keyword or identifier.

[7m1106[0m   private async findAndAssertStatus(
[7m    [0m [91m          ~~~~~[0m
[96msrc/modules/application/application.service.ts[0m:[93m1106[0m:[93m11[0m - [91merror[0m[90m TS2304: [0mCannot find name 'async'.

[7m1106[0m   private async findAndAssertStatus(
[7m    [0m [91m          ~~~~~[0m
[96msrc/modules/application/application.service.ts[0m:[93m1106[0m:[93m17[0m - [91merror[0m[90m TS2304: [0mCannot find name 'findAndAssertStatus'.

[7m1106[0m   private async findAndAssertStatus(
[7m    [0m [91m                ~~~~~~~~~~~~~~~~~~~[0m
[96msrc/modules/application/application.service.ts[0m:[93m1107[0m:[93m5[0m - [91merror[0m[90m TS2304: [0mCannot find name 'id'.

[7m1107[0m     id: number,
[7m    [0m [91m    ~~[0m
[96msrc/modules/application/application.service.ts[0m:[93m1107[0m:[93m7[0m - [91merror[0m[90m TS1005: [0m',' expected.

[7m1107[0m     id: number,
[7m    [0m [91m      ~[0m
[96msrc/modules/application/application.service.ts[0m:[93m1107[0m:[93m9[0m - [91merror[0m[90m TS2693: [0m'number' only refers to a type, but is being used as a value here.

[7m1107[0m     id: number,
[7m    [0m [91m        ~~~~~~[0m
[96msrc/modules/application/application.service.ts[0m:[93m1108[0m:[93m5[0m - [91merror[0m[90m TS2304: [0mCannot find name 'allowedStatuses'.

[7m1108[0m     allowedStatuses: ApplicationStatus[],
[7m    [0m [91m    ~~~~~~~~~~~~~~~[0m
[96msrc/modules/application/application.service.ts[0m:[93m1108[0m:[93m20[0m - [91merror[0m[90m TS1005: [0m',' expected.

[7m1108[0m     allowedStatuses: ApplicationStatus[],
[7m    [0m [91m                   ~[0m
[96msrc/modules/application/application.service.ts[0m:[93m1108[0m:[93m40[0m - [91merror[0m[90m TS1011: [0mAn element access expression should take an argument.

[7m1108[0m     allowedStatuses: ApplicationStatus[],
[7m    [0m [91m                                       [0m
[96msrc/modules/application/application.service.ts[0m:[93m1109[0m:[93m5[0m - [91merror[0m[90m TS2304: [0mCannot find name 'statusMessage'.

[7m1109[0m     statusMessage: string
[7m    [0m [91m    ~~~~~~~~~~~~~[0m
[96msrc/modules/application/application.service.ts[0m:[93m1109[0m:[93m18[0m - [91merror[0m[90m TS1005: [0m',' expected.

[7m1109[0m     statusMessage: string
[7m    [0m [91m                 ~[0m
[96msrc/modules/application/application.service.ts[0m:[93m1109[0m:[93m20[0m - [91merror[0m[90m TS2693: [0m'string' only refers to a type, but is being used as a value here.

[7m1109[0m     statusMessage: string
[7m    [0m [91m                   ~~~~~~[0m
[96msrc/modules/application/application.service.ts[0m:[93m1110[0m:[93m5[0m - [91merror[0m[90m TS1005: [0m';' expected.

[7m1110[0m   ) {
[7m    [0m [91m    ~[0m
[96msrc/modules/application/application.service.ts[0m:[93m1111[0m:[93m31[0m - [91merror[0m[90m TS2532: [0mObject is possibly 'undefined'.

[7m1111[0m     const application = await this.prisma.application.findFirst({
[7m    [0m [91m                              ~~~~[0m
[96msrc/modules/application/application.service.ts[0m:[93m1112[0m:[93m14[0m - [91merror[0m[90m TS2532: [0mObject is possibly 'undefined'.

[7m1112[0m       where: this.addTenantId({ id, status: { in: allowedStatuses } })
[7m    [0m [91m             ~~~~[0m
[96msrc/modules/application/application.service.ts[0m:[93m1112[0m:[93m33[0m - [91merror[0m[90m TS18004: [0mNo value exists in scope for the shorthand property 'id'. Either declare one or provide an initializer.

[7m1112[0m       where: this.addTenantId({ id, status: { in: allowedStatuses } })
[7m    [0m [91m                                ~~[0m
[96msrc/modules/application/application.service.ts[0m:[93m1112[0m:[93m51[0m - [91merror[0m[90m TS2304: [0mCannot find name 'allowedStatuses'.

[7m1112[0m       where: this.addTenantId({ id, status: { in: allowedStatuses } })
[7m    [0m [91m                                                  ~~~~~~~~~~~~~~~[0m
[96msrc/modules/application/application.service.ts[0m:[93m1115[0m:[93m28[0m - [91merror[0m[90m TS2532: [0mObject is possibly 'undefined'.

[7m1115[0m       const exists = await this.prisma.application.findFirst({ where: this.addTenantId({ id }) })
[7m    [0m [91m                           ~~~~[0m
[96msrc/modules/application/application.service.ts[0m:[93m1115[0m:[93m71[0m - [91merror[0m[90m TS2532: [0mObject is possibly 'undefined'.

[7m1115[0m       const exists = await this.prisma.application.findFirst({ where: this.addTenantId({ id }) })
[7m    [0m [91m                                                                      ~~~~[0m
[96msrc/modules/application/application.service.ts[0m:[93m1115[0m:[93m90[0m - [91merror[0m[90m TS18004: [0mNo value exists in scope for the shorthand property 'id'. Either declare one or provide an initializer.

[7m1115[0m       const exists = await this.prisma.application.findFirst({ where: this.addTenantId({ id }) })
[7m    [0m [91m                                                                                         ~~[0m
[96msrc/modules/application/application.service.ts[0m:[93m1117[0m:[93m37[0m - [91merror[0m[90m TS2304: [0mCannot find name 'statusMessage'.

[7m1117[0m       throw new BadRequestException(statusMessage)
[7m    [0m [91m                                    ~~~~~~~~~~~~~[0m
[96msrc/modules/application/application.service.ts[0m:[93m1122[0m:[93m3[0m - [91merror[0m[90m TS1128: [0mDeclaration or statement expected.

[7m1122[0m   private assertStatus(current: ApplicationStatus, allowed: ApplicationStatus[], message: string) {
[7m    [0m [91m  ~~~~~~~[0m
[96msrc/modules/application/application.service.ts[0m:[93m1122[0m:[93m11[0m - [91merror[0m[90m TS2304: [0mCannot find name 'assertStatus'.

[7m1122[0m   private assertStatus(current: ApplicationStatus, allowed: ApplicationStatus[], message: string) {
[7m    [0m [91m          ~~~~~~~~~~~~[0m
[96msrc/modules/application/application.service.ts[0m:[93m1122[0m:[93m24[0m - [91merror[0m[90m TS2304: [0mCannot find name 'current'.

[7m1122[0m   private assertStatus(current: ApplicationStatus, allowed: ApplicationStatus[], message: string) {
[7m    [0m [91m                       ~~~~~~~[0m
[96msrc/modules/application/application.service.ts[0m:[93m1122[0m:[93m31[0m - [91merror[0m[90m TS1005: [0m',' expected.

[7m1122[0m   private assertStatus(current: ApplicationStatus, allowed: ApplicationStatus[], message: string) {
[7m    [0m [91m                              ~[0m
[96msrc/modules/application/application.service.ts[0m:[93m1122[0m:[93m52[0m - [91merror[0m[90m TS2304: [0mCannot find name 'allowed'.

[7m1122[0m   private assertStatus(current: ApplicationStatus, allowed: ApplicationStatus[], message: string) {
[7m    [0m [91m                                                   ~~~~~~~[0m
[96msrc/modules/application/application.service.ts[0m:[93m1122[0m:[93m59[0m - [91merror[0m[90m TS1005: [0m',' expected.

[7m1122[0m   private assertStatus(current: ApplicationStatus, allowed: ApplicationStatus[], message: string) {
[7m    [0m [91m                                                          ~[0m
[96msrc/modules/application/application.service.ts[0m:[93m1122[0m:[93m79[0m - [91merror[0m[90m TS1011: [0mAn element access expression should take an argument.

[7m1122[0m   private assertStatus(current: ApplicationStatus, allowed: ApplicationStatus[], message: string) {
[7m    [0m [91m                                                                              [0m
[96msrc/modules/application/application.service.ts[0m:[93m1122[0m:[93m82[0m - [91merror[0m[90m TS2304: [0mCannot find name 'message'.

[7m1122[0m   private assertStatus(current: ApplicationStatus, allowed: ApplicationStatus[], message: string) {
[7m    [0m [91m                                                                                 ~~~~~~~[0m
[96msrc/modules/application/application.service.ts[0m:[93m1122[0m:[93m89[0m - [91merror[0m[90m TS1005: [0m',' expected.

[7m1122[0m   private assertStatus(current: ApplicationStatus, allowed: ApplicationStatus[], message: string) {
[7m    [0m [91m                                                                                        ~[0m
[96msrc/modules/application/application.service.ts[0m:[93m1122[0m:[93m91[0m - [91merror[0m[90m TS2693: [0m'string' only refers to a type, but is being used as a value here.

[7m1122[0m   private assertStatus(current: ApplicationStatus, allowed: ApplicationStatus[], message: string) {
[7m    [0m [91m                                                                                          ~~~~~~[0m
[96msrc/modules/application/application.service.ts[0m:[93m1122[0m:[93m99[0m - [91merror[0m[90m TS1005: [0m';' expected.

[7m1122[0m   private assertStatus(current: ApplicationStatus, allowed: ApplicationStatus[], message: string) {
[7m    [0m [91m                                                                                                  ~[0m
[96msrc/modules/application/application.service.ts[0m:[93m1123[0m:[93m10[0m - [91merror[0m[90m TS2304: [0mCannot find name 'allowed'.

[7m1123[0m     if (!allowed.includes(current)) throw new BadRequestException(message)
[7m    [0m [91m         ~~~~~~~[0m
[96msrc/modules/application/application.service.ts[0m:[93m1123[0m:[93m27[0m - [91merror[0m[90m TS2304: [0mCannot find name 'current'.

[7m1123[0m     if (!allowed.includes(current)) throw new BadRequestException(message)
[7m    [0m [91m                          ~~~~~~~[0m
[96msrc/modules/application/application.service.ts[0m:[93m1123[0m:[93m67[0m - [91merror[0m[90m TS2304: [0mCannot find name 'message'.

[7m1123[0m     if (!allowed.includes(current)) throw new BadRequestException(message)
[7m    [0m [91m                                                                  ~~~~~~~[0m
[96msrc/modules/application/application.service.ts[0m:[93m1126[0m:[93m3[0m - [91merror[0m[90m TS1128: [0mDeclaration or statement expected.

[7m1126[0m   private buildOrderListWhere(query: OrderListQueryDto) {
[7m    [0m [91m  ~~~~~~~[0m
[96msrc/modules/application/application.service.ts[0m:[93m1126[0m:[93m11[0m - [91merror[0m[90m TS2304: [0mCannot find name 'buildOrderListWhere'.

[7m1126[0m   private buildOrderListWhere(query: OrderListQueryDto) {
[7m    [0m [91m          ~~~~~~~~~~~~~~~~~~~[0m
[96msrc/modules/application/application.service.ts[0m:[93m1126[0m:[93m31[0m - [91merror[0m[90m TS2304: [0mCannot find name 'query'.

[7m1126[0m   private buildOrderListWhere(query: OrderListQueryDto) {
[7m    [0m [91m                              ~~~~~[0m
[96msrc/modules/application/application.service.ts[0m:[93m1126[0m:[93m36[0m - [91merror[0m[90m TS1005: [0m',' expected.

[7m1126[0m   private buildOrderListWhere(query: OrderListQueryDto) {
[7m    [0m [91m                                   ~[0m
[96msrc/modules/application/application.service.ts[0m:[93m1126[0m:[93m57[0m - [91merror[0m[90m TS1005: [0m';' expected.

[7m1126[0m   private buildOrderListWhere(query: OrderListQueryDto) {
[7m    [0m [91m                                                        ~[0m
[96msrc/modules/application/application.service.ts[0m:[93m1130[0m:[93m23[0m - [91merror[0m[90m TS2304: [0mCannot find name 'query'.

[7m1130[0m     if (hasQueryValue(query.orgId)) where.orgId = query.orgId
[7m    [0m [91m                      ~~~~~[0m
[96msrc/modules/application/application.service.ts[0m:[93m1130[0m:[93m51[0m - [91merror[0m[90m TS2304: [0mCannot find name 'query'.

[7m1130[0m     if (hasQueryValue(query.orgId)) where.orgId = query.orgId
[7m    [0m [91m                                                  ~~~~~[0m
[96msrc/modules/application/application.service.ts[0m:[93m1131[0m:[93m23[0m - [91merror[0m[90m TS2304: [0mCannot find name 'query'.

[7m1131[0m     if (hasQueryValue(query.status)) where.status = query.status
[7m    [0m [91m                      ~~~~~[0m
[96msrc/modules/application/application.service.ts[0m:[93m1131[0m:[93m53[0m - [91merror[0m[90m TS2304: [0mCannot find name 'query'.

[7m1131[0m     if (hasQueryValue(query.status)) where.status = query.status
[7m    [0m [91m                                                    ~~~~~[0m
[96msrc/modules/application/application.service.ts[0m:[93m1132[0m:[93m23[0m - [91merror[0m[90m TS2304: [0mCannot find name 'query'.

[7m1132[0m     if (hasQueryValue(query.customerId)) where.customerId = query.customerId
[7m    [0m [91m                      ~~~~~[0m
[96msrc/modules/application/application.service.ts[0m:[93m1132[0m:[93m61[0m - [91merror[0m[90m TS2304: [0mCannot find name 'query'.

[7m1132[0m     if (hasQueryValue(query.customerId)) where.customerId = query.customerId
[7m    [0m [91m                                                            ~~~~~[0m
[96msrc/modules/application/application.service.ts[0m:[93m1133[0m:[93m23[0m - [91merror[0m[90m TS2304: [0mCannot find name 'query'.

[7m1133[0m     if (hasQueryValue(query.creatorId)) where.creatorId = query.creatorId
[7m    [0m [91m                      ~~~~~[0m
[96msrc/modules/application/application.service.ts[0m:[93m1133[0m:[93m59[0m - [91merror[0m[90m TS2304: [0mCannot find name 'query'.

[7m1133[0m     if (hasQueryValue(query.creatorId)) where.creatorId = query.creatorId
[7m    [0m [91m                                                          ~~~~~[0m
[96msrc/modules/application/application.service.ts[0m:[93m1134[0m:[93m23[0m - [91merror[0m[90m TS2304: [0mCannot find name 'query'.

[7m1134[0m     if (hasQueryValue(query.businessType)) where.businessType = query.businessType
[7m    [0m [91m                      ~~~~~[0m
[96msrc/modules/application/application.service.ts[0m:[93m1134[0m:[93m65[0m - [91merror[0m[90m TS2304: [0mCannot find name 'query'.

[7m1134[0m     if (hasQueryValue(query.businessType)) where.businessType = query.businessType
[7m    [0m [91m                                                                ~~~~~[0m
[96msrc/modules/application/application.service.ts[0m:[93m1136[0m:[93m22[0m - [91merror[0m[90m TS2304: [0mCannot find name 'query'.

[7m1136[0m     const nodeCode = query.currentNode ?? query.nodeCode
[7m    [0m [91m                     ~~~~~[0m
[96msrc/modules/application/application.service.ts[0m:[93m1136[0m:[93m43[0m - [91merror[0m[90m TS2304: [0mCannot find name 'query'.

[7m1136[0m     const nodeCode = query.currentNode ?? query.nodeCode
[7m    [0m [91m                                          ~~~~~[0m
[96msrc/modules/application/application.service.ts[0m:[93m1137[0m:[93m24[0m - [91merror[0m[90m TS2304: [0mCannot find name 'query'.

[7m1137[0m     const nodeStatus = query.currentStatus ?? query.nodeStatus
[7m    [0m [91m                       ~~~~~[0m
[96msrc/modules/application/application.service.ts[0m:[93m1137[0m:[93m47[0m - [91merror[0m[90m TS2304: [0mCannot find name 'query'.

[7m1137[0m     const nodeStatus = query.currentStatus ?? query.nodeStatus
[7m    [0m [91m                                              ~~~~~[0m
[96msrc/modules/application/application.service.ts[0m:[93m1139[0m:[93m28[0m - [91merror[0m[90m TS2304: [0mCannot find name 'query'.

[7m1139[0m     else if (hasQueryValue(query.phaseCode)) {
[7m    [0m [91m                           ~~~~~[0m
[96msrc/modules/application/application.service.ts[0m:[93m1140[0m:[93m32[0m - [91merror[0m[90m TS2304: [0mCannot find name 'query'.

[7m1140[0m       const phaseCode = Number(query.phaseCode)
[7m    [0m [91m                               ~~~~~[0m
[96msrc/modules/application/application.service.ts[0m:[93m1148[0m:[93m38[0m - [91merror[0m[90m TS2304: [0mCannot find name 'query'.

[7m1148[0m     const orderNo = firstQueryString(query.applicationNo, query.orderNo, query.creditOrderId)
[7m    [0m [91m                                     ~~~~~[0m
[96msrc/modules/application/application.service.ts[0m:[93m1148[0m:[93m59[0m - [91merror[0m[90m TS2304: [0mCannot find name 'query'.

[7m1148[0m     const orderNo = firstQueryString(query.applicationNo, query.orderNo, query.creditOrderId)
[7m    [0m [91m                                                          ~~~~~[0m
[96msrc/modules/application/application.service.ts[0m:[93m1148[0m:[93m74[0m - [91merror[0m[90m TS2304: [0mCannot find name 'query'.

[7m1148[0m     const orderNo = firstQueryString(query.applicationNo, query.orderNo, query.creditOrderId)
[7m    [0m [91m                                                                         ~~~~~[0m
[96msrc/modules/application/application.service.ts[0m:[93m1152[0m:[93m41[0m - [91merror[0m[90m TS2304: [0mCannot find name 'query'.

[7m1152[0m     const personName = firstQueryString(query.personName, query.customerName, query.name)
[7m    [0m [91m                                        ~~~~~[0m
[96msrc/modules/application/application.service.ts[0m:[93m1152[0m:[93m59[0m - [91merror[0m[90m TS2304: [0mCannot find name 'query'.

[7m1152[0m     const personName = firstQueryString(query.personName, query.customerName, query.name)
[7m    [0m [91m                                                          ~~~~~[0m
[96msrc/modules/application/application.service.ts[0m:[93m1152[0m:[93m79[0m - [91merror[0m[90m TS2304: [0mCannot find name 'query'.

[7m1152[0m     const personName = firstQueryString(query.personName, query.customerName, query.name)
[7m    [0m [91m                                                                              ~~~~~[0m
[96msrc/modules/application/application.service.ts[0m:[93m1155[0m:[93m36[0m - [91merror[0m[90m TS2304: [0mCannot find name 'query'.

[7m1155[0m     const phone = firstQueryString(query.phone, query.telephone)
[7m    [0m [91m                                   ~~~~~[0m
[96msrc/modules/application/application.service.ts[0m:[93m1155[0m:[93m49[0m - [91merror[0m[90m TS2304: [0mCannot find name 'query'.

[7m1155[0m     const phone = firstQueryString(query.phone, query.telephone)
[7m    [0m [91m                                                ~~~~~[0m
[96msrc/modules/application/application.service.ts[0m:[93m1158[0m:[93m42[0m - [91merror[0m[90m TS2304: [0mCannot find name 'query'.

[7m1158[0m     const plateNumber = firstQueryString(query.plateNumber)
[7m    [0m [91m                                         ~~~~~[0m
[96msrc/modules/application/application.service.ts[0m:[93m1171[0m:[93m38[0m - [91merror[0m[90m TS2304: [0mCannot find name 'query'.

[7m1171[0m     const keyword = firstQueryString(query.keyword)
[7m    [0m [91m                                     ~~~~~[0m
[96msrc/modules/application/application.service.ts[0m:[93m1190[0m:[93m3[0m - [91merror[0m[90m TS1128: [0mDeclaration or statement expected.

[7m1190[0m   private mapOrderListItem(application: Record<string, unknown>) {
[7m    [0m [91m  ~~~~~~~[0m
[96msrc/modules/application/application.service.ts[0m:[93m1190[0m:[93m11[0m - [91merror[0m[90m TS2304: [0mCannot find name 'mapOrderListItem'.

[7m1190[0m   private mapOrderListItem(application: Record<string, unknown>) {
[7m    [0m [91m          ~~~~~~~~~~~~~~~~[0m
[96msrc/modules/application/application.service.ts[0m:[93m1190[0m:[93m28[0m - [91merror[0m[90m TS2304: [0mCannot find name 'application'.

[7m1190[0m   private mapOrderListItem(application: Record<string, unknown>) {
[7m    [0m [91m                           ~~~~~~~~~~~[0m
[96msrc/modules/application/application.service.ts[0m:[93m1190[0m:[93m39[0m - [91merror[0m[90m TS1005: [0m',' expected.

[7m1190[0m   private mapOrderListItem(application: Record<string, unknown>) {
[7m    [0m [91m                                      ~[0m
[96msrc/modules/application/application.service.ts[0m:[93m1190[0m:[93m41[0m - [91merror[0m[90m TS2693: [0m'Record' only refers to a type, but is being used as a value here.

[7m1190[0m   private mapOrderListItem(application: Record<string, unknown>) {
[7m    [0m [91m                                        ~~~~~~[0m
[96msrc/modules/application/application.service.ts[0m:[93m1190[0m:[93m66[0m - [91merror[0m[90m TS1005: [0m';' expected.

[7m1190[0m   private mapOrderListItem(application: Record<string, unknown>) {
[7m    [0m [91m                                                                 ~[0m
[96msrc/modules/application/application.service.ts[0m:[93m1191[0m:[93m22[0m - [91merror[0m[90m TS2304: [0mCannot find name 'application'.

[7m1191[0m     const customer = application.customer
[7m    [0m [91m                     ~~~~~~~~~~~[0m
[96msrc/modules/application/application.service.ts[0m:[93m1193[0m:[93m32[0m - [91merror[0m[90m TS2304: [0mCannot find name 'application'.

[7m1193[0m     const currentNode = Number(application.currentNode)
[7m    [0m [91m                               ~~~~~~~~~~~[0m
[96msrc/modules/application/application.service.ts[0m:[93m1194[0m:[93m34[0m - [91merror[0m[90m TS2304: [0mCannot find name 'application'.

[7m1194[0m     const currentStatus = Number(application.currentStatus)
[7m    [0m [91m                                 ~~~~~~~~~~~[0m
[96msrc/modules/application/application.service.ts[0m:[93m1195[0m:[93m23[0m - [91merror[0m[90m TS2532: [0mObject is possibly 'undefined'.

[7m1195[0m     const phaseCode = this.resolveFlowPhaseCode(application)
[7m    [0m [91m                      ~~~~[0m
[96msrc/modules/application/application.service.ts[0m:[93m1195[0m:[93m49[0m - [91merror[0m[90m TS2304: [0mCannot find name 'application'.

[7m1195[0m     const phaseCode = this.resolveFlowPhaseCode(application)
[7m    [0m [91m                                                ~~~~~~~~~~~[0m
[96msrc/modules/application/application.service.ts[0m:[93m1196[0m:[93m22[0m - [91merror[0m[90m TS2532: [0mObject is possibly 'undefined'.

[7m1196[0m     const nodeName = this.resolveFlowNodeName(application)
[7m    [0m [91m                     ~~~~[0m
[96msrc/modules/application/application.service.ts[0m:[93m1196[0m:[93m47[0m - [91merror[0m[90m TS2304: [0mCannot find name 'application'.

[7m1196[0m     const nodeName = this.resolveFlowNodeName(application)
[7m    [0m [91m                                              ~~~~~~~~~~~[0m
[96msrc/modules/application/application.service.ts[0m:[93m1197[0m:[93m72[0m - [91merror[0m[90m TS2304: [0mCannot find name 'application'.

[7m1197[0m     const nodeStatusName = FLOW_STATUS_LABELS[currentStatus] || String(application.currentStatus)
[7m    [0m [91m                                                                       ~~~~~~~~~~~[0m
[96msrc/modules/application/application.service.ts[0m:[93m1200[0m:[93m11[0m - [91merror[0m[90m TS2304: [0mCannot find name 'application'.

[7m1200[0m       id: application.id,
[7m    [0m [91m          ~~~~~~~~~~~[0m
[96msrc/modules/application/application.service.ts[0m:[93m1201[0m:[93m16[0m - [91merror[0m[90m TS2304: [0mCannot find name 'application'.

[7m1201[0m       orgName: application.org?.name,
[7m    [0m [91m               ~~~~~~~~~~~[0m
[96msrc/modules/application/application.service.ts[0m:[93m1208[0m:[93m22[0m - [91merror[0m[90m TS2304: [0mCannot find name 'application'.

[7m1208[0m       applicationNo: application.applicationNo,
[7m    [0m [91m                     ~~~~~~~~~~~[0m
[96msrc/modules/application/application.service.ts[0m:[93m1209[0m:[93m16[0m - [91merror[0m[90m TS2304: [0mCannot find name 'application'.

[7m1209[0m       orderNo: application.applicationNo,
[7m    [0m [91m               ~~~~~~~~~~~[0m
[96msrc/modules/application/application.service.ts[0m:[93m1210[0m:[93m22[0m - [91merror[0m[90m TS2304: [0mCannot find name 'application'.

[7m1210[0m       creditOrderId: application.applicationNo,
[7m    [0m [91m                     ~~~~~~~~~~~[0m
[96msrc/modules/application/application.service.ts[0m:[93m1211[0m:[93m15[0m - [91merror[0m[90m TS2304: [0mCannot find name 'application'.

[7m1211[0m       amount: application.amount,
[7m    [0m [91m              ~~~~~~~~~~~[0m
[96msrc/modules/application/application.service.ts[0m:[93m1212[0m:[93m13[0m - [91merror[0m[90m TS2304: [0mCannot find name 'application'.

[7m1212[0m       term: application.term,
[7m    [0m [91m            ~~~~~~~~~~~[0m
[96msrc/modules/application/application.service.ts[0m:[93m1213[0m:[93m13[0m - [91merror[0m[90m TS2304: [0mCannot find name 'application'.

[7m1213[0m       rate: application.rate,
[7m    [0m [91m            ~~~~~~~~~~~[0m
[96msrc/modules/application/application.service.ts[0m:[93m1214[0m:[93m23[0m - [91merror[0m[90m TS2304: [0mCannot find name 'application'.

[7m1214[0m       approvedAmount: application.approvedAmount,
[7m    [0m [91m                      ~~~~~~~~~~~[0m
[96msrc/modules/application/application.service.ts[0m:[93m1215[0m:[93m21[0m - [91merror[0m[90m TS2304: [0mCannot find name 'application'.

[7m1215[0m       approvedTerm: application.approvedTerm,
[7m    [0m [91m                    ~~~~~~~~~~~[0m
[96msrc/modules/application/application.service.ts[0m:[93m1216[0m:[93m21[0m - [91merror[0m[90m TS2304: [0mCannot find name 'application'.

[7m1216[0m       approvedRate: application.approvedRate,
[7m    [0m [91m                    ~~~~~~~~~~~[0m
[96msrc/modules/application/application.service.ts[0m:[93m1217[0m:[93m15[0m - [91merror[0m[90m TS2304: [0mCannot find name 'application'.

[7m1217[0m       status: application.status,
[7m    [0m [91m              ~~~~~~~~~~~[0m
[96msrc/modules/application/application.service.ts[0m:[93m1227[0m:[93m18[0m - [91merror[0m[90m TS2532: [0mObject is possibly 'undefined'.

[7m1227[0m       phaseName: this.resolveFlowPhaseName(application, phaseCode),
[7m    [0m [91m                 ~~~~[0m
[96msrc/modules/application/application.service.ts[0m:[93m1228[0m:[93m20[0m - [91merror[0m[90m TS2304: [0mCannot find name 'application'.

[7m1228[0m       productName: application.product?.name,
[7m    [0m [91m                   ~~~~~~~~~~~[0m
[96msrc/modules/application/application.service.ts[0m:[93m1229[0m:[93m19[0m - [91merror[0m[90m TS2304: [0mCannot find name 'application'.

[7m1229[0m       funderName: application.funder?.name,
[7m    [0m [91m                  ~~~~~~~~~~~[0m
[96msrc/modules/application/application.service.ts[0m:[93m1230[0m:[93m20[0m - [91merror[0m[90m TS2304: [0mCannot find name 'application'.

[7m1230[0m       creatorName: application.creator?.nickName || application.creator?.userName,
[7m    [0m [91m                   ~~~~~~~~~~~[0m
[96msrc/modules/application/application.service.ts[0m:[93m1230[0m:[93m53[0m - [91merror[0m[90m TS2304: [0mCannot find name 'application'.

[7m1230[0m       creatorName: application.creator?.nickName || application.creator?.userName,
[7m    [0m [91m                                                    ~~~~~~~~~~~[0m
[96msrc/modules/application/application.service.ts[0m:[93m1231[0m:[93m18[0m - [91merror[0m[90m TS2304: [0mCannot find name 'application'.

[7m1231[0m       createdAt: application.createdAt,
[7m    [0m [91m                 ~~~~~~~~~~~[0m
[96msrc/modules/application/application.service.ts[0m:[93m1232[0m:[93m18[0m - [91merror[0m[90m TS2304: [0mCannot find name 'application'.

[7m1232[0m       updatedAt: application.updatedAt
[7m    [0m [91m                 ~~~~~~~~~~~[0m
[96msrc/modules/application/application.service.ts[0m:[93m1236[0m:[93m3[0m - [91merror[0m[90m TS1128: [0mDeclaration or statement expected.

[7m1236[0m   private mapApplicationDetail(application: Record<string, unknown>) {
[7m    [0m [91m  ~~~~~~~[0m
[96msrc/modules/application/application.service.ts[0m:[93m1236[0m:[93m11[0m - [91merror[0m[90m TS2304: [0mCannot find name 'mapApplicationDetail'.

[7m1236[0m   private mapApplicationDetail(application: Record<string, unknown>) {
[7m    [0m [91m          ~~~~~~~~~~~~~~~~~~~~[0m
[96msrc/modules/application/application.service.ts[0m:[93m1236[0m:[93m32[0m - [91merror[0m[90m TS2304: [0mCannot find name 'application'.

[7m1236[0m   private mapApplicationDetail(application: Record<string, unknown>) {
[7m    [0m [91m                               ~~~~~~~~~~~[0m
[96msrc/modules/application/application.service.ts[0m:[93m1236[0m:[93m43[0m - [91merror[0m[90m TS1005: [0m',' expected.

[7m1236[0m   private mapApplicationDetail(application: Record<string, unknown>) {
[7m    [0m [91m                                          ~[0m
[96msrc/modules/application/application.service.ts[0m:[93m1236[0m:[93m45[0m - [91merror[0m[90m TS2693: [0m'Record' only refers to a type, but is being used as a value here.

[7m1236[0m   private mapApplicationDetail(application: Record<string, unknown>) {
[7m    [0m [91m                                            ~~~~~~[0m
[96msrc/modules/application/application.service.ts[0m:[93m1236[0m:[93m70[0m - [91merror[0m[90m TS1005: [0m';' expected.

[7m1236[0m   private mapApplicationDetail(application: Record<string, unknown>) {
[7m    [0m [91m                                                                     ~[0m
[96msrc/modules/application/application.service.ts[0m:[93m1237[0m:[93m22[0m - [91merror[0m[90m TS2304: [0mCannot find name 'application'.

[7m1237[0m     const customer = application.customer
[7m    [0m [91m                     ~~~~~~~~~~~[0m
[96msrc/modules/application/application.service.ts[0m:[93m1240[0m:[93m32[0m - [91merror[0m[90m TS2304: [0mCannot find name 'application'.

[7m1240[0m     const currentNode = Number(application.currentNode)
[7m    [0m [91m                               ~~~~~~~~~~~[0m
[96msrc/modules/application/application.service.ts[0m:[93m1241[0m:[93m34[0m - [91merror[0m[90m TS2304: [0mCannot find name 'application'.

[7m1241[0m     const currentStatus = Number(application.currentStatus)
[7m    [0m [91m                                 ~~~~~~~~~~~[0m
[96msrc/modules/application/application.service.ts[0m:[93m1242[0m:[93m23[0m - [91merror[0m[90m TS2532: [0mObject is possibly 'undefined'.

[7m1242[0m     const phaseCode = this.resolveFlowPhaseCode(application)
[7m    [0m [91m                      ~~~~[0m
[96msrc/modules/application/application.service.ts[0m:[93m1242[0m:[93m49[0m - [91merror[0m[90m TS2304: [0mCannot find name 'application'.

[7m1242[0m     const phaseCode = this.resolveFlowPhaseCode(application)
[7m    [0m [91m                                                ~~~~~~~~~~~[0m
[96msrc/modules/application/application.service.ts[0m:[93m1243[0m:[93m29[0m - [91merror[0m[90m TS2532: [0mObject is possibly 'undefined'.

[7m1243[0m     const currentNodeName = this.resolveFlowNodeName(application)
[7m    [0m [91m                            ~~~~[0m
[96msrc/modules/application/application.service.ts[0m:[93m1243[0m:[93m54[0m - [91merror[0m[90m TS2304: [0mCannot find name 'application'.

[7m1243[0m     const currentNodeName = this.resolveFlowNodeName(application)
[7m    [0m [91m                                                     ~~~~~~~~~~~[0m
[96msrc/modules/application/application.service.ts[0m:[93m1244[0m:[93m75[0m - [91merror[0m[90m TS2304: [0mCannot find name 'application'.

[7m1244[0m     const currentStatusName = FLOW_STATUS_LABELS[currentStatus] || String(application.currentStatus)
[7m    [0m [91m                                                                          ~~~~~~~~~~~[0m
[96msrc/modules/application/application.service.ts[0m:[93m1245[0m:[93m19[0m - [91merror[0m[90m TS2532: [0mObject is possibly 'undefined'.

[7m1245[0m     const files = this.mapDetailFiles(application.files)
[7m    [0m [91m                  ~~~~[0m
[96msrc/modules/application/application.service.ts[0m:[93m1245[0m:[93m39[0m - [91merror[0m[90m TS2304: [0mCannot find name 'application'.

[7m1245[0m     const files = this.mapDetailFiles(application.files)
[7m    [0m [91m                                      ~~~~~~~~~~~[0m
[96msrc/modules/application/application.service.ts[0m:[93m1246[0m:[93m24[0m - [91merror[0m[90m TS2532: [0mObject is possibly 'undefined'.

[7m1246[0m     const repayments = this.mapRepayments(application.repayments)
[7m    [0m [91m                       ~~~~[0m
[96msrc/modules/application/application.service.ts[0m:[93m1246[0m:[93m43[0m - [91merror[0m[90m TS2304: [0mCannot find name 'application'.

[7m1246[0m     const repayments = this.mapRepayments(application.repayments)
[7m    [0m [91m                                          ~~~~~~~~~~~[0m
[96msrc/modules/application/application.service.ts[0m:[93m1249[0m:[93m11[0m - [91merror[0m[90m TS2304: [0mCannot find name 'application'.

[7m1249[0m       id: application.id,
[7m    [0m [91m          ~~~~~~~~~~~[0m
[96msrc/modules/application/application.service.ts[0m:[93m1250[0m:[93m22[0m - [91merror[0m[90m TS2304: [0mCannot find name 'application'.

[7m1250[0m       applicationNo: application.applicationNo,
[7m    [0m [91m                     ~~~~~~~~~~~[0m
[96msrc/modules/application/application.service.ts[0m:[93m1251[0m:[93m16[0m - [91merror[0m[90m TS2304: [0mCannot find name 'application'.

[7m1251[0m       orderNo: application.applicationNo,
[7m    [0m [91m               ~~~~~~~~~~~[0m
[96msrc/modules/application/application.service.ts[0m:[93m1252[0m:[93m22[0m - [91merror[0m[90m TS2304: [0mCannot find name 'application'.

[7m1252[0m       creditOrderId: application.applicationNo,
[7m    [0m [91m                     ~~~~~~~~~~~[0m
[96msrc/modules/application/application.service.ts[0m:[93m1261[0m:[93m20[0m - [91merror[0m[90m TS2304: [0mCannot find name 'application'.

[7m1261[0m       productName: application.product?.name || '',
[7m    [0m [91m                   ~~~~~~~~~~~[0m
[96msrc/modules/application/application.service.ts[0m:[93m1262[0m:[93m19[0m - [91merror[0m[90m TS2304: [0mCannot find name 'application'.

[7m1262[0m       funderName: application.funder?.name || '',
[7m    [0m [91m                  ~~~~~~~~~~~[0m
[96msrc/modules/application/application.service.ts[0m:[93m1263[0m:[93m16[0m - [91merror[0m[90m TS2304: [0mCannot find name 'application'.

[7m1263[0m       orgName: application.org?.name || '',
[7m    [0m [91m               ~~~~~~~~~~~[0m
[96msrc/modules/application/application.service.ts[0m:[93m1264[0m:[93m15[0m - [91merror[0m[90m TS2304: [0mCannot find name 'application'.

[7m1264[0m       amount: application.amount,
[7m    [0m [91m              ~~~~~~~~~~~[0m
[96msrc/modules/application/application.service.ts[0m:[93m1265[0m:[93m13[0m - [91merror[0m[90m TS2304: [0mCannot find name 'application'.

[7m1265[0m       term: application.term,
[7m    [0m [91m            ~~~~~~~~~~~[0m
[96msrc/modules/application/application.service.ts[0m:[93m1266[0m:[93m13[0m - [91merror[0m[90m TS2304: [0mCannot find name 'application'.

[7m1266[0m       rate: application.rate,
[7m    [0m [91m            ~~~~~~~~~~~[0m
[96msrc/modules/application/application.service.ts[0m:[93m1267[0m:[93m23[0m - [91merror[0m[90m TS2304: [0mCannot find name 'application'.

[7m1267[0m       approvedAmount: application.approvedAmount,
[7m    [0m [91m                      ~~~~~~~~~~~[0m
[96msrc/modules/application/application.service.ts[0m:[93m1268[0m:[93m21[0m - [91merror[0m[90m TS2304: [0mCannot find name 'application'.

[7m1268[0m       approvedTerm: application.approvedTerm,
[7m    [0m [91m                    ~~~~~~~~~~~[0m
[96msrc/modules/application/application.service.ts[0m:[93m1269[0m:[93m21[0m - [91merror[0m[90m TS2304: [0mCannot find name 'application'.

[7m1269[0m       approvedRate: application.approvedRate,
[7m    [0m [91m                    ~~~~~~~~~~~[0m
[96msrc/modules/application/application.service.ts[0m:[93m1270[0m:[93m24[0m - [91merror[0m[90m TS2304: [0mCannot find name 'application'.

[7m1270[0m       repaymentMethod: application.repaymentMethod,
[7m    [0m [91m                       ~~~~~~~~~~~[0m
[96msrc/modules/application/application.service.ts[0m:[93m1271[0m:[93m16[0m - [91merror[0m[90m TS2304: [0mCannot find name 'application'.

[7m1271[0m       purpose: application.purpose,
[7m    [0m [91m               ~~~~~~~~~~~[0m
[96msrc/modules/application/application.service.ts[0m:[93m1272[0m:[93m15[0m - [91merror[0m[90m TS2304: [0mCannot find name 'application'.

[7m1272[0m       status: application.status,
[7m    [0m [91m              ~~~~~~~~~~~[0m
[96msrc/modules/application/application.service.ts[0m:[93m1273[0m:[93m21[0m - [91merror[0m[90m TS2304: [0mCannot find name 'application'.

[7m1273[0m       businessType: application.businessType,
[7m    [0m [91m                    ~~~~~~~~~~~[0m
[96msrc/modules/application/application.service.ts[0m:[93m1281[0m:[93m18[0m - [91merror[0m[90m TS2532: [0mObject is possibly 'undefined'.

[7m1281[0m       phaseName: this.resolveFlowPhaseName(application, phaseCode),
[7m    [0m [91m                 ~~~~[0m
[96msrc/modules/application/application.service.ts[0m:[93m1282[0m:[93m25[0m - [91merror[0m[90m TS2304: [0mCannot find name 'application'.

[7m1282[0m       supplementReason: application.supplementReason,
[7m    [0m [91m                        ~~~~~~~~~~~[0m
[96msrc/modules/application/application.service.ts[0m:[93m1283[0m:[93m27[0m - [91merror[0m[90m TS2304: [0mCannot find name 'application'.

[7m1283[0m       supplementDeadline: application.supplementDeadline,
[7m    [0m [91m                          ~~~~~~~~~~~[0m
[96msrc/modules/application/application.service.ts[0m:[93m1284[0m:[93m15[0m - [91merror[0m[90m TS2304: [0mCannot find name 'application'.

[7m1284[0m       remark: application.remark,
[7m    [0m [91m              ~~~~~~~~~~~[0m
[96msrc/modules/application/application.service.ts[0m:[93m1285[0m:[93m20[0m - [91merror[0m[90m TS2304: [0mCannot find name 'application'.

[7m1285[0m       creatorName: application.creator?.nickName || application.creator?.userName,
[7m    [0m [91m                   ~~~~~~~~~~~[0m
[96msrc/modules/application/application.service.ts[0m:[93m1285[0m:[93m53[0m - [91merror[0m[90m TS2304: [0mCannot find name 'application'.

[7m1285[0m       creatorName: application.creator?.nickName || application.creator?.userName,
[7m    [0m [91m                                                    ~~~~~~~~~~~[0m
[96msrc/modules/application/application.service.ts[0m:[93m1286[0m:[93m18[0m - [91merror[0m[90m TS2304: [0mCannot find name 'application'.

[7m1286[0m       createdAt: application.createdAt,
[7m    [0m [91m                 ~~~~~~~~~~~[0m
[96msrc/modules/application/application.service.ts[0m:[93m1287[0m:[93m18[0m - [91merror[0m[90m TS2304: [0mCannot find name 'application'.

[7m1287[0m       updatedAt: application.updatedAt,
[7m    [0m [91m                 ~~~~~~~~~~~[0m
[96msrc/modules/application/application.service.ts[0m:[93m1288[0m:[93m14[0m - [91merror[0m[90m TS2532: [0mObject is possibly 'undefined'.

[7m1288[0m       order: this.mapDetailOrder(
[7m    [0m [91m             ~~~~[0m
[96msrc/modules/application/application.service.ts[0m:[93m1296[0m:[93m28[0m - [91merror[0m[90m TS2532: [0mObject is possibly 'undefined'.

[7m1296[0m       customer: customer ? this.mapDetailCustomer(customer) : undefined,
[7m    [0m [91m                           ~~~~[0m
[96msrc/modules/application/application.service.ts[0m:[93m1297[0m:[93m26[0m - [91merror[0m[90m TS2532: [0mObject is possibly 'undefined'.

[7m1297[0m       vehicle: vehicle ? this.mapDetailVehicle(vehicle) : undefined,
[7m    [0m [91m                         ~~~~[0m
[96msrc/modules/application/application.service.ts[0m:[93m1298[0m:[93m65[0m - [91merror[0m[90m TS2532: [0mObject is possibly 'undefined'.

[7m1298[0m       vehicles: vehicles.map((item: Record<string, unknown>) => this.mapDetailVehicle(item)),
[7m    [0m [91m                                                                ~~~~[0m
[96msrc/modules/application/application.service.ts[0m:[93m1299[0m:[93m16[0m - [91merror[0m[90m TS2304: [0mCannot find name 'application'.

[7m1299[0m       product: application.product ? this.mapDetailProduct(application.product) : undefined,
[7m    [0m [91m               ~~~~~~~~~~~[0m
[96msrc/modules/application/application.service.ts[0m:[93m1299[0m:[93m38[0m - [91merror[0m[90m TS2532: [0mObject is possibly 'undefined'.

[7m1299[0m       product: application.product ? this.mapDetailProduct(application.product) : undefined,
[7m    [0m [91m                                     ~~~~[0m
[96msrc/modules/application/application.service.ts[0m:[93m1299[0m:[93m60[0m - [91merror[0m[90m TS2304: [0mCannot find name 'application'.

[7m1299[0m       product: application.product ? this.mapDetailProduct(application.product) : undefined,
[7m    [0m [91m                                                           ~~~~~~~~~~~[0m
[96msrc/modules/application/application.service.ts[0m:[93m1300[0m:[93m15[0m - [91merror[0m[90m TS2304: [0mCannot find name 'application'.

[7m1300[0m       funder: application.funder ? this.mapDetailFunder(application.funder) : undefined,
[7m    [0m [91m              ~~~~~~~~~~~[0m
[96msrc/modules/application/application.service.ts[0m:[93m1300[0m:[93m36[0m - [91merror[0m[90m TS2532: [0mObject is possibly 'undefined'.

[7m1300[0m       funder: application.funder ? this.mapDetailFunder(application.funder) : undefined,
[7m    [0m [91m                                   ~~~~[0m
[96msrc/modules/application/application.service.ts[0m:[93m1300[0m:[93m57[0m - [91merror[0m[90m TS2304: [0mCannot find name 'application'.

[7m1300[0m       funder: application.funder ? this.mapDetailFunder(application.funder) : undefined,
[7m    [0m [91m                                                        ~~~~~~~~~~~[0m
[96msrc/modules/application/application.service.ts[0m:[93m1301[0m:[93m12[0m - [91merror[0m[90m TS2304: [0mCannot find name 'application'.

[7m1301[0m       org: application.org ? this.mapDetailOrg(application.org) : undefined,
[7m    [0m [91m           ~~~~~~~~~~~[0m
[96msrc/modules/application/application.service.ts[0m:[93m1301[0m:[93m30[0m - [91merror[0m[90m TS2532: [0mObject is possibly 'undefined'.

[7m1301[0m       org: application.org ? this.mapDetailOrg(application.org) : undefined,
[7m    [0m [91m                             ~~~~[0m
[96msrc/modules/application/application.service.ts[0m:[93m1301[0m:[93m48[0m - [91merror[0m[90m TS2304: [0mCannot find name 'application'.

[7m1301[0m       org: application.org ? this.mapDetailOrg(application.org) : undefined,
[7m    [0m [91m                                               ~~~~~~~~~~~[0m
[96msrc/modules/application/application.service.ts[0m:[93m1302[0m:[93m16[0m - [91merror[0m[90m TS2304: [0mCannot find name 'application'.

[7m1302[0m       creator: application.creator ? this.mapDetailCreator(application.creator) : undefined,
[7m    [0m [91m               ~~~~~~~~~~~[0m
[96msrc/modules/application/application.service.ts[0m:[93m1302[0m:[93m38[0m - [91merror[0m[90m TS2532: [0mObject is possibly 'undefined'.

[7m1302[0m       creator: application.creator ? this.mapDetailCreator(application.creator) : undefined,
[7m    [0m [91m                                     ~~~~[0m
[96msrc/modules/application/application.service.ts[0m:[93m1302[0m:[93m60[0m - [91merror[0m[90m TS2304: [0mCannot find name 'application'.

[7m1302[0m       creator: application.creator ? this.mapDetailCreator(application.creator) : undefined,
[7m    [0m [91m                                                           ~~~~~~~~~~~[0m
[96msrc/modules/application/application.service.ts[0m:[93m1304[0m:[93m18[0m - [91merror[0m[90m TS2532: [0mObject is possibly 'undefined'.

[7m1304[0m       approvals: this.mapApprovals(application.approvals),
[7m    [0m [91m                 ~~~~[0m
[96msrc/modules/application/application.service.ts[0m:[93m1304[0m:[93m36[0m - [91merror[0m[90m TS2304: [0mCannot find name 'application'.

[7m1304[0m       approvals: this.mapApprovals(application.approvals),
[7m    [0m [91m                                   ~~~~~~~~~~~[0m
[96msrc/modules/application/application.service.ts[0m:[93m1305[0m:[93m13[0m - [91merror[0m[90m TS2304: [0mCannot find name 'application'.

[7m1305[0m       sign: application.signRecord ? this.mapSignRecord(application.signRecord) : null,
[7m    [0m [91m            ~~~~~~~~~~~[0m
[96msrc/modules/application/application.service.ts[0m:[93m1305[0m:[93m38[0m - [91merror[0m[90m TS2532: [0mObject is possibly 'undefined'.

[7m1305[0m       sign: application.signRecord ? this.mapSignRecord(application.signRecord) : null,
[7m    [0m [91m                                     ~~~~[0m
[96msrc/modules/application/application.service.ts[0m:[93m1305[0m:[93m57[0m - [91merror[0m[90m TS2304: [0mCannot find name 'application'.

[7m1305[0m       sign: application.signRecord ? this.mapSignRecord(application.signRecord) : null,
[7m    [0m [91m                                                        ~~~~~~~~~~~[0m
[96msrc/modules/application/application.service.ts[0m:[93m1306[0m:[93m21[0m - [91merror[0m[90m TS2304: [0mCannot find name 'application'.

[7m1306[0m       disbursement: application.disbursement
[7m    [0m [91m                    ~~~~~~~~~~~[0m
[96msrc/modules/application/application.service.ts[0m:[93m1307[0m:[93m11[0m - [91merror[0m[90m TS2532: [0mObject is possibly 'undefined'.

[7m1307[0m         ? this.mapDisbursement(application.disbursement)
[7m    [0m [91m          ~~~~[0m
[96msrc/modules/application/application.service.ts[0m:[93m1307[0m:[93m32[0m - [91merror[0m[90m TS2304: [0mCannot find name 'application'.

[7m1307[0m         ? this.mapDisbursement(application.disbursement)
[7m    [0m [91m                               ~~~~~~~~~~~[0m
[96msrc/modules/application/application.service.ts[0m:[93m1309[0m:[93m25[0m - [91merror[0m[90m TS2532: [0mObject is possibly 'undefined'.

[7m1309[0m       repaymentSummary: this.buildRepaymentSummary(repayments),
[7m    [0m [91m                        ~~~~[0m
[96msrc/modules/application/application.service.ts[0m:[93m1314[0m:[93m3[0m - [91merror[0m[90m TS1128: [0mDeclaration or statement expected.

[7m1314[0m   private mapDetailOrder(
[7m    [0m [91m  ~~~~~~~[0m
[96msrc/modules/application/application.service.ts[0m:[93m1314[0m:[93m11[0m - [91merror[0m[90m TS2304: [0mCannot find name 'mapDetailOrder'.

[7m1314[0m   private mapDetailOrder(
[7m    [0m [91m          ~~~~~~~~~~~~~~[0m
[96msrc/modules/application/application.service.ts[0m:[93m1315[0m:[93m5[0m - [91merror[0m[90m TS2304: [0mCannot find name 'application'.

[7m1315[0m     application: Record<string, unknown>,
[7m    [0m [91m    ~~~~~~~~~~~[0m
[96msrc/modules/application/application.service.ts[0m:[93m1315[0m:[93m16[0m - [91merror[0m[90m TS1005: [0m',' expected.

[7m1315[0m     application: Record<string, unknown>,
[7m    [0m [91m               ~[0m
[96msrc/modules/application/application.service.ts[0m:[93m1315[0m:[93m18[0m - [91merror[0m[90m TS2693: [0m'Record' only refers to a type, but is being used as a value here.

[7m1315[0m     application: Record<string, unknown>,
[7m    [0m [91m                 ~~~~~~[0m
[96msrc/modules/application/application.service.ts[0m:[93m1316[0m:[93m5[0m - [91merror[0m[90m TS2304: [0mCannot find name 'currentNode'.

[7m1316[0m     currentNode: number,
[7m    [0m [91m    ~~~~~~~~~~~[0m
[96msrc/modules/application/application.service.ts[0m:[93m1316[0m:[93m16[0m - [91merror[0m[90m TS1005: [0m',' expected.

[7m1316[0m     currentNode: number,
[7m    [0m [91m               ~[0m
[96msrc/modules/application/application.service.ts[0m:[93m1316[0m:[93m18[0m - [91merror[0m[90m TS2693: [0m'number' only refers to a type, but is being used as a value here.

[7m1316[0m     currentNode: number,
[7m    [0m [91m                 ~~~~~~[0m
[96msrc/modules/application/application.service.ts[0m:[93m1317[0m:[93m5[0m - [91merror[0m[90m TS2304: [0mCannot find name 'currentStatus'.

[7m1317[0m     currentStatus: number,
[7m    [0m [91m    ~~~~~~~~~~~~~[0m
[96msrc/modules/application/application.service.ts[0m:[93m1317[0m:[93m18[0m - [91merror[0m[90m TS1005: [0m',' expected.

[7m1317[0m     currentStatus: number,
[7m    [0m [91m                 ~[0m
[96msrc/modules/application/application.service.ts[0m:[93m1317[0m:[93m20[0m - [91merror[0m[90m TS2693: [0m'number' only refers to a type, but is being used as a value here.

[7m1317[0m     currentStatus: number,
[7m    [0m [91m                   ~~~~~~[0m
[96msrc/modules/application/application.service.ts[0m:[93m1318[0m:[93m5[0m - [91merror[0m[90m TS2304: [0mCannot find name 'currentNodeName'.

[7m1318[0m     currentNodeName: string,
[7m    [0m [91m    ~~~~~~~~~~~~~~~[0m
[96msrc/modules/application/application.service.ts[0m:[93m1318[0m:[93m20[0m - [91merror[0m[90m TS1005: [0m',' expected.

[7m1318[0m     currentNodeName: string,
[7m    [0m [91m                   ~[0m
[96msrc/modules/application/application.service.ts[0m:[93m1318[0m:[93m22[0m - [91merror[0m[90m TS2693: [0m'string' only refers to a type, but is being used as a value here.

[7m1318[0m     currentNodeName: string,
[7m    [0m [91m                     ~~~~~~[0m
[96msrc/modules/application/application.service.ts[0m:[93m1319[0m:[93m5[0m - [91merror[0m[90m TS2304: [0mCannot find name 'currentStatusName'.

[7m1319[0m     currentStatusName: string,
[7m    [0m [91m    ~~~~~~~~~~~~~~~~~[0m
[96msrc/modules/application/application.service.ts[0m:[93m1319[0m:[93m22[0m - [91merror[0m[90m TS1005: [0m',' expected.

[7m1319[0m     currentStatusName: string,
[7m    [0m [91m                     ~[0m
[96msrc/modules/application/application.service.ts[0m:[93m1319[0m:[93m24[0m - [91merror[0m[90m TS2693: [0m'string' only refers to a type, but is being used as a value here.

[7m1319[0m     currentStatusName: string,
[7m    [0m [91m                       ~~~~~~[0m
[96msrc/modules/application/application.service.ts[0m:[93m1320[0m:[93m5[0m - [91merror[0m[90m TS2304: [0mCannot find name 'phaseCode'.

[7m1320[0m     phaseCode: number
[7m    [0m [91m    ~~~~~~~~~[0m
[96msrc/modules/application/application.service.ts[0m:[93m1320[0m:[93m14[0m - [91merror[0m[90m TS1005: [0m',' expected.

[7m1320[0m     phaseCode: number
[7m    [0m [91m             ~[0m
[96msrc/modules/application/application.service.ts[0m:[93m1320[0m:[93m16[0m - [91merror[0m[90m TS2693: [0m'number' only refers to a type, but is being used as a value here.

[7m1320[0m     phaseCode: number
[7m    [0m [91m               ~~~~~~[0m
[96msrc/modules/application/application.service.ts[0m:[93m1321[0m:[93m5[0m - [91merror[0m[90m TS1005: [0m';' expected.

[7m1321[0m   ) {
[7m    [0m [91m    ~[0m
[96msrc/modules/application/application.service.ts[0m:[93m1323[0m:[93m11[0m - [91merror[0m[90m TS2304: [0mCannot find name 'application'.

[7m1323[0m       id: application.id,
[7m    [0m [91m          ~~~~~~~~~~~[0m
[96msrc/modules/application/application.service.ts[0m:[93m1324[0m:[93m22[0m - [91merror[0m[90m TS2304: [0mCannot find name 'application'.

[7m1324[0m       applicationNo: application.applicationNo,
[7m    [0m [91m                     ~~~~~~~~~~~[0m
[96msrc/modules/application/application.service.ts[0m:[93m1325[0m:[93m16[0m - [91merror[0m[90m TS2304: [0mCannot find name 'application'.

[7m1325[0m       orderNo: application.applicationNo,
[7m    [0m [91m               ~~~~~~~~~~~[0m
[96msrc/modules/application/application.service.ts[0m:[93m1326[0m:[93m22[0m - [91merror[0m[90m TS2304: [0mCannot find name 'application'.

[7m1326[0m       creditOrderId: application.applicationNo,
[7m    [0m [91m                     ~~~~~~~~~~~[0m
[96msrc/modules/application/application.service.ts[0m:[93m1327[0m:[93m15[0m - [91merror[0m[90m TS2304: [0mCannot find name 'application'.

[7m1327[0m       amount: application.amount,
[7m    [0m [91m              ~~~~~~~~~~~[0m
[96msrc/modules/application/application.service.ts[0m:[93m1328[0m:[93m13[0m - [91merror[0m[90m TS2304: [0mCannot find name 'application'.

[7m1328[0m       term: application.term,
[7m    [0m [91m            ~~~~~~~~~~~[0m
[96msrc/modules/application/application.service.ts[0m:[93m1329[0m:[93m13[0m - [91merror[0m[90m TS2304: [0mCannot find name 'application'.

[7m1329[0m       rate: application.rate,
[7m    [0m [91m            ~~~~~~~~~~~[0m
[96msrc/modules/application/application.service.ts[0m:[93m1330[0m:[93m24[0m - [91merror[0m[90m TS2304: [0mCannot find name 'application'.

[7m1330[0m       repaymentMethod: application.repaymentMethod,
[7m    [0m [91m                       ~~~~~~~~~~~[0m
[96msrc/modules/application/application.service.ts[0m:[93m1331[0m:[93m16[0m - [91merror[0m[90m TS2304: [0mCannot find name 'application'.

[7m1331[0m       purpose: application.purpose,
[7m    [0m [91m               ~~~~~~~~~~~[0m
[96msrc/modules/application/application.service.ts[0m:[93m1332[0m:[93m15[0m - [91merror[0m[90m TS2304: [0mCannot find name 'application'.

[7m1332[0m       status: application.status,
[7m    [0m [91m              ~~~~~~~~~~~[0m
[96msrc/modules/application/application.service.ts[0m:[93m1333[0m:[93m21[0m - [91merror[0m[90m TS2304: [0mCannot find name 'application'.

[7m1333[0m       businessType: application.businessType,
[7m    [0m [91m                    ~~~~~~~~~~~[0m
[96msrc/modules/application/application.service.ts[0m:[93m1339[0m:[93m18[0m - [91merror[0m[90m TS2532: [0mObject is possibly 'undefined'.

[7m1339[0m       phaseName: this.resolveFlowPhaseName(application, phaseCode),
[7m    [0m [91m                 ~~~~[0m
[96msrc/modules/application/application.service.ts[0m:[93m1340[0m:[93m23[0m - [91merror[0m[90m TS2304: [0mCannot find name 'application'.

[7m1340[0m       approvedAmount: application.approvedAmount,
[7m    [0m [91m                      ~~~~~~~~~~~[0m
[96msrc/modules/application/application.service.ts[0m:[93m1341[0m:[93m21[0m - [91merror[0m[90m TS2304: [0mCannot find name 'application'.

[7m1341[0m       approvedTerm: application.approvedTerm,
[7m    [0m [91m                    ~~~~~~~~~~~[0m
[96msrc/modules/application/application.service.ts[0m:[93m1342[0m:[93m21[0m - [91merror[0m[90m TS2304: [0mCannot find name 'application'.

[7m1342[0m       approvedRate: application.approvedRate,
[7m    [0m [91m                    ~~~~~~~~~~~[0m
[96msrc/modules/application/application.service.ts[0m:[93m1343[0m:[93m25[0m - [91merror[0m[90m TS2304: [0mCannot find name 'application'.

[7m1343[0m       supplementReason: application.supplementReason,
[7m    [0m [91m                        ~~~~~~~~~~~[0m
[96msrc/modules/application/application.service.ts[0m:[93m1344[0m:[93m27[0m - [91merror[0m[90m TS2304: [0mCannot find name 'application'.

[7m1344[0m       supplementDeadline: application.supplementDeadline,
[7m    [0m [91m                          ~~~~~~~~~~~[0m
[96msrc/modules/application/application.service.ts[0m:[93m1345[0m:[93m15[0m - [91merror[0m[90m TS2304: [0mCannot find name 'application'.

[7m1345[0m       remark: application.remark,
[7m    [0m [91m              ~~~~~~~~~~~[0m
[96msrc/modules/application/application.service.ts[0m:[93m1346[0m:[93m18[0m - [91merror[0m[90m TS2304: [0mCannot find name 'application'.

[7m1346[0m       createdAt: application.createdAt,
[7m    [0m [91m                 ~~~~~~~~~~~[0m
[96msrc/modules/application/application.service.ts[0m:[93m1347[0m:[93m18[0m - [91merror[0m[90m TS2304: [0mCannot find name 'application'.

[7m1347[0m       updatedAt: application.updatedAt
[7m    [0m [91m                 ~~~~~~~~~~~[0m
[96msrc/modules/application/application.service.ts[0m:[93m1351[0m:[93m3[0m - [91merror[0m[90m TS1128: [0mDeclaration or statement expected.

[7m1351[0m   private mapDetailCustomer(customer: Record<string, unknown>) {
[7m    [0m [91m  ~~~~~~~[0m
[96msrc/modules/application/application.service.ts[0m:[93m1351[0m:[93m11[0m - [91merror[0m[90m TS2304: [0mCannot find name 'mapDetailCustomer'.

[7m1351[0m   private mapDetailCustomer(customer: Record<string, unknown>) {
[7m    [0m [91m          ~~~~~~~~~~~~~~~~~[0m
[96msrc/modules/application/application.service.ts[0m:[93m1351[0m:[93m29[0m - [91merror[0m[90m TS2304: [0mCannot find name 'customer'.

[7m1351[0m   private mapDetailCustomer(customer: Record<string, unknown>) {
[7m    [0m [91m                            ~~~~~~~~[0m
[96msrc/modules/application/application.service.ts[0m:[93m1351[0m:[93m37[0m - [91merror[0m[90m TS1005: [0m',' expected.

[7m1351[0m   private mapDetailCustomer(customer: Record<string, unknown>) {
[7m    [0m [91m                                    ~[0m
[96msrc/modules/application/application.service.ts[0m:[93m1351[0m:[93m39[0m - [91merror[0m[90m TS2693: [0m'Record' only refers to a type, but is being used as a value here.

[7m1351[0m   private mapDetailCustomer(customer: Record<string, unknown>) {
[7m    [0m [91m                                      ~~~~~~[0m
[96msrc/modules/application/application.service.ts[0m:[93m1351[0m:[93m64[0m - [91merror[0m[90m TS1005: [0m';' expected.

[7m1351[0m   private mapDetailCustomer(customer: Record<string, unknown>) {
[7m    [0m [91m                                                               ~[0m
[96msrc/modules/application/application.service.ts[0m:[93m1353[0m:[93m11[0m - [91merror[0m[90m TS2304: [0mCannot find name 'customer'.

[7m1353[0m       id: customer.id,
[7m    [0m [91m          ~~~~~~~~[0m
[96msrc/modules/application/application.service.ts[0m:[93m1354[0m:[93m13[0m - [91merror[0m[90m TS2304: [0mCannot find name 'customer'.

[7m1354[0m       name: customer.name,
[7m    [0m [91m            ~~~~~~~~[0m
[96msrc/modules/application/application.service.ts[0m:[93m1355[0m:[93m14[0m - [91merror[0m[90m TS2304: [0mCannot find name 'customer'.

[7m1355[0m       phone: customer.phone,
[7m    [0m [91m             ~~~~~~~~[0m
[96msrc/modules/application/application.service.ts[0m:[93m1356[0m:[93m15[0m - [91merror[0m[90m TS2304: [0mCannot find name 'customer'.

[7m1356[0m       idCard: customer.idCard,
[7m    [0m [91m              ~~~~~~~~[0m
[96msrc/modules/application/application.service.ts[0m:[93m1357[0m:[93m15[0m - [91merror[0m[90m TS2304: [0mCannot find name 'customer'.

[7m1357[0m       gender: customer.gender,
[7m    [0m [91m              ~~~~~~~~[0m
[96msrc/modules/application/application.service.ts[0m:[93m1358[0m:[93m18[0m - [91merror[0m[90m TS2304: [0mCannot find name 'customer'.

[7m1358[0m       birthDate: customer.birthDate,
[7m    [0m [91m                 ~~~~~~~~[0m
[96msrc/modules/application/application.service.ts[0m:[93m1359[0m:[93m15[0m - [91merror[0m[90m TS2304: [0mCannot find name 'customer'.

[7m1359[0m       nation: customer.nation,
[7m    [0m [91m              ~~~~~~~~[0m
[96msrc/modules/application/application.service.ts[0m:[93m1360[0m:[93m25[0m - [91merror[0m[90m TS2304: [0mCannot find name 'customer'.

[7m1360[0m       householdAddress: customer.householdAddress,
[7m    [0m [91m                        ~~~~~~~~[0m
[96msrc/modules/application/application.service.ts[0m:[93m1361[0m:[93m25[0m - [91merror[0m[90m TS2304: [0mCannot find name 'customer'.

[7m1361[0m       issuingAuthority: customer.issuingAuthority,
[7m    [0m [91m                        ~~~~~~~~[0m
[96msrc/modules/application/application.service.ts[0m:[93m1362[0m:[93m24[0m - [91merror[0m[90m TS2304: [0mCannot find name 'customer'.

[7m1362[0m       idCardValidFrom: customer.idCardValidFrom,
[7m    [0m [91m                       ~~~~~~~~[0m
[96msrc/modules/application/application.service.ts[0m:[93m1363[0m:[93m22[0m - [91merror[0m[90m TS2304: [0mCannot find name 'customer'.

[7m1363[0m       idCardValidTo: customer.idCardValidTo,
[7m    [0m [91m                     ~~~~~~~~[0m
[96msrc/modules/application/application.service.ts[0m:[93m1364[0m:[93m20[0m - [91merror[0m[90m TS2304: [0mCannot find name 'customer'.

[7m1364[0m       idCardFront: customer.idCardFront,
[7m    [0m [91m                   ~~~~~~~~[0m
[96msrc/modules/application/application.service.ts[0m:[93m1365[0m:[93m19[0m - [91merror[0m[90m TS2304: [0mCannot find name 'customer'.

[7m1365[0m       idCardBack: customer.idCardBack,
[7m    [0m [91m                  ~~~~~~~~[0m
[96msrc/modules/application/application.service.ts[0m:[93m1366[0m:[93m22[0m - [91merror[0m[90m TS2304: [0mCannot find name 'customer'.

[7m1366[0m       maritalStatus: customer.maritalStatus,
[7m    [0m [91m                     ~~~~~~~~[0m
[96msrc/modules/application/application.service.ts[0m:[93m1367[0m:[93m18[0m - [91merror[0m[90m TS2304: [0mCannot find name 'customer'.

[7m1367[0m       education: customer.education,
[7m    [0m [91m                 ~~~~~~~~[0m
[96msrc/modules/application/application.service.ts[0m:[93m1368[0m:[93m19[0m - [91merror[0m[90m TS2304: [0mCannot find name 'customer'.

[7m1368[0m       occupation: customer.occupation,
[7m    [0m [91m                  ~~~~~~~~[0m
[96msrc/modules/application/application.service.ts[0m:[93m1369[0m:[93m20[0m - [91merror[0m[90m TS2304: [0mCannot find name 'customer'.

[7m1369[0m       companyName: customer.companyName,
[7m    [0m [91m                   ~~~~~~~~[0m
[96msrc/modules/application/application.service.ts[0m:[93m1370[0m:[93m22[0m - [91merror[0m[90m TS2304: [0mCannot find name 'customer'.

[7m1370[0m       monthlyIncome: customer.monthlyIncome,
[7m    [0m [91m                     ~~~~~~~~[0m
[96msrc/modules/application/application.service.ts[0m:[93m1371[0m:[93m16[0m - [91merror[0m[90m TS2304: [0mCannot find name 'customer'.

[7m1371[0m       address: customer.address,
[7m    [0m [91m               ~~~~~~~~[0m
[96msrc/modules/application/application.service.ts[0m:[93m1372[0m:[93m22[0m - [91merror[0m[90m TS2304: [0mCannot find name 'customer'.

[7m1372[0m       emergencyName: customer.emergencyName,
[7m    [0m [91m                     ~~~~~~~~[0m
[96msrc/modules/application/application.service.ts[0m:[93m1373[0m:[93m23[0m - [91merror[0m[90m TS2304: [0mCannot find name 'customer'.

[7m1373[0m       emergencyPhone: customer.emergencyPhone,
[7m    [0m [91m                      ~~~~~~~~[0m
[96msrc/modules/application/application.service.ts[0m:[93m1374[0m:[93m15[0m - [91merror[0m[90m TS2304: [0mCannot find name 'customer'.

[7m1374[0m       status: customer.status
[7m    [0m [91m              ~~~~~~~~[0m
[96msrc/modules/application/application.service.ts[0m:[93m1378[0m:[93m3[0m - [91merror[0m[90m TS1128: [0mDeclaration or statement expected.

[7m1378[0m   private mapDetailVehicle(vehicle: Record<string, unknown>) {
[7m    [0m [91m  ~~~~~~~[0m
[96msrc/modules/application/application.service.ts[0m:[93m1378[0m:[93m11[0m - [91merror[0m[90m TS2304: [0mCannot find name 'mapDetailVehicle'.

[7m1378[0m   private mapDetailVehicle(vehicle: Record<string, unknown>) {
[7m    [0m [91m          ~~~~~~~~~~~~~~~~[0m
[96msrc/modules/application/application.service.ts[0m:[93m1378[0m:[93m28[0m - [91merror[0m[90m TS2304: [0mCannot find name 'vehicle'.

[7m1378[0m   private mapDetailVehicle(vehicle: Record<string, unknown>) {
[7m    [0m [91m                           ~~~~~~~[0m
[96msrc/modules/application/application.service.ts[0m:[93m1378[0m:[93m35[0m - [91merror[0m[90m TS1005: [0m',' expected.

[7m1378[0m   private mapDetailVehicle(vehicle: Record<string, unknown>) {
[7m    [0m [91m                                  ~[0m
[96msrc/modules/application/application.service.ts[0m:[93m1378[0m:[93m37[0m - [91merror[0m[90m TS2693: [0m'Record' only refers to a type, but is being used as a value here.

[7m1378[0m   private mapDetailVehicle(vehicle: Record<string, unknown>) {
[7m    [0m [91m                                    ~~~~~~[0m
[96msrc/modules/application/application.service.ts[0m:[93m1378[0m:[93m62[0m - [91merror[0m[90m TS1005: [0m';' expected.

[7m1378[0m   private mapDetailVehicle(vehicle: Record<string, unknown>) {
[7m    [0m [91m                                                             ~[0m
[96msrc/modules/application/application.service.ts[0m:[93m1380[0m:[93m11[0m - [91merror[0m[90m TS2304: [0mCannot find name 'vehicle'.

[7m1380[0m       id: vehicle.id,
[7m    [0m [91m          ~~~~~~~[0m
[96msrc/modules/application/application.service.ts[0m:[93m1381[0m:[93m20[0m - [91merror[0m[90m TS2304: [0mCannot find name 'vehicle'.

[7m1381[0m       plateNumber: vehicle.plateNumber,
[7m    [0m [91m                   ~~~~~~~[0m
[96msrc/modules/application/application.service.ts[0m:[93m1382[0m:[93m12[0m - [91merror[0m[90m TS2304: [0mCannot find name 'vehicle'.

[7m1382[0m       vin: vehicle.vin,
[7m    [0m [91m           ~~~~~~~[0m
[96msrc/modules/application/application.service.ts[0m:[93m1383[0m:[93m20[0m - [91merror[0m[90m TS2304: [0mCannot find name 'vehicle'.

[7m1383[0m       vehicleCode: vehicle.vin,
[7m    [0m [91m                   ~~~~~~~[0m
[96msrc/modules/application/application.service.ts[0m:[93m1384[0m:[93m14[0m - [91merror[0m[90m TS2304: [0mCannot find name 'vehicle'.

[7m1384[0m       brand: vehicle.brand,
[7m    [0m [91m             ~~~~~~~[0m
[96msrc/modules/application/application.service.ts[0m:[93m1385[0m:[93m14[0m - [91merror[0m[90m TS2304: [0mCannot find name 'vehicle'.

[7m1385[0m       model: vehicle.model,
[7m    [0m [91m             ~~~~~~~[0m
[96msrc/modules/application/application.service.ts[0m:[93m1386[0m:[93m18[0m - [91merror[0m[90m TS2304: [0mCannot find name 'vehicle'.

[7m1386[0m       ownerName: vehicle.ownerName,
[7m    [0m [91m                 ~~~~~~~[0m
[96msrc/modules/application/application.service.ts[0m:[93m1387[0m:[93m16[0m - [91merror[0m[90m TS2304: [0mCannot find name 'vehicle'.

[7m1387[0m       address: vehicle.address,
[7m    [0m [91m               ~~~~~~~[0m
[96msrc/modules/application/application.service.ts[0m:[93m1388[0m:[93m20[0m - [91merror[0m[90m TS2304: [0mCannot find name 'vehicle'.

[7m1388[0m       usageNature: vehicle.usageNature,
[7m    [0m [91m                   ~~~~~~~[0m
[96msrc/modules/application/application.service.ts[0m:[93m1389[0m:[93m17[0m - [91merror[0m[90m TS2304: [0mCannot find name 'vehicle'.

[7m1389[0m       sealInfo: vehicle.sealInfo,
[7m    [0m [91m                ~~~~~~~[0m
[96msrc/modules/application/application.service.ts[0m:[93m1390[0m:[93m21[0m - [91merror[0m[90m TS2304: [0mCannot find name 'vehicle'.

[7m1390[0m       engineNumber: vehicle.engineNumber,
[7m    [0m [91m                    ~~~~~~~[0m
[96msrc/modules/application/application.service.ts[0m:[93m1391[0m:[93m21[0m - [91merror[0m[90m TS2304: [0mCannot find name 'vehicle'.

[7m1391[0m       registerDate: vehicle.registerDate,
[7m    [0m [91m                    ~~~~~~~[0m
[96msrc/modules/application/application.service.ts[0m:[93m1392[0m:[93m22[0m - [91merror[0m[90m TS2304: [0mCannot find name 'vehicle'.

[7m1392[0m       vehicleImgUrl: vehicle.vehicleImgUrl,
[7m    [0m [91m                     ~~~~~~~[0m
[96msrc/modules/application/application.service.ts[0m:[93m1393[0m:[93m14[0m - [91merror[0m[90m TS2304: [0mCannot find name 'vehicle'.

[7m1393[0m       color: vehicle.color,
[7m    [0m [91m             ~~~~~~~[0m
[96msrc/modules/application/application.service.ts[0m:[93m1394[0m:[93m13[0m - [91merror[0m[90m TS2304: [0mCannot find name 'vehicle'.

[7m1394[0m       year: vehicle.year,
[7m    [0m [91m            ~~~~~~~[0m
[96msrc/modules/application/application.service.ts[0m:[93m1395[0m:[93m16[0m - [91merror[0m[90m TS2304: [0mCannot find name 'vehicle'.

[7m1395[0m       mileage: vehicle.mileage,
[7m    [0m [91m               ~~~~~~~[0m
[96msrc/modules/application/application.service.ts[0m:[93m1396[0m:[93m22[0m - [91merror[0m[90m TS2304: [0mCannot find name 'vehicle'.

[7m1396[0m       purchasePrice: vehicle.purchasePrice,
[7m    [0m [91m                     ~~~~~~~[0m
[96msrc/modules/application/application.service.ts[0m:[93m1397[0m:[93m22[0m - [91merror[0m[90m TS2304: [0mCannot find name 'vehicle'.

[7m1397[0m       estimateValue: vehicle.estimateValue,
[7m    [0m [91m                     ~~~~~~~[0m
[96msrc/modules/application/application.service.ts[0m:[93m1398[0m:[93m20[0m - [91merror[0m[90m TS2304: [0mCannot find name 'vehicle'.

[7m1398[0m       isMortgaged: vehicle.isMortgaged,
[7m    [0m [91m                   ~~~~~~~[0m
[96msrc/modules/application/application.service.ts[0m:[93m1399[0m:[93m21[0m - [91merror[0m[90m TS2304: [0mCannot find name 'vehicle'.

[7m1399[0m       mortgageInfo: vehicle.mortgageInfo
[7m    [0m [91m                    ~~~~~~~[0m
[96msrc/modules/application/application.service.ts[0m:[93m1403[0m:[93m3[0m - [91merror[0m[90m TS1128: [0mDeclaration or statement expected.

[7m1403[0m   private mapDetailProduct(product: Record<string, unknown>) {
[7m    [0m [91m  ~~~~~~~[0m
[96msrc/modules/application/application.service.ts[0m:[93m1403[0m:[93m11[0m - [91merror[0m[90m TS2304: [0mCannot find name 'mapDetailProduct'.

[7m1403[0m   private mapDetailProduct(product: Record<string, unknown>) {
[7m    [0m [91m          ~~~~~~~~~~~~~~~~[0m
[96msrc/modules/application/application.service.ts[0m:[93m1403[0m:[93m28[0m - [91merror[0m[90m TS2304: [0mCannot find name 'product'.

[7m1403[0m   private mapDetailProduct(product: Record<string, unknown>) {
[7m    [0m [91m                           ~~~~~~~[0m
[96msrc/modules/application/application.service.ts[0m:[93m1403[0m:[93m35[0m - [91merror[0m[90m TS1005: [0m',' expected.

[7m1403[0m   private mapDetailProduct(product: Record<string, unknown>) {
[7m    [0m [91m                                  ~[0m
[96msrc/modules/application/application.service.ts[0m:[93m1403[0m:[93m37[0m - [91merror[0m[90m TS2693: [0m'Record' only refers to a type, but is being used as a value here.

[7m1403[0m   private mapDetailProduct(product: Record<string, unknown>) {
[7m    [0m [91m                                    ~~~~~~[0m
[96msrc/modules/application/application.service.ts[0m:[93m1403[0m:[93m62[0m - [91merror[0m[90m TS1005: [0m';' expected.

[7m1403[0m   private mapDetailProduct(product: Record<string, unknown>) {
[7m    [0m [91m                                                             ~[0m
[96msrc/modules/application/application.service.ts[0m:[93m1405[0m:[93m11[0m - [91merror[0m[90m TS2304: [0mCannot find name 'product'.

[7m1405[0m       id: product.id,
[7m    [0m [91m          ~~~~~~~[0m
[96msrc/modules/application/application.service.ts[0m:[93m1406[0m:[93m13[0m - [91merror[0m[90m TS2304: [0mCannot find name 'product'.

[7m1406[0m       name: product.name,
[7m    [0m [91m            ~~~~~~~[0m
[96msrc/modules/application/application.service.ts[0m:[93m1407[0m:[93m20[0m - [91merror[0m[90m TS2304: [0mCannot find name 'product'.

[7m1407[0m       productType: product.productType,
[7m    [0m [91m                   ~~~~~~~[0m
[96msrc/modules/application/application.service.ts[0m:[93m1408[0m:[93m16[0m - [91merror[0m[90m TS2304: [0mCannot find name 'product'.

[7m1408[0m       minRate: product.minRate,
[7m    [0m [91m               ~~~~~~~[0m
[96msrc/modules/application/application.service.ts[0m:[93m1409[0m:[93m16[0m - [91merror[0m[90m TS2304: [0mCannot find name 'product'.

[7m1409[0m       maxRate: product.maxRate,
[7m    [0m [91m               ~~~~~~~[0m
[96msrc/modules/application/application.service.ts[0m:[93m1410[0m:[93m18[0m - [91merror[0m[90m TS2304: [0mCannot find name 'product'.

[7m1410[0m       minAmount: product.minAmount,
[7m    [0m [91m                 ~~~~~~~[0m
[96msrc/modules/application/application.service.ts[0m:[93m1411[0m:[93m18[0m - [91merror[0m[90m TS2304: [0mCannot find name 'product'.

[7m1411[0m       maxAmount: product.maxAmount,
[7m    [0m [91m                 ~~~~~~~[0m
[96msrc/modules/application/application.service.ts[0m:[93m1412[0m:[93m16[0m - [91merror[0m[90m TS2304: [0mCannot find name 'product'.

[7m1412[0m       minTerm: product.minTerm,
[7m    [0m [91m               ~~~~~~~[0m
[96msrc/modules/application/application.service.ts[0m:[93m1413[0m:[93m16[0m - [91merror[0m[90m TS2304: [0mCannot find name 'product'.

[7m1413[0m       maxTerm: product.maxTerm,
[7m    [0m [91m               ~~~~~~~[0m
[96msrc/modules/application/application.service.ts[0m:[93m1414[0m:[93m24[0m - [91merror[0m[90m TS2304: [0mCannot find name 'product'.

[7m1414[0m       repaymentMethod: product.repaymentMethod,
[7m    [0m [91m                       ~~~~~~~[0m
[96msrc/modules/application/application.service.ts[0m:[93m1415[0m:[93m15[0m - [91merror[0m[90m TS2304: [0mCannot find name 'product'.

[7m1415[0m       minAge: product.minAge,
[7m    [0m [91m              ~~~~~~~[0m
[96msrc/modules/application/application.service.ts[0m:[93m1416[0m:[93m15[0m - [91merror[0m[90m TS2304: [0mCannot find name 'product'.

[7m1416[0m       maxAge: product.maxAge,
[7m    [0m [91m              ~~~~~~~[0m
[96msrc/modules/application/application.service.ts[0m:[93m1417[0m:[93m18[0m - [91merror[0m[90m TS2304: [0mCannot find name 'product'.

[7m1417[0m       maxCarAge: product.maxCarAge,
[7m    [0m [91m                 ~~~~~~~[0m
[96msrc/modules/application/application.service.ts[0m:[93m1418[0m:[93m19[0m - [91merror[0m[90m TS2304: [0mCannot find name 'product'.

[7m1418[0m       maxMileage: product.maxMileage,
[7m    [0m [91m                  ~~~~~~~[0m
[96msrc/modules/application/application.service.ts[0m:[93m1419[0m:[93m17[0m - [91merror[0m[90m TS2304: [0mCannot find name 'product'.

[7m1419[0m       ltvLimit: product.ltvLimit,
[7m    [0m [91m                ~~~~~~~[0m
[96msrc/modules/application/application.service.ts[0m:[93m1420[0m:[93m23[0m - [91merror[0m[90m TS2304: [0mCannot find name 'product'.

[7m1420[0m       minDownPayment: product.minDownPayment,
[7m    [0m [91m                      ~~~~~~~[0m
[96msrc/modules/application/application.service.ts[0m:[93m1421[0m:[93m16[0m - [91merror[0m[90m TS2304: [0mCannot find name 'product'.

[7m1421[0m       regions: product.regions,
[7m    [0m [91m               ~~~~~~~[0m
[96msrc/modules/application/application.service.ts[0m:[93m1422[0m:[93m30[0m - [91merror[0m[90m TS2304: [0mCannot find name 'product'.

[7m1422[0m       valuationDiscountRate: product.valuationDiscountRate,
[7m    [0m [91m                             ~~~~~~~[0m
[96msrc/modules/application/application.service.ts[0m:[93m1423[0m:[93m15[0m - [91merror[0m[90m TS2304: [0mCannot find name 'product'.

[7m1423[0m       status: product.status,
[7m    [0m [91m              ~~~~~~~[0m
[96msrc/modules/application/application.service.ts[0m:[93m1424[0m:[93m22[0m - [91merror[0m[90m TS2304: [0mCannot find name 'product'.

[7m1424[0m       fileChecklist: product.fileChecklist
[7m    [0m [91m                     ~~~~~~~[0m
[96msrc/modules/application/application.service.ts[0m:[93m1428[0m:[93m3[0m - [91merror[0m[90m TS1128: [0mDeclaration or statement expected.

[7m1428[0m   private mapDetailFunder(funder: Record<string, unknown>) {
[7m    [0m [91m  ~~~~~~~[0m
[96msrc/modules/application/application.service.ts[0m:[93m1428[0m:[93m11[0m - [91merror[0m[90m TS2304: [0mCannot find name 'mapDetailFunder'.

[7m1428[0m   private mapDetailFunder(funder: Record<string, unknown>) {
[7m    [0m [91m          ~~~~~~~~~~~~~~~[0m
[96msrc/modules/application/application.service.ts[0m:[93m1428[0m:[93m27[0m - [91merror[0m[90m TS2304: [0mCannot find name 'funder'.

[7m1428[0m   private mapDetailFunder(funder: Record<string, unknown>) {
[7m    [0m [91m                          ~~~~~~[0m
[96msrc/modules/application/application.service.ts[0m:[93m1428[0m:[93m33[0m - [91merror[0m[90m TS1005: [0m',' expected.

[7m1428[0m   private mapDetailFunder(funder: Record<string, unknown>) {
[7m    [0m [91m                                ~[0m
[96msrc/modules/application/application.service.ts[0m:[93m1428[0m:[93m35[0m - [91merror[0m[90m TS2693: [0m'Record' only refers to a type, but is being used as a value here.

[7m1428[0m   private mapDetailFunder(funder: Record<string, unknown>) {
[7m    [0m [91m                                  ~~~~~~[0m
[96msrc/modules/application/application.service.ts[0m:[93m1428[0m:[93m60[0m - [91merror[0m[90m TS1005: [0m';' expected.

[7m1428[0m   private mapDetailFunder(funder: Record<string, unknown>) {
[7m    [0m [91m                                                           ~[0m
[96msrc/modules/application/application.service.ts[0m:[93m1430[0m:[93m11[0m - [91merror[0m[90m TS2304: [0mCannot find name 'funder'.

[7m1430[0m       id: funder.id,
[7m    [0m [91m          ~~~~~~[0m
[96msrc/modules/application/application.service.ts[0m:[93m1431[0m:[93m13[0m - [91merror[0m[90m TS2304: [0mCannot find name 'funder'.

[7m1431[0m       name: funder.name,
[7m    [0m [91m            ~~~~~~[0m
[96msrc/modules/application/application.service.ts[0m:[93m1432[0m:[93m13[0m - [91merror[0m[90m TS2304: [0mCannot find name 'funder'.

[7m1432[0m       code: funder.code,
[7m    [0m [91m            ~~~~~~[0m
[96msrc/modules/application/application.service.ts[0m:[93m1433[0m:[93m19[0m - [91merror[0m[90m TS2304: [0mCannot find name 'funder'.

[7m1433[0m       funderType: funder.funderType,
[7m    [0m [91m                  ~~~~~~[0m
[96msrc/modules/application/application.service.ts[0m:[93m1434[0m:[93m20[0m - [91merror[0m[90m TS2304: [0mCannot find name 'funder'.

[7m1434[0m       contactName: funder.contactName,
[7m    [0m [91m                   ~~~~~~[0m
[96msrc/modules/application/application.service.ts[0m:[93m1435[0m:[93m21[0m - [91merror[0m[90m TS2304: [0mCannot find name 'funder'.

[7m1435[0m       contactPhone: funder.contactPhone,
[7m    [0m [91m                    ~~~~~~[0m
[96msrc/modules/application/application.service.ts[0m:[93m1436[0m:[93m24[0m - [91merror[0m[90m TS2304: [0mCannot find name 'funder'.

[7m1436[0m       integrationMode: funder.integrationMode,
[7m    [0m [91m                       ~~~~~~[0m
[96msrc/modules/application/application.service.ts[0m:[93m1437[0m:[93m20[0m - [91merror[0m[90m TS2304: [0mCannot find name 'funder'.

[7m1437[0m       creditLimit: funder.creditLimit,
[7m    [0m [91m                   ~~~~~~[0m
[96msrc/modules/application/application.service.ts[0m:[93m1438[0m:[93m17[0m - [91merror[0m[90m TS2304: [0mCannot find name 'funder'.

[7m1438[0m       priority: funder.priority,
[7m    [0m [91m                ~~~~~~[0m
[96msrc/modules/application/application.service.ts[0m:[93m1439[0m:[93m15[0m - [91merror[0m[90m TS2304: [0mCannot find name 'funder'.

[7m1439[0m       status: funder.status
[7m    [0m [91m              ~~~~~~[0m
[96msrc/modules/application/application.service.ts[0m:[93m1443[0m:[93m3[0m - [91merror[0m[90m TS1128: [0mDeclaration or statement expected.

[7m1443[0m   private mapDetailOrg(org: Record<string, unknown>) {
[7m    [0m [91m  ~~~~~~~[0m
[96msrc/modules/application/application.service.ts[0m:[93m1443[0m:[93m11[0m - [91merror[0m[90m TS2304: [0mCannot find name 'mapDetailOrg'.

[7m1443[0m   private mapDetailOrg(org: Record<string, unknown>) {
[7m    [0m [91m          ~~~~~~~~~~~~[0m
[96msrc/modules/application/application.service.ts[0m:[93m1443[0m:[93m24[0m - [91merror[0m[90m TS2304: [0mCannot find name 'org'.

[7m1443[0m   private mapDetailOrg(org: Record<string, unknown>) {
[7m    [0m [91m                       ~~~[0m
[96msrc/modules/application/application.service.ts[0m:[93m1443[0m:[93m27[0m - [91merror[0m[90m TS1005: [0m',' expected.

[7m1443[0m   private mapDetailOrg(org: Record<string, unknown>) {
[7m    [0m [91m                          ~[0m
[96msrc/modules/application/application.service.ts[0m:[93m1443[0m:[93m29[0m - [91merror[0m[90m TS2693: [0m'Record' only refers to a type, but is being used as a value here.

[7m1443[0m   private mapDetailOrg(org: Record<string, unknown>) {
[7m    [0m [91m                            ~~~~~~[0m
[96msrc/modules/application/application.service.ts[0m:[93m1443[0m:[93m54[0m - [91merror[0m[90m TS1005: [0m';' expected.

[7m1443[0m   private mapDetailOrg(org: Record<string, unknown>) {
[7m    [0m [91m                                                     ~[0m
[96msrc/modules/application/application.service.ts[0m:[93m1445[0m:[93m11[0m - [91merror[0m[90m TS2304: [0mCannot find name 'org'.

[7m1445[0m       id: org.id,
[7m    [0m [91m          ~~~[0m
[96msrc/modules/application/application.service.ts[0m:[93m1446[0m:[93m13[0m - [91merror[0m[90m TS2304: [0mCannot find name 'org'.

[7m1446[0m       name: org.name,
[7m    [0m [91m            ~~~[0m
[96msrc/modules/application/application.service.ts[0m:[93m1447[0m:[93m13[0m - [91merror[0m[90m TS2304: [0mCannot find name 'org'.

[7m1447[0m       code: org.code,
[7m    [0m [91m            ~~~[0m
[96msrc/modules/application/application.service.ts[0m:[93m1448[0m:[93m19[0m - [91merror[0m[90m TS2304: [0mCannot find name 'org'.

[7m1448[0m       creditCode: org.creditCode,
[7m    [0m [91m                  ~~~[0m
[96msrc/modules/application/application.service.ts[0m:[93m1449[0m:[93m20[0m - [91merror[0m[90m TS2304: [0mCannot find name 'org'.

[7m1449[0m       contactName: org.contactName,
[7m    [0m [91m                   ~~~[0m
[96msrc/modules/application/application.service.ts[0m:[93m1450[0m:[93m21[0m - [91merror[0m[90m TS2304: [0mCannot find name 'org'.

[7m1450[0m       contactPhone: org.contactPhone,
[7m    [0m [91m                    ~~~[0m
[96msrc/modules/application/application.service.ts[0m:[93m1451[0m:[93m16[0m - [91merror[0m[90m TS2304: [0mCannot find name 'org'.

[7m1451[0m       address: org.address,
[7m    [0m [91m               ~~~[0m
[96msrc/modules/application/application.service.ts[0m:[93m1452[0m:[93m15[0m - [91merror[0m[90m TS2304: [0mCannot find name 'org'.

[7m1452[0m       status: org.status,
[7m    [0m [91m              ~~~[0m
[96msrc/modules/application/application.service.ts[0m:[93m1453[0m:[93m20[0m - [91merror[0m[90m TS2304: [0mCannot find name 'org'.

[7m1453[0m       packageType: org.packageType,
[7m    [0m [91m                   ~~~[0m
[96msrc/modules/application/application.service.ts[0m:[93m1454[0m:[93m17[0m - [91merror[0m[90m TS2304: [0mCannot find name 'org'.

[7m1454[0m       expireAt: org.expireAt,
[7m    [0m [91m                ~~~[0m
[96msrc/modules/application/application.service.ts[0m:[93m1455[0m:[93m19[0m - [91merror[0m[90m TS2304: [0mCannot find name 'org'.

[7m1455[0m       apiEnabled: org.apiEnabled
[7m    [0m [91m                  ~~~[0m
[96msrc/modules/application/application.service.ts[0m:[93m1459[0m:[93m3[0m - [91merror[0m[90m TS1128: [0mDeclaration or statement expected.

[7m1459[0m   private mapDetailCreator(creator: Record<string, unknown>) {
[7m    [0m [91m  ~~~~~~~[0m
[96msrc/modules/application/application.service.ts[0m:[93m1459[0m:[93m11[0m - [91merror[0m[90m TS2304: [0mCannot find name 'mapDetailCreator'.

[7m1459[0m   private mapDetailCreator(creator: Record<string, unknown>) {
[7m    [0m [91m          ~~~~~~~~~~~~~~~~[0m
[96msrc/modules/application/application.service.ts[0m:[93m1459[0m:[93m28[0m - [91merror[0m[90m TS2304: [0mCannot find name 'creator'.

[7m1459[0m   private mapDetailCreator(creator: Record<string, unknown>) {
[7m    [0m [91m                           ~~~~~~~[0m
[96msrc/modules/application/application.service.ts[0m:[93m1459[0m:[93m35[0m - [91merror[0m[90m TS1005: [0m',' expected.

[7m1459[0m   private mapDetailCreator(creator: Record<string, unknown>) {
[7m    [0m [91m                                  ~[0m
[96msrc/modules/application/application.service.ts[0m:[93m1459[0m:[93m37[0m - [91merror[0m[90m TS2693: [0m'Record' only refers to a type, but is being used as a value here.

[7m1459[0m   private mapDetailCreator(creator: Record<string, unknown>) {
[7m    [0m [91m                                    ~~~~~~[0m
[96msrc/modules/application/application.service.ts[0m:[93m1459[0m:[93m62[0m - [91merror[0m[90m TS1005: [0m';' expected.

[7m1459[0m   private mapDetailCreator(creator: Record<string, unknown>) {
[7m    [0m [91m                                                             ~[0m
[96msrc/modules/application/application.service.ts[0m:[93m1461[0m:[93m11[0m - [91merror[0m[90m TS2304: [0mCannot find name 'creator'.

[7m1461[0m       id: creator.id,
[7m    [0m [91m          ~~~~~~~[0m
[96msrc/modules/application/application.service.ts[0m:[93m1462[0m:[93m17[0m - [91merror[0m[90m TS2304: [0mCannot find name 'creator'.

[7m1462[0m       userName: creator.userName,
[7m    [0m [91m                ~~~~~~~[0m
[96msrc/modules/application/application.service.ts[0m:[93m1463[0m:[93m17[0m - [91merror[0m[90m TS2304: [0mCannot find name 'creator'.

[7m1463[0m       nickName: creator.nickName,
[7m    [0m [91m                ~~~~~~~[0m
[96msrc/modules/application/application.service.ts[0m:[93m1464[0m:[93m13[0m - [91merror[0m[90m TS2304: [0mCannot find name 'creator'.

[7m1464[0m       name: creator.nickName || creator.userName
[7m    [0m [91m            ~~~~~~~[0m
[96msrc/modules/application/application.service.ts[0m:[93m1464[0m:[93m33[0m - [91merror[0m[90m TS2304: [0mCannot find name 'creator'.

[7m1464[0m       name: creator.nickName || creator.userName
[7m    [0m [91m                                ~~~~~~~[0m
[96msrc/modules/application/application.service.ts[0m:[93m1468[0m:[93m3[0m - [91merror[0m[90m TS1128: [0mDeclaration or statement expected.

[7m1468[0m   private mapDetailFiles(files: Record<string, unknown>[] = []) {
[7m    [0m [91m  ~~~~~~~[0m
[96msrc/modules/application/application.service.ts[0m:[93m1468[0m:[93m11[0m - [91merror[0m[90m TS2304: [0mCannot find name 'mapDetailFiles'.

[7m1468[0m   private mapDetailFiles(files: Record<string, unknown>[] = []) {
[7m    [0m [91m          ~~~~~~~~~~~~~~[0m
[96msrc/modules/application/application.service.ts[0m:[93m1468[0m:[93m26[0m - [91merror[0m[90m TS2304: [0mCannot find name 'files'.

[7m1468[0m   private mapDetailFiles(files: Record<string, unknown>[] = []) {
[7m    [0m [91m                         ~~~~~[0m
[96msrc/modules/application/application.service.ts[0m:[93m1468[0m:[93m31[0m - [91merror[0m[90m TS1005: [0m',' expected.

[7m1468[0m   private mapDetailFiles(files: Record<string, unknown>[] = []) {
[7m    [0m [91m                              ~[0m
[96msrc/modules/application/application.service.ts[0m:[93m1468[0m:[93m33[0m - [91merror[0m[90m TS2693: [0m'Record' only refers to a type, but is being used as a value here.

[7m1468[0m   private mapDetailFiles(files: Record<string, unknown>[] = []) {
[7m    [0m [91m                                ~~~~~~[0m
[96msrc/modules/application/application.service.ts[0m:[93m1468[0m:[93m40[0m - [91merror[0m[90m TS2693: [0m'string' only refers to a type, but is being used as a value here.

[7m1468[0m   private mapDetailFiles(files: Record<string, unknown>[] = []) {
[7m    [0m [91m                                       ~~~~~~[0m
[96msrc/modules/application/application.service.ts[0m:[93m1468[0m:[93m48[0m - [91merror[0m[90m TS2693: [0m'unknown' only refers to a type, but is being used as a value here.

[7m1468[0m   private mapDetailFiles(files: Record<string, unknown>[] = []) {
[7m    [0m [91m                                               ~~~~~~~[0m
[96msrc/modules/application/application.service.ts[0m:[93m1468[0m:[93m59[0m - [91merror[0m[90m TS1005: [0m',' expected.

[7m1468[0m   private mapDetailFiles(files: Record<string, unknown>[] = []) {
[7m    [0m [91m                                                          ~[0m
[96msrc/modules/application/application.service.ts[0m:[93m1468[0m:[93m65[0m - [91merror[0m[90m TS1005: [0m';' expected.

[7m1468[0m   private mapDetailFiles(files: Record<string, unknown>[] = []) {
[7m    [0m [91m                                                                ~[0m
[96msrc/modules/application/application.service.ts[0m:[93m1472[0m:[93m24[0m - [91merror[0m[90m TS2304: [0mCannot find name 'files'.

[7m1472[0m     for (const file of files) {
[7m    [0m [91m                       ~~~~~[0m
[96msrc/modules/application/application.service.ts[0m:[93m1493[0m:[93m3[0m - [91merror[0m[90m TS1128: [0mDeclaration or statement expected.

[7m1493[0m   private mapApprovals(approvals: Record<string, unknown>[] = []) {
[7m    [0m [91m  ~~~~~~~[0m
[96msrc/modules/application/application.service.ts[0m:[93m1493[0m:[93m11[0m - [91merror[0m[90m TS2304: [0mCannot find name 'mapApprovals'.

[7m1493[0m   private mapApprovals(approvals: Record<string, unknown>[] = []) {
[7m    [0m [91m          ~~~~~~~~~~~~[0m
[96msrc/modules/application/application.service.ts[0m:[93m1493[0m:[93m24[0m - [91merror[0m[90m TS2304: [0mCannot find name 'approvals'.

[7m1493[0m   private mapApprovals(approvals: Record<string, unknown>[] = []) {
[7m    [0m [91m                       ~~~~~~~~~[0m
[96msrc/modules/application/application.service.ts[0m:[93m1493[0m:[93m33[0m - [91merror[0m[90m TS1005: [0m',' expected.

[7m1493[0m   private mapApprovals(approvals: Record<string, unknown>[] = []) {
[7m    [0m [91m                                ~[0m
[96msrc/modules/application/application.service.ts[0m:[93m1493[0m:[93m35[0m - [91merror[0m[90m TS2693: [0m'Record' only refers to a type, but is being used as a value here.

[7m1493[0m   private mapApprovals(approvals: Record<string, unknown>[] = []) {
[7m    [0m [91m                                  ~~~~~~[0m
[96msrc/modules/application/application.service.ts[0m:[93m1493[0m:[93m42[0m - [91merror[0m[90m TS2693: [0m'string' only refers to a type, but is being used as a value here.

[7m1493[0m   private mapApprovals(approvals: Record<string, unknown>[] = []) {
[7m    [0m [91m                                         ~~~~~~[0m
[96msrc/modules/application/application.service.ts[0m:[93m1493[0m:[93m50[0m - [91merror[0m[90m TS2693: [0m'unknown' only refers to a type, but is being used as a value here.

[7m1493[0m   private mapApprovals(approvals: Record<string, unknown>[] = []) {
[7m    [0m [91m                                                 ~~~~~~~[0m
[96msrc/modules/application/application.service.ts[0m:[93m1493[0m:[93m61[0m - [91merror[0m[90m TS1005: [0m',' expected.

[7m1493[0m   private mapApprovals(approvals: Record<string, unknown>[] = []) {
[7m    [0m [91m                                                            ~[0m
[96msrc/modules/application/application.service.ts[0m:[93m1493[0m:[93m67[0m - [91merror[0m[90m TS1005: [0m';' expected.

[7m1493[0m   private mapApprovals(approvals: Record<string, unknown>[] = []) {
[7m    [0m [91m                                                                  ~[0m
[96msrc/modules/application/application.service.ts[0m:[93m1494[0m:[93m12[0m - [91merror[0m[90m TS2304: [0mCannot find name 'approvals'.

[7m1494[0m     return approvals.map((approval) =>
[7m    [0m [91m           ~~~~~~~~~[0m
[96msrc/modules/application/application.service.ts[0m:[93m1510[0m:[93m3[0m - [91merror[0m[90m TS1128: [0mDeclaration or statement expected.

[7m1510[0m   private mapSignRecord(record: Record<string, unknown>) {
[7m    [0m [91m  ~~~~~~~[0m
[96msrc/modules/application/application.service.ts[0m:[93m1510[0m:[93m11[0m - [91merror[0m[90m TS2304: [0mCannot find name 'mapSignRecord'.

[7m1510[0m   private mapSignRecord(record: Record<string, unknown>) {
[7m    [0m [91m          ~~~~~~~~~~~~~[0m
[96msrc/modules/application/application.service.ts[0m:[93m1510[0m:[93m25[0m - [91merror[0m[90m TS2304: [0mCannot find name 'record'.

[7m1510[0m   private mapSignRecord(record: Record<string, unknown>) {
[7m    [0m [91m                        ~~~~~~[0m
[96msrc/modules/application/application.service.ts[0m:[93m1510[0m:[93m31[0m - [91merror[0m[90m TS1005: [0m',' expected.

[7m1510[0m   private mapSignRecord(record: Record<string, unknown>) {
[7m    [0m [91m                              ~[0m
[96msrc/modules/application/application.service.ts[0m:[93m1510[0m:[93m33[0m - [91merror[0m[90m TS2693: [0m'Record' only refers to a type, but is being used as a value here.

[7m1510[0m   private mapSignRecord(record: Record<string, unknown>) {
[7m    [0m [91m                                ~~~~~~[0m
[96msrc/modules/application/application.service.ts[0m:[93m1510[0m:[93m58[0m - [91merror[0m[90m TS1005: [0m';' expected.

[7m1510[0m   private mapSignRecord(record: Record<string, unknown>) {
[7m    [0m [91m                                                         ~[0m
[96msrc/modules/application/application.service.ts[0m:[93m1512[0m:[93m11[0m - [91merror[0m[90m TS2304: [0mCannot find name 'record'.

[7m1512[0m       id: record.id,
[7m    [0m [91m          ~~~~~~[0m
[96msrc/modules/application/application.service.ts[0m:[93m1513[0m:[93m15[0m - [91merror[0m[90m TS2304: [0mCannot find name 'record'.

[7m1513[0m       status: record.status,
[7m    [0m [91m              ~~~~~~[0m
[96msrc/modules/application/application.service.ts[0m:[93m1514[0m:[93m20[0m - [91merror[0m[90m TS2304: [0mCannot find name 'record'.

[7m1514[0m       contractUrl: record.contractUrl,
[7m    [0m [91m                   ~~~~~~[0m
[96msrc/modules/application/application.service.ts[0m:[93m1515[0m:[93m17[0m - [91merror[0m[90m TS2304: [0mCannot find name 'record'.

[7m1515[0m       signedAt: record.signedAt,
[7m    [0m [91m                ~~~~~~[0m
[96msrc/modules/application/application.service.ts[0m:[93m1516[0m:[93m17[0m - [91merror[0m[90m TS2304: [0mCannot find name 'record'.

[7m1516[0m       videoUrl: record.videoUrl,
[7m    [0m [91m                ~~~~~~[0m
[96msrc/modules/application/application.service.ts[0m:[93m1517[0m:[93m18[0m - [91merror[0m[90m TS2304: [0mCannot find name 'record'.

[7m1517[0m       expiredAt: record.expiredAt,
[7m    [0m [91m                 ~~~~~~[0m
[96msrc/modules/application/application.service.ts[0m:[93m1518[0m:[93m24[0m - [91merror[0m[90m TS2304: [0mCannot find name 'record'.

[7m1518[0m       cancelledReason: record.cancelledReason
[7m    [0m [91m                       ~~~~~~[0m
[96msrc/modules/application/application.service.ts[0m:[93m1522[0m:[93m3[0m - [91merror[0m[90m TS1128: [0mDeclaration or statement expected.

[7m1522[0m   private mapDisbursement(disbursement: Record<string, unknown>) {
[7m    [0m [91m  ~~~~~~~[0m
[96msrc/modules/application/application.service.ts[0m:[93m1522[0m:[93m11[0m - [91merror[0m[90m TS2304: [0mCannot find name 'mapDisbursement'.

[7m1522[0m   private mapDisbursement(disbursement: Record<string, unknown>) {
[7m    [0m [91m          ~~~~~~~~~~~~~~~[0m
[96msrc/modules/application/application.service.ts[0m:[93m1522[0m:[93m27[0m - [91merror[0m[90m TS2304: [0mCannot find name 'disbursement'.

[7m1522[0m   private mapDisbursement(disbursement: Record<string, unknown>) {
[7m    [0m [91m                          ~~~~~~~~~~~~[0m
[96msrc/modules/application/application.service.ts[0m:[93m1522[0m:[93m39[0m - [91merror[0m[90m TS1005: [0m',' expected.

[7m1522[0m   private mapDisbursement(disbursement: Record<string, unknown>) {
[7m    [0m [91m                                      ~[0m
[96msrc/modules/application/application.service.ts[0m:[93m1522[0m:[93m41[0m - [91merror[0m[90m TS2693: [0m'Record' only refers to a type, but is being used as a value here.

[7m1522[0m   private mapDisbursement(disbursement: Record<string, unknown>) {
[7m    [0m [91m                                        ~~~~~~[0m
[96msrc/modules/application/application.service.ts[0m:[93m1522[0m:[93m66[0m - [91merror[0m[90m TS1005: [0m';' expected.

[7m1522[0m   private mapDisbursement(disbursement: Record<string, unknown>) {
[7m    [0m [91m                                                                 ~[0m
[96msrc/modules/application/application.service.ts[0m:[93m1524[0m:[93m11[0m - [91merror[0m[90m TS2304: [0mCannot find name 'disbursement'.

[7m1524[0m       id: disbursement.id,
[7m    [0m [91m          ~~~~~~~~~~~~[0m
[96msrc/modules/application/application.service.ts[0m:[93m1525[0m:[93m15[0m - [91merror[0m[90m TS2304: [0mCannot find name 'disbursement'.

[7m1525[0m       status: disbursement.status,
[7m    [0m [91m              ~~~~~~~~~~~~[0m
[96msrc/modules/application/application.service.ts[0m:[93m1526[0m:[93m20[0m - [91merror[0m[90m TS2304: [0mCannot find name 'disbursement'.

[7m1526[0m       gpsDeviceNo: disbursement.gpsDeviceNo,
[7m    [0m [91m                   ~~~~~~~~~~~~[0m
[96msrc/modules/application/application.service.ts[0m:[93m1527[0m:[93m22[0m - [91merror[0m[90m TS2304: [0mCannot find name 'disbursement'.

[7m1527[0m       gpsInstallImg: disbursement.gpsInstallImg,
[7m    [0m [91m                     ~~~~~~~~~~~~[0m
[96msrc/modules/application/application.service.ts[0m:[93m1528[0m:[93m21[0m - [91merror[0m[90m TS2304: [0mCannot find name 'disbursement'.

[7m1528[0m       gpsInstallAt: disbursement.gpsInstallAt,
[7m    [0m [91m                    ~~~~~~~~~~~~[0m
[96msrc/modules/application/application.service.ts[0m:[93m1529[0m:[93m23[0m - [91merror[0m[90m TS2304: [0mCannot find name 'disbursement'.

[7m1529[0m       mortgageStatus: disbursement.mortgageStatus,
[7m    [0m [91m                      ~~~~~~~~~~~~[0m
[96msrc/modules/application/application.service.ts[0m:[93m1530[0m:[93m20[0m - [91merror[0m[90m TS2304: [0mCannot find name 'disbursement'.

[7m1530[0m       mortgageImg: disbursement.mortgageImg,
[7m    [0m [91m                   ~~~~~~~~~~~~[0m
[96msrc/modules/application/application.service.ts[0m:[93m1531[0m:[93m19[0m - [91merror[0m[90m TS2304: [0mCannot find name 'disbursement'.

[7m1531[0m       mortgageAt: disbursement.mortgageAt,
[7m    [0m [91m                  ~~~~~~~~~~~~[0m
[96msrc/modules/application/application.service.ts[0m:[93m1532[0m:[93m23[0m - [91merror[0m[90m TS2304: [0mCannot find name 'disbursement'.

[7m1532[0m       disburseAmount: disbursement.disburseAmount,
[7m    [0m [91m                      ~~~~~~~~~~~~[0m
[96msrc/modules/application/application.service.ts[0m:[93m1533[0m:[93m24[0m - [91merror[0m[90m TS2304: [0mCannot find name 'disbursement'.

[7m1533[0m       disburseAccount: disbursement.disburseAccount,
[7m    [0m [91m                       ~~~~~~~~~~~~[0m
[96msrc/modules/application/application.service.ts[0m:[93m1534[0m:[93m19[0m - [91merror[0m[90m TS2304: [0mCannot find name 'disbursement'.

[7m1534[0m       disburseAt: disbursement.disburseAt,
[7m    [0m [91m                  ~~~~~~~~~~~~[0m
[96msrc/modules/application/application.service.ts[0m:[93m1535[0m:[93m22[0m - [91merror[0m[90m TS2304: [0mCannot find name 'disbursement'.

[7m1535[0m       transactionNo: disbursement.transactionNo,
[7m    [0m [91m                     ~~~~~~~~~~~~[0m
[96msrc/modules/application/application.service.ts[0m:[93m1536[0m:[93m19[0m - [91merror[0m[90m TS2304: [0mCannot find name 'disbursement'.

[7m1536[0m       voucherUrl: disbursement.voucherUrl,
[7m    [0m [91m                  ~~~~~~~~~~~~[0m
[96msrc/modules/application/application.service.ts[0m:[93m1537[0m:[93m15[0m - [91merror[0m[90m TS2304: [0mCannot find name 'disbursement'.

[7m1537[0m       remark: disbursement.remark
[7m    [0m [91m              ~~~~~~~~~~~~[0m
[96msrc/modules/application/application.service.ts[0m:[93m1541[0m:[93m3[0m - [91merror[0m[90m TS1128: [0mDeclaration or statement expected.

[7m1541[0m   private mapRepayments(repayments: Record<string, unknown>[] = []) {
[7m    [0m [91m  ~~~~~~~[0m
[96msrc/modules/application/application.service.ts[0m:[93m1541[0m:[93m11[0m - [91merror[0m[90m TS2304: [0mCannot find name 'mapRepayments'.

[7m1541[0m   private mapRepayments(repayments: Record<string, unknown>[] = []) {
[7m    [0m [91m          ~~~~~~~~~~~~~[0m
[96msrc/modules/application/application.service.ts[0m:[93m1541[0m:[93m25[0m - [91merror[0m[90m TS2304: [0mCannot find name 'repayments'.

[7m1541[0m   private mapRepayments(repayments: Record<string, unknown>[] = []) {
[7m    [0m [91m                        ~~~~~~~~~~[0m
[96msrc/modules/application/application.service.ts[0m:[93m1541[0m:[93m35[0m - [91merror[0m[90m TS1005: [0m',' expected.

[7m1541[0m   private mapRepayments(repayments: Record<string, unknown>[] = []) {
[7m    [0m [91m                                  ~[0m
[96msrc/modules/application/application.service.ts[0m:[93m1541[0m:[93m37[0m - [91merror[0m[90m TS2693: [0m'Record' only refers to a type, but is being used as a value here.

[7m1541[0m   private mapRepayments(repayments: Record<string, unknown>[] = []) {
[7m    [0m [91m                                    ~~~~~~[0m
[96msrc/modules/application/application.service.ts[0m:[93m1541[0m:[93m44[0m - [91merror[0m[90m TS2693: [0m'string' only refers to a type, but is being used as a value here.

[7m1541[0m   private mapRepayments(repayments: Record<string, unknown>[] = []) {
[7m    [0m [91m                                           ~~~~~~[0m
[96msrc/modules/application/application.service.ts[0m:[93m1541[0m:[93m52[0m - [91merror[0m[90m TS2693: [0m'unknown' only refers to a type, but is being used as a value here.

[7m1541[0m   private mapRepayments(repayments: Record<string, unknown>[] = []) {
[7m    [0m [91m                                                   ~~~~~~~[0m
[96msrc/modules/application/application.service.ts[0m:[93m1541[0m:[93m63[0m - [91merror[0m[90m TS1005: [0m',' expected.

[7m1541[0m   private mapRepayments(repayments: Record<string, unknown>[] = []) {
[7m    [0m [91m                                                              ~[0m
[96msrc/modules/application/application.service.ts[0m:[93m1541[0m:[93m69[0m - [91merror[0m[90m TS1005: [0m';' expected.

[7m1541[0m   private mapRepayments(repayments: Record<string, unknown>[] = []) {
[7m    [0m [91m                                                                    ~[0m
[96msrc/modules/application/application.service.ts[0m:[93m1542[0m:[93m12[0m - [91merror[0m[90m TS2304: [0mCannot find name 'repayments'.

[7m1542[0m     return repayments.map((repayment) =>
[7m    [0m [91m           ~~~~~~~~~~[0m
[96msrc/modules/application/application.service.ts[0m:[93m1561[0m:[93m3[0m - [91merror[0m[90m TS1128: [0mDeclaration or statement expected.

[7m1561[0m   private buildRepaymentSummary(repayments: Record<string, unknown>[] = []) {
[7m    [0m [91m  ~~~~~~~[0m
[96msrc/modules/application/application.service.ts[0m:[93m1561[0m:[93m11[0m - [91merror[0m[90m TS2304: [0mCannot find name 'buildRepaymentSummary'.

[7m1561[0m   private buildRepaymentSummary(repayments: Record<string, unknown>[] = []) {
[7m    [0m [91m          ~~~~~~~~~~~~~~~~~~~~~[0m
[96msrc/modules/application/application.service.ts[0m:[93m1561[0m:[93m33[0m - [91merror[0m[90m TS2304: [0mCannot find name 'repayments'.

[7m1561[0m   private buildRepaymentSummary(repayments: Record<string, unknown>[] = []) {
[7m    [0m [91m                                ~~~~~~~~~~[0m
[96msrc/modules/application/application.service.ts[0m:[93m1561[0m:[93m43[0m - [91merror[0m[90m TS1005: [0m',' expected.

[7m1561[0m   private buildRepaymentSummary(repayments: Record<string, unknown>[] = []) {
[7m    [0m [91m                                          ~[0m
[96msrc/modules/application/application.service.ts[0m:[93m1561[0m:[93m45[0m - [91merror[0m[90m TS2693: [0m'Record' only refers to a type, but is being used as a value here.

[7m1561[0m   private buildRepaymentSummary(repayments: Record<string, unknown>[] = []) {
[7m    [0m [91m                                            ~~~~~~[0m
[96msrc/modules/application/application.service.ts[0m:[93m1561[0m:[93m52[0m - [91merror[0m[90m TS2693: [0m'string' only refers to a type, but is being used as a value here.

[7m1561[0m   private buildRepaymentSummary(repayments: Record<string, unknown>[] = []) {
[7m    [0m [91m                                                   ~~~~~~[0m
[96msrc/modules/application/application.service.ts[0m:[93m1561[0m:[93m60[0m - [91merror[0m[90m TS2693: [0m'unknown' only refers to a type, but is being used as a value here.

[7m1561[0m   private buildRepaymentSummary(repayments: Record<string, unknown>[] = []) {
[7m    [0m [91m                                                           ~~~~~~~[0m
[96msrc/modules/application/application.service.ts[0m:[93m1561[0m:[93m71[0m - [91merror[0m[90m TS1005: [0m',' expected.

[7m1561[0m   private buildRepaymentSummary(repayments: Record<string, unknown>[] = []) {
[7m    [0m [91m                                                                      ~[0m
[96msrc/modules/application/application.service.ts[0m:[93m1561[0m:[93m77[0m - [91merror[0m[90m TS1005: [0m';' expected.

[7m1561[0m   private buildRepaymentSummary(repayments: Record<string, unknown>[] = []) {
[7m    [0m [91m                                                                            ~[0m
[96msrc/modules/application/application.service.ts[0m:[93m1563[0m:[93m21[0m - [91merror[0m[90m TS2304: [0mCannot find name 'repayments'.

[7m1563[0m       totalPeriods: repayments.length,
[7m    [0m [91m                    ~~~~~~~~~~[0m
[96msrc/modules/application/application.service.ts[0m:[93m1564[0m:[93m20[0m - [91merror[0m[90m TS2304: [0mCannot find name 'repayments'.

[7m1564[0m       paidPeriods: repayments.filter((item) => item.status === RepaymentStatus.PAID).length,
[7m    [0m [91m                   ~~~~~~~~~~[0m
[96msrc/modules/application/application.service.ts[0m:[93m1565[0m:[93m23[0m - [91merror[0m[90m TS2304: [0mCannot find name 'repayments'.

[7m1565[0m       overduePeriods: repayments.filter((item) => item.status === RepaymentStatus.OVERDUE).length,
[7m    [0m [91m                      ~~~~~~~~~~[0m
[96msrc/modules/application/application.service.ts[0m:[93m1566[0m:[93m21[0m - [91merror[0m[90m TS2304: [0mCannot find name 'repayments'.

[7m1566[0m       unpaidAmount: repayments.reduce((sum, item) => {
[7m    [0m [91m                    ~~~~~~~~~~[0m
[96msrc/modules/application/application.service.ts[0m:[93m1573[0m:[93m3[0m - [91merror[0m[90m TS1128: [0mDeclaration or statement expected.

[7m1573[0m   private mapFlowApplication(application: Record<string, unknown>) {
[7m    [0m [91m  ~~~~~~~[0m
[96msrc/modules/application/application.service.ts[0m:[93m1573[0m:[93m11[0m - [91merror[0m[90m TS2304: [0mCannot find name 'mapFlowApplication'.

[7m1573[0m   private mapFlowApplication(application: Record<string, unknown>) {
[7m    [0m [91m          ~~~~~~~~~~~~~~~~~~[0m
[96msrc/modules/application/application.service.ts[0m:[93m1573[0m:[93m30[0m - [91merror[0m[90m TS2304: [0mCannot find name 'application'.

[7m1573[0m   private mapFlowApplication(application: Record<string, unknown>) {
[7m    [0m [91m                             ~~~~~~~~~~~[0m
[96msrc/modules/application/application.service.ts[0m:[93m1573[0m:[93m41[0m - [91merror[0m[90m TS1005: [0m',' expected.

[7m1573[0m   private mapFlowApplication(application: Record<string, unknown>) {
[7m    [0m [91m                                        ~[0m
[96msrc/modules/application/application.service.ts[0m:[93m1573[0m:[93m43[0m - [91merror[0m[90m TS2693: [0m'Record' only refers to a type, but is being used as a value here.

[7m1573[0m   private mapFlowApplication(application: Record<string, unknown>) {
[7m    [0m [91m                                          ~~~~~~[0m
[96msrc/modules/application/application.service.ts[0m:[93m1573[0m:[93m68[0m - [91merror[0m[90m TS1005: [0m';' expected.

[7m1573[0m   private mapFlowApplication(application: Record<string, unknown>) {
[7m    [0m [91m                                                                   ~[0m
[96msrc/modules/application/application.service.ts[0m:[93m1576[0m:[93m22[0m - [91merror[0m[90m TS2304: [0mCannot find name 'application'.

[7m1576[0m       creditOrderId: application.applicationNo,
[7m    [0m [91m                     ~~~~~~~~~~~[0m
[96msrc/modules/application/application.service.ts[0m:[93m1577[0m:[93m24[0m - [91merror[0m[90m TS2532: [0mObject is possibly 'undefined'.

[7m1577[0m       currentNodeName: this.resolveFlowNodeName(application),
[7m    [0m [91m                       ~~~~[0m
[96msrc/modules/application/application.service.ts[0m:[93m1579[0m:[93m35[0m - [91merror[0m[90m TS2304: [0mCannot find name 'application'.

[7m1579[0m         FLOW_STATUS_LABELS[Number(application.currentStatus)] || String(application.currentStatus),
[7m    [0m [91m                                  ~~~~~~~~~~~[0m
[96msrc/modules/application/application.service.ts[0m:[93m1579[0m:[93m73[0m - [91merror[0m[90m TS2304: [0mCannot find name 'application'.

[7m1579[0m         FLOW_STATUS_LABELS[Number(application.currentStatus)] || String(application.currentStatus),
[7m    [0m [91m                                                                        ~~~~~~~~~~~[0m
[96msrc/modules/application/application.service.ts[0m:[93m1580[0m:[93m21[0m - [91merror[0m[90m TS2304: [0mCannot find name 'application'.

[7m1580[0m       customerName: application.customer?.name,
[7m    [0m [91m                    ~~~~~~~~~~~[0m
[96msrc/modules/application/application.service.ts[0m:[93m1581[0m:[93m22[0m - [91merror[0m[90m TS2304: [0mCannot find name 'application'.

[7m1581[0m       customerPhone: application.customer?.phone,
[7m    [0m [91m                     ~~~~~~~~~~~[0m
[96msrc/modules/application/application.service.ts[0m:[93m1582[0m:[93m20[0m - [91merror[0m[90m TS2304: [0mCannot find name 'application'.

[7m1582[0m       productName: application.product?.name,
[7m    [0m [91m                   ~~~~~~~~~~~[0m
[96msrc/modules/application/application.service.ts[0m:[93m1583[0m:[93m19[0m - [91merror[0m[90m TS2304: [0mCannot find name 'application'.

[7m1583[0m       funderName: application.funder?.name,
[7m    [0m [91m                  ~~~~~~~~~~~[0m
[96msrc/modules/application/application.service.ts[0m:[93m1584[0m:[93m16[0m - [91merror[0m[90m TS2304: [0mCannot find name 'application'.

[7m1584[0m       orgName: application.org?.name,
[7m    [0m [91m               ~~~~~~~~~~~[0m
[96msrc/modules/application/application.service.ts[0m:[93m1585[0m:[93m20[0m - [91merror[0m[90m TS2304: [0mCannot find name 'application'.

[7m1585[0m       creatorName: application.creator?.nickName || application.creator?.userName
[7m    [0m [91m                   ~~~~~~~~~~~[0m
[96msrc/modules/application/application.service.ts[0m:[93m1585[0m:[93m53[0m - [91merror[0m[90m TS2304: [0mCannot find name 'application'.

[7m1585[0m       creatorName: application.creator?.nickName || application.creator?.userName
[7m    [0m [91m                                                    ~~~~~~~~~~~[0m
[96msrc/modules/application/application.service.ts[0m:[93m1589[0m:[93m3[0m - [91merror[0m[90m TS1128: [0mDeclaration or statement expected.

[7m1589[0m   private resolveFlowNodeName(application: Record<string, unknown>) {
[7m    [0m [91m  ~~~~~~~[0m
[96msrc/modules/application/application.service.ts[0m:[93m1589[0m:[93m11[0m - [91merror[0m[90m TS2304: [0mCannot find name 'resolveFlowNodeName'.

[7m1589[0m   private resolveFlowNodeName(application: Record<string, unknown>) {
[7m    [0m [91m          ~~~~~~~~~~~~~~~~~~~[0m
[96msrc/modules/application/application.service.ts[0m:[93m1589[0m:[93m31[0m - [91merror[0m[90m TS2304: [0mCannot find name 'application'.

[7m1589[0m   private resolveFlowNodeName(application: Record<string, unknown>) {
[7m    [0m [91m                              ~~~~~~~~~~~[0m
[96msrc/modules/application/application.service.ts[0m:[93m1589[0m:[93m42[0m - [91merror[0m[90m TS1005: [0m',' expected.

[7m1589[0m   private resolveFlowNodeName(application: Record<string, unknown>) {
[7m    [0m [91m                                         ~[0m
[96msrc/modules/application/application.service.ts[0m:[93m1589[0m:[93m44[0m - [91merror[0m[90m TS2693: [0m'Record' only refers to a type, but is being used as a value here.

[7m1589[0m   private resolveFlowNodeName(application: Record<string, unknown>) {
[7m    [0m [91m                                           ~~~~~~[0m
[96msrc/modules/application/application.service.ts[0m:[93m1589[0m:[93m69[0m - [91merror[0m[90m TS1005: [0m';' expected.

[7m1589[0m   private resolveFlowNodeName(application: Record<string, unknown>) {
[7m    [0m [91m                                                                    ~[0m
[96msrc/modules/application/application.service.ts[0m:[93m1590[0m:[93m25[0m - [91merror[0m[90m TS2304: [0mCannot find name 'application'.

[7m1590[0m     const flowConfigs = application.org?.flowConfigs
[7m    [0m [91m                        ~~~~~~~~~~~[0m
[96msrc/modules/application/application.service.ts[0m:[93m1594[0m:[93m35[0m - [91merror[0m[90m TS2304: [0mCannot find name 'application'.

[7m1594[0m             item.businessType === application.businessType &&
[7m    [0m [91m                                  ~~~~~~~~~~~[0m
[96msrc/modules/application/application.service.ts[0m:[93m1595[0m:[93m46[0m - [91merror[0m[90m TS2304: [0mCannot find name 'application'.

[7m1595[0m             String(item.nodeCode) === String(application.currentNode)
[7m    [0m [91m                                             ~~~~~~~~~~~[0m
[96msrc/modules/application/application.service.ts[0m:[93m1600[0m:[93m38[0m - [91merror[0m[90m TS2304: [0mCannot find name 'application'.

[7m1600[0m       DEFAULT_FLOW_NODE_NAMES[Number(application.currentNode)] ||
[7m    [0m [91m                                     ~~~~~~~~~~~[0m
[96msrc/modules/application/application.service.ts[0m:[93m1601[0m:[93m14[0m - [91merror[0m[90m TS2304: [0mCannot find name 'application'.

[7m1601[0m       String(application.currentNode)
[7m    [0m [91m             ~~~~~~~~~~~[0m
[96msrc/modules/application/application.service.ts[0m:[93m1605[0m:[93m3[0m - [91merror[0m[90m TS1128: [0mDeclaration or statement expected.

[7m1605[0m   private resolveFlowPhaseCode(application: Record<string, unknown>) {
[7m    [0m [91m  ~~~~~~~[0m
[96msrc/modules/application/application.service.ts[0m:[93m1605[0m:[93m11[0m - [91merror[0m[90m TS2304: [0mCannot find name 'resolveFlowPhaseCode'.

[7m1605[0m   private resolveFlowPhaseCode(application: Record<string, unknown>) {
[7m    [0m [91m          ~~~~~~~~~~~~~~~~~~~~[0m
[96msrc/modules/application/application.service.ts[0m:[93m1605[0m:[93m32[0m - [91merror[0m[90m TS2304: [0mCannot find name 'application'.

[7m1605[0m   private resolveFlowPhaseCode(application: Record<string, unknown>) {
[7m    [0m [91m                               ~~~~~~~~~~~[0m
[96msrc/modules/application/application.service.ts[0m:[93m1605[0m:[93m43[0m - [91merror[0m[90m TS1005: [0m',' expected.

[7m1605[0m   private resolveFlowPhaseCode(application: Record<string, unknown>) {
[7m    [0m [91m                                          ~[0m
[96msrc/modules/application/application.service.ts[0m:[93m1605[0m:[93m45[0m - [91merror[0m[90m TS2693: [0m'Record' only refers to a type, but is being used as a value here.

[7m1605[0m   private resolveFlowPhaseCode(application: Record<string, unknown>) {
[7m    [0m [91m                                            ~~~~~~[0m
[96msrc/modules/application/application.service.ts[0m:[93m1605[0m:[93m70[0m - [91merror[0m[90m TS1005: [0m';' expected.

[7m1605[0m   private resolveFlowPhaseCode(application: Record<string, unknown>) {
[7m    [0m [91m                                                                     ~[0m
[96msrc/modules/application/application.service.ts[0m:[93m1606[0m:[93m32[0m - [91merror[0m[90m TS2304: [0mCannot find name 'application'.

[7m1606[0m     const currentNode = Number(application.currentNode)
[7m    [0m [91m                               ~~~~~~~~~~~[0m
[96msrc/modules/application/application.service.ts[0m:[93m1607[0m:[93m25[0m - [91merror[0m[90m TS2304: [0mCannot find name 'application'.

[7m1607[0m     const flowConfigs = application.org?.flowConfigs
[7m    [0m [91m                        ~~~~~~~~~~~[0m
[96msrc/modules/application/application.service.ts[0m:[93m1611[0m:[93m35[0m - [91merror[0m[90m TS2304: [0mCannot find name 'application'.

[7m1611[0m             item.businessType === application.businessType &&
[7m    [0m [91m                                  ~~~~~~~~~~~[0m
[96msrc/modules/application/application.service.ts[0m:[93m1612[0m:[93m46[0m - [91merror[0m[90m TS2304: [0mCannot find name 'application'.

[7m1612[0m             String(item.nodeCode) === String(application.currentNode)
[7m    [0m [91m                                             ~~~~~~~~~~~[0m
[96msrc/modules/application/application.service.ts[0m:[93m1621[0m:[93m3[0m - [91merror[0m[90m TS1128: [0mDeclaration or statement expected.

[7m1621[0m   private resolveFlowPhaseName(application: Record<string, unknown>, phaseCode: number) {
[7m    [0m [91m  ~~~~~~~[0m
[96msrc/modules/application/application.service.ts[0m:[93m1621[0m:[93m11[0m - [91merror[0m[90m TS2304: [0mCannot find name 'resolveFlowPhaseName'.

[7m1621[0m   private resolveFlowPhaseName(application: Record<string, unknown>, phaseCode: number) {
[7m    [0m [91m          ~~~~~~~~~~~~~~~~~~~~[0m
[96msrc/modules/application/application.service.ts[0m:[93m1621[0m:[93m32[0m - [91merror[0m[90m TS2304: [0mCannot find name 'application'.

[7m1621[0m   private resolveFlowPhaseName(application: Record<string, unknown>, phaseCode: number) {
[7m    [0m [91m                               ~~~~~~~~~~~[0m
[96msrc/modules/application/application.service.ts[0m:[93m1621[0m:[93m43[0m - [91merror[0m[90m TS1005: [0m',' expected.

[7m1621[0m   private resolveFlowPhaseName(application: Record<string, unknown>, phaseCode: number) {
[7m    [0m [91m                                          ~[0m
[96msrc/modules/application/application.service.ts[0m:[93m1621[0m:[93m45[0m - [91merror[0m[90m TS2693: [0m'Record' only refers to a type, but is being used as a value here.

[7m1621[0m   private resolveFlowPhaseName(application: Record<string, unknown>, phaseCode: number) {
[7m    [0m [91m                                            ~~~~~~[0m
[96msrc/modules/application/application.service.ts[0m:[93m1621[0m:[93m70[0m - [91merror[0m[90m TS2304: [0mCannot find name 'phaseCode'.

[7m1621[0m   private resolveFlowPhaseName(application: Record<string, unknown>, phaseCode: number) {
[7m    [0m [91m                                                                     ~~~~~~~~~[0m
[96msrc/modules/application/application.service.ts[0m:[93m1621[0m:[93m79[0m - [91merror[0m[90m TS1005: [0m',' expected.

[7m1621[0m   private resolveFlowPhaseName(application: Record<string, unknown>, phaseCode: number) {
[7m    [0m [91m                                                                              ~[0m
[96msrc/modules/application/application.service.ts[0m:[93m1621[0m:[93m81[0m - [91merror[0m[90m TS2693: [0m'number' only refers to a type, but is being used as a value here.

[7m1621[0m   private resolveFlowPhaseName(application: Record<string, unknown>, phaseCode: number) {
[7m    [0m [91m                                                                                ~~~~~~[0m
[96msrc/modules/application/application.service.ts[0m:[93m1621[0m:[93m89[0m - [91merror[0m[90m TS1005: [0m';' expected.

[7m1621[0m   private resolveFlowPhaseName(application: Record<string, unknown>, phaseCode: number) {
[7m    [0m [91m                                                                                        ~[0m
[96msrc/modules/application/application.service.ts[0m:[93m1622[0m:[93m25[0m - [91merror[0m[90m TS2304: [0mCannot find name 'application'.

[7m1622[0m     const flowConfigs = application.org?.flowConfigs
[7m    [0m [91m                        ~~~~~~~~~~~[0m
[96msrc/modules/application/application.service.ts[0m:[93m1626[0m:[93m35[0m - [91merror[0m[90m TS2304: [0mCannot find name 'application'.

[7m1626[0m             item.businessType === application.businessType &&
[7m    [0m [91m                                  ~~~~~~~~~~~[0m
[96msrc/modules/application/application.service.ts[0m:[93m1627[0m:[93m46[0m - [91merror[0m[90m TS2304: [0mCannot find name 'application'.

[7m1627[0m             String(item.nodeCode) === String(application.currentNode)
[7m    [0m [91m                                             ~~~~~~~~~~~[0m
[96msrc/modules/application/application.service.ts[0m:[93m1633[0m:[93m52[0m - [91merror[0m[90m TS18048: [0m'ruleConfig' is possibly 'undefined'.

[7m1633[0m       (typeof ruleConfig?.phaseName === 'string' ? ruleConfig.phaseName : '') ||
[7m    [0m [91m                                                   ~~~~~~~~~~[0m
[96msrc/modules/application/application.service.ts[0m:[93m1634[0m:[93m32[0m - [91merror[0m[90m TS2304: [0mCannot find name 'phaseCode'.

[7m1634[0m       DEFAULT_FLOW_PHASE_NAMES[phaseCode] ||
[7m    [0m [91m                               ~~~~~~~~~[0m
[96msrc/modules/application/application.service.ts[0m:[93m1635[0m:[93m7[0m - [91merror[0m[90m TS2532: [0mObject is possibly 'undefined'.

[7m1635[0m       this.resolveFlowNodeName(application)
[7m    [0m [91m      ~~~~[0m
[96msrc/modules/application/application.service.ts[0m:[93m1639[0m:[93m3[0m - [91merror[0m[90m TS1128: [0mDeclaration or statement expected.

[7m1639[0m   private async createRepaymentPlansIfNeeded(
[7m    [0m [91m  ~~~~~~~[0m
[96msrc/modules/application/application.service.ts[0m:[93m1639[0m:[93m11[0m - [91merror[0m[90m TS1434: [0mUnexpected keyword or identifier.

[7m1639[0m   private async createRepaymentPlansIfNeeded(
[7m    [0m [91m          ~~~~~[0m
[96msrc/modules/application/application.service.ts[0m:[93m1639[0m:[93m11[0m - [91merror[0m[90m TS2304: [0mCannot find name 'async'.

[7m1639[0m   private async createRepaymentPlansIfNeeded(
[7m    [0m [91m          ~~~~~[0m
[96msrc/modules/application/application.service.ts[0m:[93m1639[0m:[93m17[0m - [91merror[0m[90m TS2304: [0mCannot find name 'createRepaymentPlansIfNeeded'.

[7m1639[0m   private async createRepaymentPlansIfNeeded(
[7m    [0m [91m                ~~~~~~~~~~~~~~~~~~~~~~~~~~~~[0m
[96msrc/modules/application/application.service.ts[0m:[93m1640[0m:[93m5[0m - [91merror[0m[90m TS2304: [0mCannot find name 'tx'.

[7m1640[0m     tx: Prisma.TransactionClient,
[7m    [0m [91m    ~~[0m
[96msrc/modules/application/application.service.ts[0m:[93m1640[0m:[93m7[0m - [91merror[0m[90m TS1005: [0m',' expected.

[7m1640[0m     tx: Prisma.TransactionClient,
[7m    [0m [91m      ~[0m
[96msrc/modules/application/application.service.ts[0m:[93m1640[0m:[93m9[0m - [91merror[0m[90m TS2304: [0mCannot find name 'Prisma'.

[7m1640[0m     tx: Prisma.TransactionClient,
[7m    [0m [91m        ~~~~~~[0m
[96msrc/modules/application/application.service.ts[0m:[93m1641[0m:[93m5[0m - [91merror[0m[90m TS2304: [0mCannot find name 'application'.

[7m1641[0m     application: Record<string, unknown>,
[7m    [0m [91m    ~~~~~~~~~~~[0m
[96msrc/modules/application/application.service.ts[0m:[93m1641[0m:[93m16[0m - [91merror[0m[90m TS1005: [0m',' expected.

[7m1641[0m     application: Record<string, unknown>,
[7m    [0m [91m               ~[0m
[96msrc/modules/application/application.service.ts[0m:[93m1641[0m:[93m18[0m - [91merror[0m[90m TS2693: [0m'Record' only refers to a type, but is being used as a value here.

[7m1641[0m     application: Record<string, unknown>,
[7m    [0m [91m                 ~~~~~~[0m
[96msrc/modules/application/application.service.ts[0m:[93m1642[0m:[93m5[0m - [91merror[0m[90m TS2304: [0mCannot find name 'dto'.

[7m1642[0m     dto: ConfirmDisbursementDto
[7m    [0m [91m    ~~~[0m
[96msrc/modules/application/application.service.ts[0m:[93m1642[0m:[93m8[0m - [91merror[0m[90m TS1005: [0m',' expected.

[7m1642[0m     dto: ConfirmDisbursementDto
[7m    [0m [91m       ~[0m
[96msrc/modules/application/application.service.ts[0m:[93m1643[0m:[93m5[0m - [91merror[0m[90m TS1005: [0m';' expected.

[7m1643[0m   ) {
[7m    [0m [91m    ~[0m
[96msrc/modules/application/application.service.ts[0m:[93m1644[0m:[93m27[0m - [91merror[0m[90m TS2304: [0mCannot find name 'tx'.

[7m1644[0m     const existed = await tx.repaymentPlan.count({ where: { applicationId: application.id } })
[7m    [0m [91m                          ~~[0m
[96msrc/modules/application/application.service.ts[0m:[93m1644[0m:[93m76[0m - [91merror[0m[90m TS2304: [0mCannot find name 'application'.

[7m1644[0m     const existed = await tx.repaymentPlan.count({ where: { applicationId: application.id } })
[7m    [0m [91m                                                                           ~~~~~~~~~~~[0m
[96msrc/modules/application/application.service.ts[0m:[93m1647[0m:[93m25[0m - [91merror[0m[90m TS2304: [0mCannot find name 'application'.

[7m1647[0m     const term = Number(application.approvedTerm ?? application.term)
[7m    [0m [91m                        ~~~~~~~~~~~[0m
[96msrc/modules/application/application.service.ts[0m:[93m1647[0m:[93m53[0m - [91merror[0m[90m TS2304: [0mCannot find name 'application'.

[7m1647[0m     const term = Number(application.approvedTerm ?? application.term)
[7m    [0m [91m                                                    ~~~~~~~~~~~[0m
[96msrc/modules/application/application.service.ts[0m:[93m1648[0m:[93m27[0m - [91merror[0m[90m TS2304: [0mCannot find name 'dto'.

[7m1648[0m     const amount = Number(dto.disburseAmount)
[7m    [0m [91m                          ~~~[0m
[96msrc/modules/application/application.service.ts[0m:[93m1649[0m:[93m31[0m - [91merror[0m[90m TS2304: [0mCannot find name 'application'.

[7m1649[0m     const annualRate = Number(application.approvedRate ?? application.rate)
[7m    [0m [91m                              ~~~~~~~~~~~[0m
[96msrc/modules/application/application.service.ts[0m:[93m1649[0m:[93m59[0m - [91merror[0m[90m TS2304: [0mCannot find name 'application'.

[7m1649[0m     const annualRate = Number(application.approvedRate ?? application.rate)
[7m    [0m [91m                                                          ~~~~~~~~~~~[0m
[96msrc/modules/application/application.service.ts[0m:[93m1653[0m:[93m25[0m - [91merror[0m[90m TS2304: [0mCannot find name 'dto'.

[7m1653[0m     const baseDueDate = dto.firstDueDate
[7m    [0m [91m                        ~~~[0m
[96msrc/modules/application/application.service.ts[0m:[93m1654[0m:[93m18[0m - [91merror[0m[90m TS2304: [0mCannot find name 'dto'.

[7m1654[0m       ? new Date(dto.firstDueDate)
[7m    [0m [91m                 ~~~[0m
[96msrc/modules/application/application.service.ts[0m:[93m1655[0m:[93m18[0m - [91merror[0m[90m TS2304: [0mCannot find name 'dto'.

[7m1655[0m       : new Date(dto.disburseAt || new Date())
[7m    [0m [91m                 ~~~[0m
[96msrc/modules/application/application.service.ts[0m:[93m1656[0m:[93m10[0m - [91merror[0m[90m TS2304: [0mCannot find name 'dto'.

[7m1656[0m     if (!dto.firstDueDate) baseDueDate.setMonth(baseDueDate.getMonth() + 1)
[7m    [0m [91m         ~~~[0m
[96msrc/modules/application/application.service.ts[0m:[93m1670[0m:[93m24[0m - [91merror[0m[90m TS2304: [0mCannot find name 'application'.

[7m1670[0m         applicationId: application.id,
[7m    [0m [91m                       ~~~~~~~~~~~[0m
[96msrc/modules/application/application.service.ts[0m:[93m1680[0m:[93m11[0m - [91merror[0m[90m TS2304: [0mCannot find name 'tx'.

[7m1680[0m     await tx.repaymentPlan.createMany({ data: plans })
[7m    [0m [91m          ~~[0m
[96msrc/modules/application/application.service.ts[0m:[93m1682[0m:[93m1[0m - [91merror[0m[90m TS1128: [0mDeclaration or statement expected.

[7m1682[0m }
[7m    [0m [91m~[0m
[96msrc/modules/auth/auth.controller.ts[0m:[93m12[0m:[93m4[0m - [91merror[0m[90m TS2304: [0mCannot find name 'Public'.

[7m12[0m   @Public()
[7m  [0m [91m   ~~~~~~[0m
[96msrc/modules/crawler/crawler.controller.ts[0m:[93m13[0m:[93m33[0m - [91merror[0m[90m TS2304: [0mCannot find name 'Logger'.

[7m13[0m   private readonly logger = new Logger(CrawlerController.name)
[7m  [0m [91m                                ~~~~~~[0m
[96msrc/modules/crawler/crawler.controller.ts[0m:[93m20[0m:[93m11[0m - [91merror[0m[90m TS2339: [0mProperty 'user' does not exist on type 'RequestUser'.

[7m20[0m       req.user.tenantId,
[7m  [0m [91m          ~~~~[0m
[96msrc/modules/crawler/crawler.controller.ts[0m:[93m36[0m:[93m13[0m - [91merror[0m[90m TS2339: [0mProperty 'user' does not exist on type 'RequestUser'.

[7m36[0m         req.user.tenantId,
[7m  [0m [91m            ~~~~[0m
[96msrc/modules/crawler/crawler.service.ts[0m:[93m312[0m:[93m80[0m - [91merror[0m[90m TS18046: [0m'error' is of type 'unknown'.

[7m312[0m               `章节 "${chapter.title}" 下载失败 (第 ${retryCount}/${maxRetries} 次): ${error.message}`
[7m   [0m [91m                                                                               ~~~~~[0m
[96msrc/modules/crawler/crawler.service.ts[0m:[93m586[0m:[93m45[0m - [91merror[0m[90m TS18046: [0m'e' is of type 'unknown'.

[7m586[0m       this.logger.error(`获取章节内容失败 ${url}: ${e.message}`)
[7m   [0m [91m                                            ~[0m
[96msrc/modules/db-ops/db-ops.controller.ts[0m:[93m3[0m:[93m30[0m - [91merror[0m[90m TS2307: [0mCannot find module '../auth/jwt-auth.guard' or its corresponding type declarations.

[7m3[0m import { JwtAuthGuard } from '../auth/jwt-auth.guard'
[7m [0m [91m                             ~~~~~~~~~~~~~~~~~~~~~~~~[0m
[96msrc/modules/db-ops/db-ops.service.ts[0m:[93m104[0m:[93m40[0m - [91merror[0m[90m TS18046: [0m'e' is of type 'unknown'.

[7m104[0m       this.logger.error(`${name} 失败: ${e.message}`)
[7m   [0m [91m                                       ~[0m
[96msrc/modules/db-ops/db-ops.service.ts[0m:[93m105[0m:[93m61[0m - [91merror[0m[90m TS18046: [0m'e' is of type 'unknown'.

[7m105[0m       throw new InternalServerErrorException(`${name} 失败: ${e.message}`)
[7m   [0m [91m                                                            ~[0m
[96msrc/modules/db-ops/db-ops.service.ts[0m:[93m126[0m:[93m41[0m - [91merror[0m[90m TS18046: [0m'e' is of type 'unknown'.

[7m126[0m       const stderr = execError.stderr ? e.stderr.toString().trim() : ''
[7m   [0m [91m                                        ~[0m
[96msrc/modules/dept/dept.service.ts[0m:[93m32[0m:[93m16[0m - [91merror[0m[90m TS2345: [0mArgument of type '(item: { managerId?: number; }) => number | undefined' is not assignable to parameter of type '(value: unknown, index: number, array: unknown[]) => number | undefined'.
  Types of parameters 'item' and 'value' are incompatible.
    Type 'unknown' is not assignable to type '{ managerId?: number | undefined; }'.

[7m32[0m           .map((item: { managerId?: number }) => item.managerId)
[7m  [0m [91m               ~~~~~~~~~~~~~~~~~~~~~~~~~~~~~~~~~~~~~~~~~~~~~~~~[0m
[96msrc/modules/dept/dept.service.ts[0m:[93m46[0m:[93m33[0m - [91merror[0m[90m TS2345: [0mArgument of type '(item: { managerId?: number; [key: string]: unknown; }) => { managerName: string; managerPhone: string; managerId?: number; }' is not assignable to parameter of type '(value: unknown, index: number, array: unknown[]) => { managerName: string; managerPhone: string; managerId?: number | undefined; }'.
  Types of parameters 'item' and 'value' are incompatible.
    Type 'unknown' is not assignable to type '{ [key: string]: unknown; managerId?: number | undefined; }'.

[7m46[0m       records: page.records.map((item: { managerId?: number; [key: string]: unknown }) => {
[7m  [0m [91m                                ~~~~~~~~~~~~~~~~~~~~~~~~~~~~~~~~~~~~~~~~~~~~~~~~~~~~~~~~~~~[0m
[96msrc/modules/lead/lead.service.ts[0m:[93m42[0m:[93m48[0m - [91merror[0m[90m TS2503: [0mCannot find namespace 'Prisma'.

[7m42[0m     return this.prisma.$transaction(async (tx: Prisma.TransactionClient) => {
[7m  [0m [91m                                               ~~~~~~[0m
[96msrc/modules/menus/menus.service.ts[0m:[93m193[0m:[93m61[0m - [91merror[0m[90m TS2694: [0mNamespace '"D:/zygProject/GitHub/saas-project/saas-api/node_modules/.pnpm/@prisma+client@6.19.3_prisma@6.19.3_typescript@5.9.3__typescript@5.9.3/node_modules/.prisma/client/index".Prisma' has no exported member 'Role'.

[7m193[0m       roles: permission.roles.map(({ role }: { role: Prisma.Role }) => role.code)
[7m   [0m [91m                                                            ~~~~[0m
[96msrc/modules/mobile-business/mobile-business.service.ts[0m:[93m5[0m:[93m10[0m - [91merror[0m[90m TS2300: [0mDuplicate identifier 'Prisma'.

[7m5[0m import { Prisma } from '@prisma/client'
[7m [0m [91m         ~~~~~~[0m
[96msrc/modules/mobile-business/mobile-business.service.ts[0m:[93m6[0m:[93m37[0m - [91merror[0m[90m TS2300: [0mDuplicate identifier 'Prisma'.

[7m6[0m import { ApplicationStatus, Gender, Prisma } from '@prisma/client'
[7m [0m [91m                                    ~~~~~~[0m
[96msrc/modules/mobile-business/mobile-business.service.ts[0m:[93m709[0m:[93m59[0m - [91merror[0m[90m TS2345: [0mArgument of type 'unknown' is not assignable to parameter of type 'number'.

[7m709[0m     const current = await this.findLatestDraftApplication(customer.id)
[7m   [0m [91m                                                          ~~~~~~~~~~~[0m
[96msrc/modules/mobile-business/mobile-business.service.ts[0m:[93m721[0m:[93m50[0m - [91merror[0m[90m TS2345: [0mArgument of type 'unknown' is not assignable to parameter of type 'number'.

[7m721[0m     const product = await this.getDefaultProduct(customer.orgId)
[7m   [0m [91m                                                 ~~~~~~~~~~~~~~[0m
[96msrc/modules/mobile-business/mobile-business.service.ts[0m:[93m722[0m:[93m48[0m - [91merror[0m[90m TS2345: [0mArgument of type 'unknown' is not assignable to parameter of type 'number'.

[7m722[0m     const funder = await this.getDefaultFunder(customer.orgId)
[7m   [0m [91m                                               ~~~~~~~~~~~~~~[0m
[96msrc/modules/mobile-business/mobile-business.service.ts[0m:[93m763[0m:[93m35[0m - [91merror[0m[90m TS2345: [0mArgument of type 'unknown' is not assignable to parameter of type 'string | null | undefined'.

[7m763[0m       idcardFront: this.toFileUrl(customer.idCardFront),
[7m   [0m [91m                                  ~~~~~~~~~~~~~~~~~~~~[0m
[96msrc/modules/mobile-business/mobile-business.service.ts[0m:[93m764[0m:[93m34[0m - [91merror[0m[90m TS2345: [0mArgument of type 'unknown' is not assignable to parameter of type 'string | null | undefined'.

[7m764[0m       idcardBack: this.toFileUrl(customer.idCardBack),
[7m   [0m [91m                                 ~~~~~~~~~~~~~~~~~~~[0m
[96msrc/modules/mobile-business/mobile-business.service.ts[0m:[93m765[0m:[93m39[0m - [91merror[0m[90m TS2345: [0mArgument of type 'unknown' is not assignable to parameter of type 'string | Date | null | undefined'.

[7m765[0m       updateTime: this.formatDateTime(customer.updatedAt)
[7m   [0m [91m                                      ~~~~~~~~~~~~~~~~~~[0m
[96msrc/modules/mobile-business/mobile-business.service.ts[0m:[93m773[0m:[93m37[0m - [91merror[0m[90m TS2345: [0mArgument of type 'unknown' is not assignable to parameter of type 'string | null | undefined'.

[7m773[0m       vehicleImgUrl: this.toFileUrl(vehicle.vehicleImgUrl),
[7m   [0m [91m                                    ~~~~~~~~~~~~~~~~~~~~~[0m
[96msrc/modules/mobile-business/mobile-business.service.ts[0m:[93m782[0m:[93m41[0m - [91merror[0m[90m TS2345: [0mArgument of type 'unknown' is not assignable to parameter of type 'string | Date | null | undefined'.

[7m782[0m       registerDate: this.formatDateOnly(vehicle.registerDate),
[7m   [0m [91m                                        ~~~~~~~~~~~~~~~~~~~~[0m
[96msrc/modules/mobile-business/mobile-business.service.ts[0m:[93m785[0m:[93m38[0m - [91merror[0m[90m TS2345: [0mArgument of type 'unknown' is not assignable to parameter of type 'number | Decimal | null | undefined'.

[7m785[0m       purchasePrice: this.yuanToCent(vehicle.purchasePrice),
[7m   [0m [91m                                     ~~~~~~~~~~~~~~~~~~~~~[0m
[96msrc/modules/mobile-business/mobile-business.service.ts[0m:[93m793[0m:[93m31[0m - [91merror[0m[90m TS2339: [0mProperty 'vehicles' does not exist on type '{}'.

[7m793[0m     const vehicle = customer?.vehicles?.[0] || customer?.vehicles?.at?.(0)
[7m   [0m [91m                              ~~~~~~~~[0m
[96msrc/modules/mobile-business/mobile-business.service.ts[0m:[93m793[0m:[93m58[0m - [91merror[0m[90m TS2339: [0mProperty 'vehicles' does not exist on type '{}'.

[7m793[0m     const vehicle = customer?.vehicles?.[0] || customer?.vehicles?.at?.(0)
[7m   [0m [91m                                                         ~~~~~~~~[0m
[96msrc/modules/mobile-business/mobile-business.service.ts[0m:[93m796[0m:[93m40[0m - [91merror[0m[90m TS2339: [0mProperty 'id' does not exist on type '{}'.

[7m796[0m       uuid: customer ? String(customer.id) : String(application.customerId),
[7m   [0m [91m                                       ~~[0m
[96msrc/modules/mobile-business/mobile-business.service.ts[0m:[93m798[0m:[93m23[0m - [91merror[0m[90m TS2339: [0mProperty 'name' does not exist on type '{}'.

[7m798[0m       name: customer?.name || '',
[7m   [0m [91m                      ~~~~[0m
[96msrc/modules/mobile-business/mobile-business.service.ts[0m:[93m799[0m:[93m24[0m - [91merror[0m[90m TS2339: [0mProperty 'phone' does not exist on type '{}'.

[7m799[0m       phone: customer?.phone || '',
[7m   [0m [91m                       ~~~~~[0m
[96msrc/modules/mobile-business/mobile-business.service.ts[0m:[93m800[0m:[93m36[0m - [91merror[0m[90m TS2345: [0mArgument of type 'unknown' is not assignable to parameter of type 'ApplicationStatus'.

[7m800[0m       status: this.mapCreditStatus(application.status),
[7m   [0m [91m                                   ~~~~~~~~~~~~~~~~~~[0m
[96msrc/modules/mobile-business/mobile-business.service.ts[0m:[93m801[0m:[93m42[0m - [91merror[0m[90m TS2345: [0mArgument of type 'unknown' is not assignable to parameter of type 'ApplicationStatus'.

[7m801[0m       businessNode: this.mapBusinessNode(application.status),
[7m   [0m [91m                                         ~~~~~~~~~~~~~~~~~~[0m
[96msrc/modules/mobile-business/mobile-business.service.ts[0m:[93m802[0m:[93m41[0m - [91merror[0m[90m TS2339: [0mProperty 'name' does not exist on type '{}'.

[7m802[0m       productName: application.product?.name,
[7m   [0m [91m                                        ~~~~[0m
[96msrc/modules/mobile-business/mobile-business.service.ts[0m:[93m814[0m:[93m39[0m - [91merror[0m[90m TS2345: [0mArgument of type 'unknown' is not assignable to parameter of type 'string | Date | null | undefined'.

[7m814[0m       createTime: this.formatDateTime(application.createdAt),
[7m   [0m [91m                                      ~~~~~~~~~~~~~~~~~~~~~[0m
[96msrc/modules/mobile-business/mobile-business.service.ts[0m:[93m815[0m:[93m39[0m - [91merror[0m[90m TS2345: [0mArgument of type 'unknown' is not assignable to parameter of type 'string | Date | null | undefined'.

[7m815[0m       updateTime: this.formatDateTime(application.updatedAt),
[7m   [0m [91m                                      ~~~~~~~~~~~~~~~~~~~~~[0m
[96msrc/modules/mobile-business/mobile-business.service.ts[0m:[93m818[0m:[93m64[0m - [91merror[0m[90m TS18046: [0m'customer' is of type 'unknown'.

[7m818[0m             vehicle: vehicle ? this.mapVehicle(vehicle, String(customer.id)) : undefined,
[7m   [0m [91m                                                               ~~~~~~~~[0m
[96msrc/modules/mobile-business/mobile-business.service.ts[0m:[93m819[0m:[93m51[0m - [91merror[0m[90m TS2345: [0mArgument of type '{}' is not assignable to parameter of type 'Record<string, unknown>'.
  Index signature for type 'string' is missing in type '{}'.

[7m819[0m             customer: customer ? this.mapCustomer(customer) : undefined
[7m   [0m [91m                                                  ~~~~~~~~[0m
[96msrc/modules/mobile-business/mobile-business.service.ts[0m:[93m828[0m:[93m9[0m - [91merror[0m[90m TS2322: [0mType 'unknown' is not assignable to type 'number'.

[7m828[0m         orgId: customer.orgId,
[7m   [0m [91m        ~~~~~[0m

  [96msrc/modules/mobile-business/mobile-business.service.ts[0m:[93m885[0m:[93m5[0m
    [7m885[0m     orgId: number
    [7m   [0m [96m    ~~~~~[0m
    The expected type comes from property 'orgId' which is declared here on type '{ orgId: number; businessType: string; businessId: number; categoryCode: string; categoryName: string; upload?: MobileUploadResult | undefined; reference?: string | undefined; user: RequestUser; }'
[96msrc/modules/mobile-business/mobile-business.service.ts[0m:[93m830[0m:[93m9[0m - [91merror[0m[90m TS2322: [0mType 'unknown' is not assignable to type 'number'.

[7m830[0m         businessId: customer.id,
[7m   [0m [91m        ~~~~~~~~~~[0m

  [96msrc/modules/mobile-business/mobile-business.service.ts[0m:[93m887[0m:[93m5[0m
    [7m887[0m     businessId: number
    [7m   [0m [96m    ~~~~~~~~~~[0m
    The expected type comes from property 'businessId' which is declared here on type '{ orgId: number; businessType: string; businessId: number; categoryCode: string; categoryName: string; upload?: MobileUploadResult | undefined; reference?: string | undefined; user: RequestUser; }'
[96msrc/modules/mobile-business/mobile-business.service.ts[0m:[93m839[0m:[93m9[0m - [91merror[0m[90m TS2322: [0mType 'unknown' is not assignable to type 'number'.

[7m839[0m         orgId: customer.orgId,
[7m   [0m [91m        ~~~~~[0m

  [96msrc/modules/mobile-business/mobile-business.service.ts[0m:[93m885[0m:[93m5[0m
    [7m885[0m     orgId: number
    [7m   [0m [96m    ~~~~~[0m
    The expected type comes from property 'orgId' which is declared here on type '{ orgId: number; businessType: string; businessId: number; categoryCode: string; categoryName: string; upload?: MobileUploadResult | undefined; reference?: string | undefined; user: RequestUser; }'
[96msrc/modules/mobile-business/mobile-business.service.ts[0m:[93m841[0m:[93m9[0m - [91merror[0m[90m TS2322: [0mType 'unknown' is not assignable to type 'number'.

[7m841[0m         businessId: customer.id,
[7m   [0m [91m        ~~~~~~~~~~[0m

  [96msrc/modules/mobile-business/mobile-business.service.ts[0m:[93m887[0m:[93m5[0m
    [7m887[0m     businessId: number
    [7m   [0m [96m    ~~~~~~~~~~[0m
    The expected type comes from property 'businessId' which is declared here on type '{ orgId: number; businessType: string; businessId: number; categoryCode: string; categoryName: string; upload?: MobileUploadResult | undefined; reference?: string | undefined; user: RequestUser; }'
[96msrc/modules/mobile-business/mobile-business.service.ts[0m:[93m920[0m:[93m32[0m - [91merror[0m[90m TS2345: [0mArgument of type 'unknown' is not assignable to parameter of type 'Record<string, unknown>'.

[7m920[0m       return this.mapFileAsset(created)
[7m   [0m [91m                               ~~~~~~~[0m
[96msrc/modules/mobile-business/mobile-business.service.ts[0m:[93m1027[0m:[93m38[0m - [91merror[0m[90m TS2345: [0mArgument of type 'unknown' is not assignable to parameter of type 'string | null | undefined'.

[7m1027[0m     const fileUrl = normalizeFileUrl(file.fileUrl, this.config.get<string>('API_PREFIX', 'saas/api'))
[7m    [0m [91m                                     ~~~~~~~~~~~~[0m
[96msrc/modules/org/org.service.ts[0m:[93m94[0m:[93m22[0m - [91merror[0m[90m TS2304: [0mCannot find name 'getCurrentTenantId'.

[7m94[0m     const tenantId = getCurrentTenantId()
[7m  [0m [91m                     ~~~~~~~~~~~~~~~~~~[0m
[96msrc/modules/org/org.service.ts[0m:[93m103[0m:[93m22[0m - [91merror[0m[90m TS2304: [0mCannot find name 'getCurrentTenantId'.

[7m103[0m     const tenantId = getCurrentTenantId()
[7m   [0m [91m                     ~~~~~~~~~~~~~~~~~~[0m
[96msrc/modules/prisma/prisma.service.ts[0m:[93m94[0m:[93m37[0m - [91merror[0m[90m TS2345: [0mArgument of type 'unknown' is not assignable to parameter of type 'Record<string, unknown> | undefined'.

[7m94[0m               if (!hasTenantInWhere(args?.where)) {
[7m  [0m [91m                                    ~~~~~~~~~~~[0m
[96msrc/modules/prisma/prisma.service.ts[0m:[93m96[0m:[93m32[0m - [91merror[0m[90m TS2698: [0mSpread types may only be created from object types.

[7m96[0m                 args.where = { ...args.where, tenantId }
[7m  [0m [91m                               ~~~~~~~~~~~~~[0m
[96msrc/modules/reading/reading.controller.ts[0m:[93m46[0m:[93m50[0m - [91merror[0m[90m TS2339: [0mProperty 'user' does not exist on type 'RequestUser'.

[7m46[0m     return this.readingService.getCategories(req.user.tenantId, query);
[7m  [0m [91m                                                 ~~~~[0m
[96msrc/modules/reading/reading.controller.ts[0m:[93m52[0m:[93m57[0m - [91merror[0m[90m TS2339: [0mProperty 'user' does not exist on type 'RequestUser'.

[7m52[0m     return this.readingService.getCategoryById(+id, req.user.tenantId);
[7m  [0m [91m                                                        ~~~~[0m
[96msrc/modules/reading/reading.controller.ts[0m:[93m58[0m:[93m51[0m - [91merror[0m[90m TS2339: [0mProperty 'user' does not exist on type 'RequestUser'.

[7m58[0m     return this.readingService.createCategory(req.user.tenantId, dto);
[7m  [0m [91m                                                  ~~~~[0m
[96msrc/modules/reading/reading.controller.ts[0m:[93m64[0m:[93m56[0m - [91merror[0m[90m TS2339: [0mProperty 'user' does not exist on type 'RequestUser'.

[7m64[0m     return this.readingService.updateCategory(+id, req.user.tenantId, dto);
[7m  [0m [91m                                                       ~~~~[0m
[96msrc/modules/reading/reading.controller.ts[0m:[93m70[0m:[93m56[0m - [91merror[0m[90m TS2339: [0mProperty 'user' does not exist on type 'RequestUser'.

[7m70[0m     return this.readingService.deleteCategory(+id, req.user.tenantId);
[7m  [0m [91m                                                       ~~~~[0m
[96msrc/modules/reading/reading.controller.ts[0m:[93m76[0m:[93m62[0m - [91merror[0m[90m TS2339: [0mProperty 'user' does not exist on type 'RequestUser'.

[7m76[0m     return this.readingService.batchUpdateCategoryStatus(req.user.tenantId, dto);
[7m  [0m [91m                                                             ~~~~[0m
[96msrc/modules/reading/reading.controller.ts[0m:[93m84[0m:[93m45[0m - [91merror[0m[90m TS2339: [0mProperty 'user' does not exist on type 'RequestUser'.

[7m84[0m     return this.readingService.getBooks(req.user.tenantId, query);
[7m  [0m [91m                                            ~~~~[0m
[96msrc/modules/reading/reading.controller.ts[0m:[93m90[0m:[93m53[0m - [91merror[0m[90m TS2339: [0mProperty 'user' does not exist on type 'RequestUser'.

[7m90[0m     return this.readingService.getBookById(+id, req.user.tenantId);
[7m  [0m [91m                                                    ~~~~[0m
[96msrc/modules/reading/reading.controller.ts[0m:[93m96[0m:[93m47[0m - [91merror[0m[90m TS2339: [0mProperty 'user' does not exist on type 'RequestUser'.

[7m96[0m     return this.readingService.createBook(req.user.tenantId, dto);
[7m  [0m [91m                                              ~~~~[0m
[96msrc/modules/reading/reading.controller.ts[0m:[93m102[0m:[93m52[0m - [91merror[0m[90m TS2339: [0mProperty 'user' does not exist on type 'RequestUser'.

[7m102[0m     return this.readingService.updateBook(+id, req.user.tenantId, dto);
[7m   [0m [91m                                                   ~~~~[0m
[96msrc/modules/reading/reading.controller.ts[0m:[93m108[0m:[93m52[0m - [91merror[0m[90m TS2339: [0mProperty 'user' does not exist on type 'RequestUser'.

[7m108[0m     return this.readingService.deleteBook(+id, req.user.tenantId);
[7m   [0m [91m                                                   ~~~~[0m
[96msrc/modules/reading/reading.controller.ts[0m:[93m116[0m:[93m48[0m - [91merror[0m[90m TS2339: [0mProperty 'user' does not exist on type 'RequestUser'.

[7m116[0m     return this.readingService.getChapters(req.user.tenantId, query);
[7m   [0m [91m                                               ~~~~[0m
[96msrc/modules/reading/reading.controller.ts[0m:[93m122[0m:[93m52[0m - [91merror[0m[90m TS2339: [0mProperty 'user' does not exist on type 'RequestUser'.

[7m122[0m     return this.readingService.getChaptersLite(req.user.tenantId, +bookId);
[7m   [0m [91m                                                   ~~~~[0m
[96msrc/modules/reading/reading.controller.ts[0m:[93m128[0m:[93m56[0m - [91merror[0m[90m TS2339: [0mProperty 'user' does not exist on type 'RequestUser'.

[7m128[0m     return this.readingService.getChapterById(+id, req.user.tenantId);
[7m   [0m [91m                                                       ~~~~[0m
[96msrc/modules/reading/reading.controller.ts[0m:[93m134[0m:[93m50[0m - [91merror[0m[90m TS2339: [0mProperty 'user' does not exist on type 'RequestUser'.

[7m134[0m     return this.readingService.createChapter(req.user.tenantId, dto);
[7m   [0m [91m                                                 ~~~~[0m
[96msrc/modules/reading/reading.controller.ts[0m:[93m140[0m:[93m55[0m - [91merror[0m[90m TS2339: [0mProperty 'user' does not exist on type 'RequestUser'.

[7m140[0m     return this.readingService.updateChapter(+id, req.user.tenantId, dto);
[7m   [0m [91m                                                      ~~~~[0m
[96msrc/modules/reading/reading.controller.ts[0m:[93m146[0m:[93m55[0m - [91merror[0m[90m TS2339: [0mProperty 'user' does not exist on type 'RequestUser'.

[7m146[0m     return this.readingService.deleteChapter(+id, req.user.tenantId);
[7m   [0m [91m                                                      ~~~~[0m
[96msrc/modules/reading/reading.controller.ts[0m:[93m154[0m:[93m49[0m - [91merror[0m[90m TS2339: [0mProperty 'user' does not exist on type 'RequestUser'.

[7m154[0m     return this.readingService.getBookshelf(req.user.sub, req.user.tenantId);
[7m   [0m [91m                                                ~~~~[0m
[96msrc/modules/reading/reading.controller.ts[0m:[93m154[0m:[93m63[0m - [91merror[0m[90m TS2339: [0mProperty 'user' does not exist on type 'RequestUser'.

[7m154[0m     return this.readingService.getBookshelf(req.user.sub, req.user.tenantId);
[7m   [0m [91m                                                              ~~~~[0m
[96msrc/modules/reading/reading.controller.ts[0m:[93m160[0m:[93m51[0m - [91merror[0m[90m TS2339: [0mProperty 'user' does not exist on type 'RequestUser'.

[7m160[0m     return this.readingService.addToBookshelf(req.user.sub, req.user.tenantId, dto);
[7m   [0m [91m                                                  ~~~~[0m
[96msrc/modules/reading/reading.controller.ts[0m:[93m160[0m:[93m65[0m - [91merror[0m[90m TS2339: [0mProperty 'user' does not exist on type 'RequestUser'.

[7m160[0m     return this.readingService.addToBookshelf(req.user.sub, req.user.tenantId, dto);
[7m   [0m [91m                                                                ~~~~[0m
[96msrc/modules/reading/reading.controller.ts[0m:[93m166[0m:[93m56[0m - [91merror[0m[90m TS2339: [0mProperty 'user' does not exist on type 'RequestUser'.

[7m166[0m     return this.readingService.removeFromBookshelf(req.user.sub, req.user.tenantId, +bookId);
[7m   [0m [91m                                                       ~~~~[0m
[96msrc/modules/reading/reading.controller.ts[0m:[93m166[0m:[93m70[0m - [91merror[0m[90m TS2339: [0mProperty 'user' does not exist on type 'RequestUser'.

[7m166[0m     return this.readingService.removeFromBookshelf(req.user.sub, req.user.tenantId, +bookId);
[7m   [0m [91m                                                                     ~~~~[0m
[96msrc/modules/reading/reading.controller.ts[0m:[93m174[0m:[93m55[0m - [91merror[0m[90m TS2339: [0mProperty 'user' does not exist on type 'RequestUser'.

[7m174[0m     return this.readingService.getReadingProgress(req.user.sub, req.user.tenantId, +bookId);
[7m   [0m [91m                                                      ~~~~[0m
[96msrc/modules/reading/reading.controller.ts[0m:[93m174[0m:[93m69[0m - [91merror[0m[90m TS2339: [0mProperty 'user' does not exist on type 'RequestUser'.

[7m174[0m     return this.readingService.getReadingProgress(req.user.sub, req.user.tenantId, +bookId);
[7m   [0m [91m                                                                    ~~~~[0m
[96msrc/modules/reading/reading.controller.ts[0m:[93m180[0m:[93m56[0m - [91merror[0m[90m TS2339: [0mProperty 'user' does not exist on type 'RequestUser'.

[7m180[0m     return this.readingService.saveReadingProgress(req.user.sub, req.user.tenantId, dto);
[7m   [0m [91m                                                       ~~~~[0m
[96msrc/modules/reading/reading.controller.ts[0m:[93m180[0m:[93m70[0m - [91merror[0m[90m TS2339: [0mProperty 'user' does not exist on type 'RequestUser'.

[7m180[0m     return this.readingService.saveReadingProgress(req.user.sub, req.user.tenantId, dto);
[7m   [0m [91m                                                                     ~~~~[0m
[96msrc/modules/reading/reading.controller.ts[0m:[93m188[0m:[93m47[0m - [91merror[0m[90m TS2339: [0mProperty 'user' does not exist on type 'RequestUser'.

[7m188[0m     return this.readingService.getReviews(req.user.tenantId, query);
[7m   [0m [91m                                              ~~~~[0m
[96msrc/modules/reading/reading.controller.ts[0m:[93m194[0m:[93m49[0m - [91merror[0m[90m TS2339: [0mProperty 'user' does not exist on type 'RequestUser'.

[7m194[0m     return this.readingService.createReview(req.user.sub, req.user.tenantId, dto);
[7m   [0m [91m                                                ~~~~[0m
[96msrc/modules/reading/reading.controller.ts[0m:[93m194[0m:[93m63[0m - [91merror[0m[90m TS2339: [0mProperty 'user' does not exist on type 'RequestUser'.

[7m194[0m     return this.readingService.createReview(req.user.sub, req.user.tenantId, dto);
[7m   [0m [91m                                                              ~~~~[0m
[96msrc/modules/reading/reading.controller.ts[0m:[93m202[0m:[93m50[0m - [91merror[0m[90m TS2339: [0mProperty 'user' does not exist on type 'RequestUser'.

[7m202[0m     return this.readingService.getStatistics(req.user.tenantId);
[7m   [0m [91m                                                 ~~~~[0m
[96msrc/modules/reading/reading.controller.ts[0m:[93m208[0m:[93m48[0m - [91merror[0m[90m TS2339: [0mProperty 'user' does not exist on type 'RequestUser'.

[7m208[0m     return this.readingService.getHotBooks(req.user.tenantId, limit);
[7m   [0m [91m                                               ~~~~[0m
[96msrc/modules/reading/reading.controller.ts[0m:[93m214[0m:[93m54[0m - [91merror[0m[90m TS2339: [0mProperty 'user' does not exist on type 'RequestUser'.

[7m214[0m     return this.readingService.getRecommendBooks(req.user.tenantId, limit);
[7m   [0m [91m                                                     ~~~~[0m
[96msrc/modules/reading/reading.service.ts[0m:[93m80[0m:[93m15[0m - [91merror[0m[90m TS2345: [0mArgument of type 'unknown' is not assignable to parameter of type 'number'.

[7m80[0m       map.set(cat.id, { ...cat, children: [] });
[7m  [0m [91m              ~~~~~~[0m
[96msrc/modules/reading/reading.service.ts[0m:[93m84[0m:[93m28[0m - [91merror[0m[90m TS2345: [0mArgument of type 'unknown' is not assignable to parameter of type 'number'.

[7m84[0m       const node = map.get(cat.id)!;
[7m  [0m [91m                           ~~~~~~[0m
[96msrc/modules/reading/reading.service.ts[0m:[93m85[0m:[93m35[0m - [91merror[0m[90m TS2345: [0mArgument of type '{}' is not assignable to parameter of type 'number'.

[7m85[0m       if (cat.parentId && map.has(cat.parentId)) {
[7m  [0m [91m                                  ~~~~~~~~~~~~[0m
[96msrc/modules/reading/reading.service.ts[0m:[93m86[0m:[93m17[0m - [91merror[0m[90m TS2345: [0mArgument of type '{}' is not assignable to parameter of type 'number'.

[7m86[0m         map.get(cat.parentId)!.children.push(node);
[7m  [0m [91m                ~~~~~~~~~~~~[0m

